2025-07-29 10:27:34,528 - tensorflow - WARNING - From /home/lamin/anaconda3/envs/new-gpu/lib/python3.10/site-packages/tensorflow/python/ops/ctc_ops.py:1465: alias_inplace_add (from tensorflow.python.ops.inplace_ops) is deprecated and will be removed in a future version.
Instructions for updating:
Prefer tf.tensor_scatter_nd_add, which offers the same functionality with well-defined read-write semantics.
2025-07-29 10:27:34,563 - tensorflow - WARNING - From /home/lamin/anaconda3/envs/new-gpu/lib/python3.10/site-packages/tensorflow/python/ops/ctc_ops.py:1448: alias_inplace_update (from tensorflow.python.ops.inplace_ops) is deprecated and will be removed in a future version.
Instructions for updating:
Prefer tf.tensor_scatter_nd_update, which offers the same functionality with well-defined read-write semantics.
2025-07-29 10:27:53,675 - root - INFO - Epoch 0; loss: 184.11485290527344; CER: 1.0416666269302368; WER: 1.0; val_char_f1: 0.006944439373910427; val_loss: 180.89227294921875; val_CER: 0.9932949542999268; val_WER: 1.0; val_val_char_f1: 0.016762446612119675
2025-07-29 10:27:59,229 - root - INFO - Epoch 1; loss: 176.8161163330078; CER: 0.9722222089767456; WER: 1.0; val_char_f1: 0.0347222164273262; val_loss: 178.7511749267578; val_CER: 0.9664750695228577; val_WER: 1.0; val_val_char_f1: 0.022509576752781868
2025-07-29 10:28:02,243 - root - INFO - Epoch 2; loss: 167.04457092285156; CER: 0.9444444179534912; WER: 1.0; val_char_f1: 0.1041666567325592; val_loss: 175.84402465820312; val_CER: 0.9722222089767456; val_WER: 1.0; val_val_char_f1: 0.24473178386688232
2025-07-29 10:28:05,859 - root - INFO - Epoch 3; loss: 154.69659423828125; CER: 0.9513888359069824; WER: 1.0; val_char_f1: 0.3194444477558136; val_loss: 171.45021057128906; val_CER: 0.9640804529190063; val_WER: 1.0; val_val_char_f1: 0.30603447556495667
2025-07-29 10:28:08,710 - root - INFO - Epoch 4; loss: 139.7947540283203; CER: 0.9583333134651184; WER: 1.0; val_char_f1: 0.0972222164273262; val_loss: 165.73622131347656; val_CER: 0.9592912793159485; val_WER: 1.0; val_val_char_f1: 0.3156130313873291
2025-07-29 10:28:12,773 - root - INFO - Epoch 5; loss: 125.49251556396484; CER: 0.9652777910232544; WER: 1.0; val_char_f1: 0.3402777910232544; val_loss: 158.53179931640625; val_CER: 0.9549808502197266; val_WER: 1.0; val_val_char_f1: 0.3285440504550934
2025-07-29 10:28:15,538 - root - INFO - Epoch 6; loss: 111.77210235595703; CER: 0.9583333134651184; WER: 1.0; val_char_f1: 0.1597222089767456; val_loss: 150.3348388671875; val_CER: 0.9583333134651184; val_WER: 1.0; val_val_char_f1: 0.3208812177181244
2025-07-29 10:28:19,547 - root - INFO - Epoch 7; loss: 99.80586242675781; CER: 0.9513888359069824; WER: 1.0; val_char_f1: 0.3472222089767456; val_loss: 141.76248168945312; val_CER: 0.961685836315155; val_WER: 1.0; val_val_char_f1: 0.31752872467041016
2025-07-29 10:28:22,072 - root - INFO - Epoch 8; loss: 87.47295379638672; CER: 0.9513888359069824; WER: 1.0; val_char_f1: 0.3333333432674408; val_loss: 134.35122680664062; val_CER: 0.9626437425613403; val_WER: 1.0; val_val_char_f1: 0.3304597735404968
2025-07-29 10:28:25,038 - root - INFO - Epoch 9; loss: 78.67769622802734; CER: 0.9583333134651184; WER: 1.0; val_char_f1: 0.3541666865348816; val_loss: 129.0735321044922; val_CER: 0.960728108882904; val_WER: 1.0; val_val_char_f1: 0.33381226658821106
2025-07-29 10:28:27,359 - root - INFO - Epoch 10; loss: 70.13155364990234; CER: 0.9583333134651184; WER: 1.0; val_char_f1: 0.3472222089767456; val_loss: 125.28196716308594; val_CER: 0.9683908820152283; val_WER: 1.0; val_val_char_f1: 0.3218390941619873
2025-07-29 10:28:29,683 - root - INFO - Epoch 11; loss: 62.71464920043945; CER: 0.9583333134651184; WER: 1.0; val_char_f1: 0.3541666865348816; val_loss: 121.42951965332031; val_CER: 0.9731799960136414; val_WER: 1.0; val_val_char_f1: 0.32998085021972656
2025-07-29 10:28:31,994 - root - INFO - Epoch 12; loss: 55.24766540527344; CER: 0.9583333134651184; WER: 1.0; val_char_f1: 0.3541666865348816; val_loss: 118.0780258178711; val_CER: 0.9755746126174927; val_WER: 1.0; val_val_char_f1: 0.3386015295982361
2025-07-29 10:28:34,209 - root - INFO - Epoch 13; loss: 46.977989196777344; CER: 0.9513888359069824; WER: 1.0; val_char_f1: 0.3541666865348816; val_loss: 115.09297180175781; val_CER: 0.9765325784683228; val_WER: 1.0; val_val_char_f1: 0.35057470202445984
2025-07-29 10:28:36,873 - root - INFO - Epoch 14; loss: 44.83542251586914; CER: 0.9513888359069824; WER: 1.0; val_char_f1: 0.3402777910232544; val_loss: 111.60675048828125; val_CER: 0.9770114421844482; val_WER: 1.0; val_val_char_f1: 0.3457854390144348
2025-07-29 10:28:39,603 - root - INFO - Epoch 15; loss: 41.96956253051758; CER: 0.9583333134651184; WER: 1.0; val_char_f1: 0.3541666865348816; val_loss: 107.39537811279297; val_CER: 0.9770113825798035; val_WER: 1.0; val_val_char_f1: 0.34530651569366455
2025-07-29 10:28:42,455 - root - INFO - Epoch 16; loss: 40.53326416015625; CER: 0.9513888359069824; WER: 1.0; val_char_f1: 0.3472222089767456; val_loss: 102.9881362915039; val_CER: 0.9770113825798035; val_WER: 1.0; val_val_char_f1: 0.34530651569366455
2025-07-29 10:28:45,150 - root - INFO - Epoch 17; loss: 38.131439208984375; CER: 0.9583333134651184; WER: 1.0; val_char_f1: 0.3472222089767456; val_loss: 97.97745513916016; val_CER: 0.9770114421844482; val_WER: 1.0; val_val_char_f1: 0.3587164878845215
2025-07-29 10:28:48,559 - root - INFO - Epoch 18; loss: 38.33192443847656; CER: 0.9513888359069824; WER: 1.0; val_char_f1: 0.3680555522441864; val_loss: 92.62592315673828; val_CER: 0.976532518863678; val_WER: 1.0; val_val_char_f1: 0.3687739074230194
2025-07-29 10:28:51,531 - root - INFO - Epoch 19; loss: 36.003536224365234; CER: 0.9513888359069824; WER: 1.0; val_char_f1: 0.375; val_loss: 87.17037963867188; val_CER: 0.976532518863678; val_WER: 1.0; val_val_char_f1: 0.36829501390457153
2025-07-29 10:28:54,033 - root - INFO - Epoch 20; loss: 35.890350341796875; CER: 0.9513888359069824; WER: 1.0; val_char_f1: 0.375; val_loss: 81.74063873291016; val_CER: 0.976532518863678; val_WER: 1.0; val_val_char_f1: 0.3754788935184479
2025-07-29 10:28:56,387 - root - INFO - Epoch 21; loss: 35.036842346191406; CER: 0.9583333134651184; WER: 1.0; val_char_f1: 0.3541666865348816; val_loss: 76.60562133789062; val_CER: 0.9770114421844482; val_WER: 1.0; val_val_char_f1: 0.37835249304771423
2025-07-29 10:28:58,679 - root - INFO - Epoch 22; loss: 34.4013557434082; CER: 0.9513888359069824; WER: 1.0; val_char_f1: 0.3541666865348816; val_loss: 71.88770294189453; val_CER: 0.9770113825798035; val_WER: 1.0; val_val_char_f1: 0.3788314163684845
2025-07-29 10:29:00,942 - root - INFO - Epoch 23; loss: 33.578800201416016; CER: 0.9513888359069824; WER: 1.0; val_char_f1: 0.3680555522441864; val_loss: 67.59978485107422; val_CER: 0.9770113229751587; val_WER: 1.0; val_val_char_f1: 0.3826628625392914
2025-07-29 10:29:04,541 - root - INFO - Epoch 24; loss: 33.14992141723633; CER: 0.9513888359069824; WER: 1.0; val_char_f1: 0.3958333432674408; val_loss: 63.98683166503906; val_CER: 0.9755746722221375; val_WER: 1.0; val_val_char_f1: 0.390325665473938
2025-07-29 10:29:07,673 - root - INFO - Epoch 25; loss: 32.21596908569336; CER: 0.9513888359069824; WER: 1.0; val_char_f1: 0.4166666567325592; val_loss: 60.94566345214844; val_CER: 0.9789270758628845; val_WER: 1.0; val_val_char_f1: 0.37931033968925476
2025-07-29 10:29:10,145 - root - INFO - Epoch 26; loss: 32.04997634887695; CER: 0.9444444179534912; WER: 1.0; val_char_f1: 0.4027778208255768; val_loss: 58.41087341308594; val_CER: 0.9789271950721741; val_WER: 1.0; val_val_char_f1: 0.3999042212963104
2025-07-29 10:29:12,754 - root - INFO - Epoch 27; loss: 30.9630184173584; CER: 0.9513888359069824; WER: 1.0; val_char_f1: 0.3819444477558136; val_loss: 56.415283203125; val_CER: 0.9789270758628845; val_WER: 1.0; val_val_char_f1: 0.397988498210907
2025-07-29 10:29:15,081 - root - INFO - Epoch 28; loss: 29.991239547729492; CER: 0.9583333134651184; WER: 1.0; val_char_f1: 0.3819444477558136; val_loss: 54.894683837890625; val_CER: 0.9784482717514038; val_WER: 1.0; val_val_char_f1: 0.40708813071250916
2025-07-29 10:29:17,341 - root - INFO - Epoch 29; loss: 29.295494079589844; CER: 0.9583333134651184; WER: 1.0; val_char_f1: 0.375; val_loss: 53.74624252319336; val_CER: 0.9779692888259888; val_WER: 1.0; val_val_char_f1: 0.4190613031387329
2025-07-29 10:29:20,075 - root - INFO - Epoch 30; loss: 29.054859161376953; CER: 0.9583333134651184; WER: 1.0; val_char_f1: 0.375; val_loss: 53.01799392700195; val_CER: 0.97940593957901; val_WER: 1.0; val_val_char_f1: 0.4099617302417755
2025-07-29 10:29:23,807 - root - INFO - Epoch 31; loss: 28.18942642211914; CER: 0.9583333134651184; WER: 1.0; val_char_f1: 0.4652777910232544; val_loss: 52.63685607910156; val_CER: 0.9794061183929443; val_WER: 1.0; val_val_char_f1: 0.415229856967926
2025-07-29 10:29:26,340 - root - INFO - Epoch 32; loss: 27.550601959228516; CER: 0.9513888359069824; WER: 1.0; val_char_f1: 0.3680555522441864; val_loss: 52.48986053466797; val_CER: 0.9813218116760254; val_WER: 1.0; val_val_char_f1: 0.4113984704017639
2025-07-29 10:29:28,747 - root - INFO - Epoch 33; loss: 26.976741790771484; CER: 0.9583333134651184; WER: 1.0; val_char_f1: 0.375; val_loss: 52.524295806884766; val_CER: 0.9832375645637512; val_WER: 1.0; val_val_char_f1: 0.42001914978027344
2025-07-29 10:29:30,924 - root - INFO - Epoch 34; loss: 26.3164005279541; CER: 0.9513888359069824; WER: 1.0; val_char_f1: 0.4027778208255768; val_loss: 52.677947998046875; val_CER: 0.9846742153167725; val_WER: 1.0; val_val_char_f1: 0.4343869686126709
2025-07-29 10:29:34,042 - root - INFO - Epoch 35; loss: 26.055397033691406; CER: 0.9583333134651184; WER: 1.0; val_char_f1: 0.4722222089767456; val_loss: 52.91670227050781; val_CER: 0.9865899682044983; val_WER: 1.0; val_val_char_f1: 0.42720305919647217
2025-07-29 10:29:36,326 - root - INFO - Epoch 36; loss: 25.401155471801758; CER: 0.9583333134651184; WER: 1.0; val_char_f1: 0.3680555522441864; val_loss: 53.27189254760742; val_CER: 0.9899425506591797; val_WER: 1.0; val_val_char_f1: 0.43342912197113037
2025-07-29 10:29:39,223 - root - INFO - Epoch 37; loss: 24.798189163208008; CER: 0.9513888359069824; WER: 1.0; val_char_f1: 0.4861111044883728; val_loss: 53.676212310791016; val_CER: 0.9894635677337646; val_WER: 1.0; val_val_char_f1: 0.43103447556495667
2025-07-29 10:29:41,477 - root - INFO - Epoch 38; loss: 24.46733283996582; CER: 0.9583333134651184; WER: 1.0; val_char_f1: 0.4027778208255768; val_loss: 54.14271545410156; val_CER: 0.9913793206214905; val_WER: 1.0; val_val_char_f1: 0.4468390941619873
2025-07-29 10:29:44,309 - root - INFO - Epoch 39; loss: 24.03608512878418; CER: 0.9513888359069824; WER: 1.0; val_char_f1: 0.4930555522441864; val_loss: 54.57667541503906; val_CER: 0.991858184337616; val_WER: 1.0; val_val_char_f1: 0.4497126340866089
2025-07-29 10:29:47,313 - root - INFO - Epoch 40; loss: 23.7592716217041; CER: 0.9583333134651184; WER: 1.0; val_char_f1: 0.5; val_loss: 54.973655700683594; val_CER: 0.9942528009414673; val_WER: 1.0; val_val_char_f1: 0.45498085021972656
2025-07-29 10:29:50,093 - root - INFO - Epoch 41; loss: 23.587751388549805; CER: 0.9652777910232544; WER: 1.0; val_char_f1: 0.3611110746860504; val_loss: 55.3336296081543; val_CER: 0.9971264004707336; val_WER: 1.0; val_val_char_f1: 0.42480844259262085
2025-07-29 10:29:52,766 - root - INFO - Epoch 42; loss: 23.09021759033203; CER: 0.9583333134651184; WER: 1.0; val_char_f1: 0.3680555522441864; val_loss: 55.63555145263672; val_CER: 0.9980842471122742; val_WER: 1.0; val_val_char_f1: 0.4559386968612671
2025-07-29 10:29:55,216 - root - INFO - Epoch 43; loss: 22.929868698120117; CER: 0.9583333134651184; WER: 1.0; val_char_f1: 0.4791666567325592; val_loss: 55.88838195800781; val_CER: 0.9985631704330444; val_WER: 1.0; val_val_char_f1: 0.4128352403640747
2025-07-29 10:29:58,386 - root - INFO - Epoch 44; loss: 22.808238983154297; CER: 0.9652777910232544; WER: 1.0; val_char_f1: 0.375; val_loss: 55.98991394042969; val_CER: 0.9985631704330444; val_WER: 1.0; val_val_char_f1: 0.4559386968612671
2025-07-29 10:30:00,959 - root - INFO - Epoch 45; loss: 22.315908432006836; CER: 0.9722222089767456; WER: 1.0; val_char_f1: 0.4652777910232544; val_loss: 56.01713562011719; val_CER: 0.9985631704330444; val_WER: 1.0; val_val_char_f1: 0.46647509932518005
2025-07-29 10:30:03,263 - root - INFO - Epoch 46; loss: 22.041824340820312; CER: 0.9861111044883728; WER: 1.0; val_char_f1: 0.375; val_loss: 55.8889045715332; val_CER: 0.9985631704330444; val_WER: 1.0; val_val_char_f1: 0.4659961760044098
2025-07-29 10:30:05,585 - root - INFO - Epoch 47; loss: 21.817808151245117; CER: 0.9652777910232544; WER: 1.0; val_char_f1: 0.3819444477558136; val_loss: 55.53133010864258; val_CER: 0.9985632300376892; val_WER: 1.0; val_val_char_f1: 0.45162835717201233
2025-07-29 10:30:08,541 - root - INFO - Epoch 48; loss: 21.49751853942871; CER: 1.0; WER: 1.0; val_char_f1: 0.5069444179534912; val_loss: 55.172767639160156; val_CER: 0.9985631704330444; val_WER: 1.0; val_val_char_f1: 0.46264368295669556
2025-07-29 10:30:11,120 - root - INFO - Epoch 49; loss: 21.35521697998047; CER: 1.0; WER: 1.0; val_char_f1: 0.3680555522441864; val_loss: 55.00113296508789; val_CER: 0.9985631704330444; val_WER: 1.0; val_val_char_f1: 0.4698275923728943
2025-07-29 10:30:13,396 - root - INFO - Epoch 50; loss: 21.014577865600586; CER: 1.0; WER: 1.0; val_char_f1: 0.3680555522441864; val_loss: 54.73932647705078; val_CER: 0.9985631704330444; val_WER: 1.0; val_val_char_f1: 0.4573754668235779
2025-07-29 10:30:16,242 - root - INFO - Epoch 51; loss: 20.649822235107422; CER: 1.0; WER: 1.0; val_char_f1: 0.5347222089767456; val_loss: 54.66133117675781; val_CER: 0.9985631704330444; val_WER: 1.0; val_val_char_f1: 0.4545019268989563
2025-07-29 10:30:18,521 - root - INFO - Epoch 52; loss: 20.354284286499023; CER: 1.0; WER: 1.0; val_char_f1: 0.3958333432674408; val_loss: 54.706382751464844; val_CER: 0.9985631704330444; val_WER: 1.0; val_val_char_f1: 0.49185824394226074
2025-07-29 10:30:20,816 - root - INFO - Epoch 53; loss: 20.193572998046875; CER: 1.0; WER: 1.0; val_char_f1: 0.3680555522441864; val_loss: 54.86501693725586; val_CER: 0.9985631704330444; val_WER: 1.0; val_val_char_f1: 0.4573754668235779
2025-07-29 10:30:23,075 - root - INFO - Epoch 54; loss: 19.84765625; CER: 1.0; WER: 1.0; val_char_f1: 0.3958333432674408; val_loss: 55.4112663269043; val_CER: 0.9985631704330444; val_WER: 1.0; val_val_char_f1: 0.5028735399246216
2025-07-29 10:30:25,333 - root - INFO - Epoch 55; loss: 19.735090255737305; CER: 1.0; WER: 1.0; val_char_f1: 0.5069444179534912; val_loss: 56.21990203857422; val_CER: 0.9985631704330444; val_WER: 1.0; val_val_char_f1: 0.44252872467041016
2025-07-29 10:30:27,554 - root - INFO - Epoch 56; loss: 19.55133628845215; CER: 1.0; WER: 1.0; val_char_f1: 0.375; val_loss: 57.19538116455078; val_CER: 0.9985631704330444; val_WER: 1.0; val_val_char_f1: 0.44492337107658386
2025-07-29 10:30:30,161 - root - INFO - Epoch 57; loss: 19.16191864013672; CER: 1.0; WER: 1.0; val_char_f1: 0.3888888657093048; val_loss: 58.52088928222656; val_CER: 0.9985631704330444; val_WER: 1.0; val_val_char_f1: 0.4506705105304718
2025-07-29 10:30:32,860 - root - INFO - Epoch 58; loss: 19.373231887817383; CER: 1.0; WER: 1.0; val_char_f1: 0.3819444477558136; val_loss: 60.20321273803711; val_CER: 0.9985632300376892; val_WER: 1.0; val_val_char_f1: 0.4683907926082611
2025-07-29 10:30:35,952 - root - INFO - Epoch 59; loss: 18.63031005859375; CER: 1.0; WER: 1.0; val_char_f1: 0.375; val_loss: 61.987388610839844; val_CER: 0.9985631704330444; val_WER: 1.0; val_val_char_f1: 0.4291187822818756
2025-07-29 10:30:39,026 - root - INFO - Epoch 60; loss: 18.386005401611328; CER: 1.0; WER: 1.0; val_char_f1: 0.375; val_loss: 63.85171127319336; val_CER: 0.9985631704330444; val_WER: 1.0; val_val_char_f1: 0.44636014103889465
2025-07-29 10:30:42,115 - root - INFO - Epoch 61; loss: 18.2916259765625; CER: 1.0; WER: 1.0; val_char_f1: 0.3611110746860504; val_loss: 65.21754455566406; val_CER: 0.9985631704330444; val_WER: 1.0; val_val_char_f1: 0.4492337107658386
2025-07-29 10:30:45,019 - root - INFO - Epoch 62; loss: 18.170820236206055; CER: 1.0; WER: 1.0; val_char_f1: 0.3958333432674408; val_loss: 66.38481140136719; val_CER: 0.9985631704330444; val_WER: 1.0; val_val_char_f1: 0.4367816150188446
2025-07-29 10:30:47,918 - root - INFO - Epoch 63; loss: 18.07707405090332; CER: 1.0; WER: 1.0; val_char_f1: 0.375; val_loss: 67.09019470214844; val_CER: 0.9985631704330444; val_WER: 1.0; val_val_char_f1: 0.4746168851852417
2025-07-29 10:30:50,955 - root - INFO - Epoch 64; loss: 17.813817977905273; CER: 1.0; WER: 1.0; val_char_f1: 0.4722222089767456; val_loss: 67.45702362060547; val_CER: 0.9985631704330444; val_WER: 1.0; val_val_char_f1: 0.4295977056026459
2025-07-29 10:30:54,064 - root - INFO - Epoch 65; loss: 17.71306610107422; CER: 1.0; WER: 1.0; val_char_f1: 0.5277777910232544; val_loss: 67.33798217773438; val_CER: 0.9985631704330444; val_WER: 1.0; val_val_char_f1: 0.46024903655052185
2025-07-29 10:30:57,006 - root - INFO - Epoch 66; loss: 17.241918563842773; CER: 1.0; WER: 1.0; val_char_f1: 0.4652777910232544; val_loss: 67.31372833251953; val_CER: 0.9985631704330444; val_WER: 1.0; val_val_char_f1: 0.4521072804927826
2025-07-29 10:31:03,812 - tf2onnx.tfonnx - INFO - Using tensorflow=2.10.0, onnx=1.12.0, tf2onnx=1.14.0/8f8d49
2025-07-29 10:31:03,813 - tf2onnx.tfonnx - INFO - Using opset <onnx, 15>
2025-07-29 10:31:04,282 - tf2onnx.tf_utils - INFO - Computed 0 values for constant folding
2025-07-29 10:31:04,287 - tf2onnx.tf_utils - INFO - Computed 0 values for constant folding
2025-07-29 10:31:04,289 - tf2onnx.tf_utils - INFO - Computed 0 values for constant folding
2025-07-29 10:31:04,293 - tf2onnx.tf_utils - INFO - Computed 0 values for constant folding
2025-07-29 10:31:04,295 - tf2onnx.tf_utils - INFO - Computed 0 values for constant folding
2025-07-29 10:31:04,296 - tf2onnx.tf_utils - INFO - Computed 0 values for constant folding
2025-07-29 10:31:04,298 - tf2onnx.tf_utils - INFO - Computed 0 values for constant folding
2025-07-29 10:31:04,303 - tf2onnx.tf_utils - INFO - Computed 0 values for constant folding
2025-07-29 10:31:04,552 - tf2onnx.tf_utils - INFO - Computed 2 values for constant folding
2025-07-29 10:31:04,889 - tf2onnx.tfonnx - INFO - folding node using tf type=StridedSlice, name=model/bidirectional/forward_lstm/PartitionedCall/strided_slice
2025-07-29 10:31:04,889 - tf2onnx.tfonnx - INFO - folding node using tf type=StridedSlice, name=model/bidirectional/backward_lstm/PartitionedCall/strided_slice
2025-07-29 10:31:05,917 - tf2onnx.optimizer - INFO - Optimizing ONNX model
2025-07-29 10:31:07,617 - tf2onnx.optimizer.EinsumOptimizer - INFO - replacing einsum node 'model/multi_head_attention/key/einsum/Einsum' by its decomposed version, name of the last node 'Identity__839'.
2025-07-29 10:31:07,897 - tf2onnx.optimizer.EinsumOptimizer - INFO - replacing einsum node 'model/multi_head_attention/einsum/Einsum' by its decomposed version, name of the last node 'Identity__897'.
2025-07-29 10:31:07,903 - tf2onnx.optimizer.EinsumOptimizer - INFO - replacing einsum node 'model/multi_head_attention/value/einsum/Einsum' by its decomposed version, name of the last node 'Identity__936'.
2025-07-29 10:31:07,908 - tf2onnx.optimizer.EinsumOptimizer - INFO - replacing einsum node 'model/multi_head_attention/query/einsum/Einsum' by its decomposed version, name of the last node 'Identity__975'.
2025-07-29 10:31:08,155 - tf2onnx.optimizer.EinsumOptimizer - INFO - replacing einsum node 'model/multi_head_attention/einsum_1/Einsum' by its decomposed version, name of the last node 'Identity__1034'.
2025-07-29 10:31:09,538 - tf2onnx.optimizer - INFO - After optimization: BatchNormalization -29 (29->0), Cast -24 (32->8), Concat -8 (26->18), Const -276 (403->127), Einsum -5 (6->1), Expand -6 (8->2), Gather +15 (4->19), Gemm +3 (0->3), GlobalAveragePool +6 (0->6), Identity -2 (2->0), MatMul +2 (14->16), Max +2 (0->2), ReduceMean -6 (6->0), Reshape +11 (11->22), Shape -1 (13->12), Slice -9 (15->6), Transpose -102 (122->20), Unsqueeze -48 (55->7)
