2025-07-31 19:56:16,160 - DataProvider - INFO - Skipping Dataset validation...
2025-07-31 19:56:17,359 - tensorflow - WARNING - From /home/lamin/anaconda3/envs/new-gpu/lib/python3.10/site-packages/tensorflow/python/ops/ctc_ops.py:1465: alias_inplace_add (from tensorflow.python.ops.inplace_ops) is deprecated and will be removed in a future version.
Instructions for updating:
Prefer tf.tensor_scatter_nd_add, which offers the same functionality with well-defined read-write semantics.
2025-07-31 19:56:17,409 - tensorflow - WARNING - From /home/lamin/anaconda3/envs/new-gpu/lib/python3.10/site-packages/tensorflow/python/ops/ctc_ops.py:1448: alias_inplace_update (from tensorflow.python.ops.inplace_ops) is deprecated and will be removed in a future version.
Instructions for updating:
Prefer tf.tensor_scatter_nd_update, which offers the same functionality with well-defined read-write semantics.
2025-07-31 19:56:27,825 - root - INFO - Epoch 0; loss: 185.4364471435547; CER: 0.8571428656578064; WER: 1.0; char_f1: 0.0; val_loss: 171.63275146484375; val_CER: 0.7142857313156128; val_WER: 1.0; val_char_f1: 0.1428571343421936
2025-07-31 19:56:29,987 - root - INFO - Epoch 1; loss: 171.06878662109375; CER: 1.0; WER: 1.0; char_f1: 0.0; val_loss: 171.0037384033203; val_CER: 0.7142857313156128; val_WER: 1.0; val_char_f1: 0.1428571343421936
2025-07-31 19:56:30,952 - root - INFO - Epoch 2; loss: 157.9635009765625; CER: 0.8571428656578064; WER: 1.0; char_f1: 0.0; val_loss: 165.4845428466797; val_CER: 1.0; val_WER: 1.0; val_char_f1: 0.1428571343421936
2025-07-31 19:56:31,902 - root - INFO - Epoch 3; loss: 146.63357543945312; CER: 0.8571428656578064; WER: 1.0; char_f1: 0.2857142984867096; val_loss: 158.7028045654297; val_CER: 0.8571428656578064; val_WER: 1.0; val_char_f1: 0.1428571343421936
2025-07-31 19:56:32,821 - root - INFO - Epoch 4; loss: 136.1826934814453; CER: 1.0; WER: 1.0; char_f1: 0.2857142984867096; val_loss: 151.9683074951172; val_CER: 0.8571428656578064; val_WER: 1.0; val_char_f1: 0.1428571343421936
2025-07-31 19:56:33,750 - root - INFO - Epoch 5; loss: 126.60781860351562; CER: 1.0; WER: 1.0; char_f1: 0.2857142984867096; val_loss: 144.65817260742188; val_CER: 0.8571428656578064; val_WER: 1.0; val_char_f1: 0.1428571343421936
2025-07-31 19:56:34,710 - root - INFO - Epoch 6; loss: 117.33845520019531; CER: 1.0; WER: 1.0; char_f1: 0.2857142984867096; val_loss: 136.34617614746094; val_CER: 1.0; val_WER: 1.0; val_char_f1: 0.1428571343421936
2025-07-31 19:56:35,640 - root - INFO - Epoch 7; loss: 108.2160873413086; CER: 1.0; WER: 1.0; char_f1: 0.2857142984867096; val_loss: 127.06758117675781; val_CER: 1.0; val_WER: 1.0; val_char_f1: 0.1428571343421936
2025-07-31 19:56:36,574 - root - INFO - Epoch 8; loss: 99.45634460449219; CER: 1.0; WER: 1.0; char_f1: 0.2857142984867096; val_loss: 116.41873168945312; val_CER: 1.0; val_WER: 1.0; val_char_f1: 0.1428571343421936
2025-07-31 19:56:37,707 - root - INFO - Epoch 9; loss: 91.03559875488281; CER: 1.0; WER: 1.0; char_f1: 0.2857142984867096; val_loss: 104.54322052001953; val_CER: 1.0; val_WER: 1.0; val_char_f1: 0.1428571343421936
2025-07-31 19:56:38,661 - root - INFO - Epoch 10; loss: 82.75564575195312; CER: 1.0; WER: 1.0; char_f1: 0.2857142984867096; val_loss: 92.61933898925781; val_CER: 1.0; val_WER: 1.0; val_char_f1: 0.1428571343421936
2025-07-31 19:56:39,710 - root - INFO - Epoch 11; loss: 74.99784851074219; CER: 1.0; WER: 1.0; char_f1: 0.2857142984867096; val_loss: 82.74240112304688; val_CER: 1.0; val_WER: 1.0; val_char_f1: 0.1428571343421936
2025-07-31 19:56:40,830 - root - INFO - Epoch 12; loss: 67.8193359375; CER: 1.0; WER: 1.0; char_f1: 0.2857142984867096; val_loss: 74.00361633300781; val_CER: 1.0; val_WER: 1.0; val_char_f1: 0.1428571343421936
2025-07-31 19:56:42,319 - root - INFO - Epoch 13; loss: 61.218563079833984; CER: 1.0; WER: 1.0; char_f1: 0.2857142984867096; val_loss: 66.2261962890625; val_CER: 1.0; val_WER: 1.0; val_char_f1: 0.1428571343421936
2025-07-31 19:56:43,610 - root - INFO - Epoch 14; loss: 55.140357971191406; CER: 1.0; WER: 1.0; char_f1: 0.2857142984867096; val_loss: 59.772586822509766; val_CER: 1.0; val_WER: 1.0; val_char_f1: 0.1428571343421936
2025-07-31 19:56:44,967 - root - INFO - Epoch 15; loss: 49.69473648071289; CER: 1.0; WER: 1.0; char_f1: 0.2857142984867096; val_loss: 54.629032135009766; val_CER: 1.0; val_WER: 1.0; val_char_f1: 0.1428571343421936
2025-07-31 19:56:47,463 - tf2onnx.tfonnx - INFO - Using tensorflow=2.10.0, onnx=1.12.0, tf2onnx=1.14.0/8f8d49
2025-07-31 19:56:47,463 - tf2onnx.tfonnx - INFO - Using opset <onnx, 15>
2025-07-31 19:56:47,608 - tf2onnx.tf_utils - INFO - Computed 0 values for constant folding
2025-07-31 19:56:47,613 - tf2onnx.tf_utils - INFO - Computed 0 values for constant folding
2025-07-31 19:56:47,615 - tf2onnx.tf_utils - INFO - Computed 0 values for constant folding
2025-07-31 19:56:47,617 - tf2onnx.tf_utils - INFO - Computed 0 values for constant folding
2025-07-31 19:56:47,621 - tf2onnx.tf_utils - INFO - Computed 0 values for constant folding
2025-07-31 19:56:47,623 - tf2onnx.tf_utils - INFO - Computed 0 values for constant folding
2025-07-31 19:56:47,628 - tf2onnx.tf_utils - INFO - Computed 0 values for constant folding
2025-07-31 19:56:47,630 - tf2onnx.tf_utils - INFO - Computed 0 values for constant folding
2025-07-31 19:56:47,681 - tf2onnx.tf_utils - INFO - Computed 2 values for constant folding
2025-07-31 19:56:47,777 - tf2onnx.tfonnx - INFO - folding node using tf type=StridedSlice, name=model/bidirectional/forward_lstm/PartitionedCall/strided_slice
2025-07-31 19:56:47,777 - tf2onnx.tfonnx - INFO - folding node using tf type=StridedSlice, name=model/bidirectional/backward_lstm/PartitionedCall/strided_slice
2025-07-31 19:56:48,001 - tf2onnx.optimizer - INFO - Optimizing ONNX model
2025-07-31 19:56:49,233 - tf2onnx.optimizer - INFO - After optimization: BatchNormalization -29 (29->0), Cast -15 (24->9), Concat -12 (21->9), Const -227 (317->90), Expand -6 (8->2), Gather +1 (4->5), GlobalAveragePool +2 (0->2), Identity -2 (2->0), ReduceMean -2 (2->0), ReduceProd -2 (4->2), Reshape +1 (7->8), Shape -5 (9->4), Slice -5 (11->6), Squeeze -5 (11->6), Transpose -117 (122->5), Unsqueeze -35 (39->4)
2025-07-31 19:57:03,990 - root - INFO - Epoch 0; loss: 50.589500427246094; CER: 0.9898905158042908; WER: 1.0; char_f1: 0.009279470890760422; val_loss: 26.08829689025879; val_CER: 0.996100127696991; val_WER: 1.0; val_char_f1: 0.0
2025-07-31 19:57:19,486 - root - INFO - Epoch 1; loss: 25.73497772216797; CER: 0.9958746433258057; WER: 1.0; char_f1: 0.0; val_loss: 24.379175186157227; val_CER: 0.996100127696991; val_WER: 1.0; val_char_f1: 0.0
2025-07-31 19:57:33,104 - root - INFO - Epoch 2; loss: 24.963855743408203; CER: 0.9958746433258057; WER: 1.0; char_f1: 0.0; val_loss: 23.860946655273438; val_CER: 0.9961001873016357; val_WER: 1.0; val_char_f1: 0.0
2025-07-31 19:57:46,149 - root - INFO - Epoch 3; loss: 24.497194290161133; CER: 0.9958745837211609; WER: 1.0; char_f1: 0.0; val_loss: 23.490581512451172; val_CER: 0.9961001873016357; val_WER: 1.0; val_char_f1: 0.0
2025-07-31 19:57:58,127 - root - INFO - Epoch 4; loss: 24.046363830566406; CER: 0.9958745837211609; WER: 1.0; char_f1: 0.0; val_loss: 23.097230911254883; val_CER: 0.9961001873016357; val_WER: 1.0; val_char_f1: 0.0
2025-07-31 19:58:12,733 - root - INFO - Epoch 5; loss: 23.57703399658203; CER: 0.9958745837211609; WER: 1.0; char_f1: 0.0; val_loss: 22.49649429321289; val_CER: 0.9961001873016357; val_WER: 1.0; val_char_f1: 0.0
2025-07-31 19:58:24,695 - root - INFO - Epoch 6; loss: 22.89006996154785; CER: 0.9958745837211609; WER: 1.0; char_f1: 0.0051855845376849174; val_loss: 21.769285202026367; val_CER: 0.996100127696991; val_WER: 1.0; val_char_f1: 0.0033519500866532326
2025-07-31 19:58:37,151 - root - INFO - Epoch 7; loss: 22.149429321289062; CER: 0.9958745837211609; WER: 1.0; char_f1: 0.0043668076395988464; val_loss: 21.08252716064453; val_CER: 0.9961001873016357; val_WER: 1.0; val_char_f1: 0.0033519500866532326
2025-07-31 19:58:53,085 - root - INFO - Epoch 8; loss: 21.634164810180664; CER: 0.9958746433258057; WER: 1.0; char_f1: 0.006277287378907204; val_loss: 20.945785522460938; val_CER: 0.996100127696991; val_WER: 1.0; val_char_f1: 0.005586586892604828
2025-07-31 19:59:07,177 - root - INFO - Epoch 9; loss: 21.399330139160156; CER: 0.9958746433258057; WER: 1.0; char_f1: 0.006004362367093563; val_loss: 20.751895904541016; val_CER: 0.996100127696991; val_WER: 1.0; val_char_f1: 0.008938541635870934
2025-07-31 19:59:19,450 - root - INFO - Epoch 10; loss: 21.171855926513672; CER: 0.9958745837211609; WER: 1.0; char_f1: 0.006823138799518347; val_loss: 20.675996780395508; val_CER: 0.9961000680923462; val_WER: 1.0; val_char_f1: 0.0033519500866532326
2025-07-31 19:59:31,821 - root - INFO - Epoch 11; loss: 20.838340759277344; CER: 0.9958746433258057; WER: 1.0; char_f1: 0.009006544947624207; val_loss: 20.62091636657715; val_CER: 0.9961001873016357; val_WER: 1.0; val_char_f1: 0.012290498241782188
2025-07-31 19:59:43,229 - root - INFO - Epoch 12; loss: 20.6820125579834; CER: 0.9953875541687012; WER: 1.0; char_f1: 0.009825322777032852; val_loss: 20.221080780029297; val_CER: 0.9961001873016357; val_WER: 1.0; val_char_f1: 0.012290498241782188
2025-07-31 19:59:54,595 - root - INFO - Epoch 13; loss: 20.330821990966797; CER: 0.9958745837211609; WER: 1.0; char_f1: 0.01173580251634121; val_loss: 20.036170959472656; val_CER: 0.9961001873016357; val_WER: 1.0; val_char_f1: 0.014525134116411209
2025-07-31 20:00:05,960 - root - INFO - Epoch 14; loss: 20.04572296142578; CER: 0.9956581592559814; WER: 1.0; char_f1: 0.012554580345749855; val_loss: 19.914794921875; val_CER: 0.996100127696991; val_WER: 1.0; val_char_f1: 0.014525134116411209
2025-07-31 20:00:17,304 - root - INFO - Epoch 15; loss: 19.87726402282715; CER: 0.9942896366119385; WER: 1.0; char_f1: 0.01173580251634121; val_loss: 20.890602111816406; val_CER: 0.9961001873016357; val_WER: 1.0; val_char_f1: 0.013407815247774124
2025-07-31 20:00:29,584 - root - INFO - Epoch 16; loss: 19.706682205200195; CER: 0.9955653548240662; WER: 1.0; char_f1: 0.013646281324326992; val_loss: 19.760229110717773; val_CER: 0.9950225949287415; val_WER: 1.0; val_char_f1: 0.012290498241782188
2025-07-31 20:00:41,100 - root - INFO - Epoch 17; loss: 19.401700973510742; CER: 0.9952709674835205; WER: 1.0; char_f1: 0.017740171402692795; val_loss: 20.159086227416992; val_CER: 0.9961001873016357; val_WER: 1.0; val_char_f1: 0.017877090722322464
2025-07-31 20:00:53,574 - root - INFO - Epoch 18; loss: 19.433284759521484; CER: 0.9936714768409729; WER: 1.0; char_f1: 0.015010911971330643; val_loss: 19.80310821533203; val_CER: 0.9934318661689758; val_WER: 1.0; val_char_f1: 0.020111728459596634
2025-07-31 20:01:05,648 - root - INFO - Epoch 19; loss: 18.907638549804688; CER: 0.9951891899108887; WER: 1.0; char_f1: 0.018286023288965225; val_loss: 19.62922477722168; val_CER: 0.9961001873016357; val_WER: 1.0; val_char_f1: 0.01899440959095955
2025-07-31 20:01:20,097 - root - INFO - Epoch 20; loss: 18.845577239990234; CER: 0.9897794127464294; WER: 1.0; char_f1: 0.019104797393083572; val_loss: 19.553142547607422; val_CER: 0.9789613485336304; val_WER: 1.0; val_char_f1: 0.013407815247774124
2025-07-31 20:01:33,735 - root - INFO - Epoch 21; loss: 18.660295486450195; CER: 0.9830182194709778; WER: 1.0; char_f1: 0.019377723336219788; val_loss: 20.3131160736084; val_CER: 0.9907122850418091; val_WER: 1.0; val_char_f1: 0.011173179373145103
2025-07-31 20:01:46,208 - root - INFO - Epoch 22; loss: 18.54871940612793; CER: 0.9828476309776306; WER: 1.0; char_f1: 0.019923575222492218; val_loss: 19.515640258789062; val_CER: 0.9821428656578064; val_WER: 1.0; val_char_f1: 0.017877090722322464
2025-07-31 20:01:58,511 - root - INFO - Epoch 23; loss: 18.384485244750977; CER: 0.9849989414215088; WER: 1.0; char_f1: 0.018286023288965225; val_loss: 20.245023727416992; val_CER: 0.9729103446006775; val_WER: 1.0; val_char_f1: 0.01899440959095955
2025-07-31 20:02:10,452 - root - INFO - Epoch 24; loss: 18.46412467956543; CER: 0.9563713073730469; WER: 1.0; char_f1: 0.02046942710876465; val_loss: 19.928489685058594; val_CER: 0.9626949429512024; val_WER: 1.0; val_char_f1: 0.02122904732823372
2025-07-31 20:02:22,128 - root - INFO - Epoch 25; loss: 18.15066146850586; CER: 0.9659972786903381; WER: 1.0; char_f1: 0.0231986865401268; val_loss: 19.583694458007812; val_CER: 0.9541768431663513; val_WER: 1.0; val_char_f1: 0.020111728459596634
2025-07-31 20:02:33,592 - root - INFO - Epoch 26; loss: 17.868732452392578; CER: 0.9481370449066162; WER: 1.0; char_f1: 0.02374453842639923; val_loss: 19.5255184173584; val_CER: 0.9527913331985474; val_WER: 1.0; val_char_f1: 0.01675977185368538
2025-07-31 20:02:45,716 - root - INFO - Epoch 27; loss: 17.663097381591797; CER: 0.9516566395759583; WER: 1.0; char_f1: 0.023471612483263016; val_loss: 19.63031768798828; val_CER: 0.956849217414856; val_WER: 1.0; val_char_f1: 0.01899440959095955
2025-07-31 20:02:57,502 - root - INFO - Epoch 28; loss: 17.49104881286621; CER: 0.9293224811553955; WER: 1.0; char_f1: 0.025927942246198654; val_loss: 19.642532348632812; val_CER: 0.9431997537612915; val_WER: 1.0; val_char_f1: 0.01899440959095955
2025-07-31 20:03:08,292 - root - INFO - Epoch 29; loss: 17.401151657104492; CER: 0.9565215110778809; WER: 1.0; char_f1: 0.02456331066787243; val_loss: 19.377168655395508; val_CER: 0.9399054050445557; val_WER: 1.0; val_char_f1: 0.013407815247774124
2025-07-31 20:03:19,481 - root - INFO - Epoch 30; loss: 17.11826515197754; CER: 0.921999454498291; WER: 1.0; char_f1: 0.029203053563833237; val_loss: 19.71721839904785; val_CER: 0.9398130774497986; val_WER: 1.0; val_char_f1: 0.01675977185368538
2025-07-31 20:03:33,050 - root - INFO - Epoch 31; loss: 17.240808486938477; CER: 0.9159306287765503; WER: 1.0; char_f1: 0.02729257009923458; val_loss: 19.833539962768555; val_CER: 0.9187744855880737; val_WER: 1.0; val_char_f1: 0.015642452985048294
2025-07-31 20:03:48,016 - root - INFO - Epoch 32; loss: 17.289772033691406; CER: 0.9023662805557251; WER: 1.0; char_f1: 0.0267467200756073; val_loss: 20.185836791992188; val_CER: 0.9274464845657349; val_WER: 1.0; val_char_f1: 0.022346362471580505
2025-07-31 20:03:59,149 - root - INFO - Epoch 33; loss: 17.910499572753906; CER: 0.9087496399879456; WER: 1.0; char_f1: 0.02456331066787243; val_loss: 20.033039093017578; val_CER: 0.9344622492790222; val_WER: 1.0; val_char_f1: 0.015642452985048294
2025-07-31 20:04:10,601 - root - INFO - Epoch 34; loss: 17.530900955200195; CER: 0.9144980907440186; WER: 1.0; char_f1: 0.02783842571079731; val_loss: 21.70101547241211; val_CER: 0.9270319938659668; val_WER: 1.0; val_char_f1: 0.010055860504508018
2025-07-31 20:04:22,101 - root - INFO - Epoch 35; loss: 17.762008666992188; CER: 0.9113085865974426; WER: 1.0; char_f1: 0.02783842571079731; val_loss: 19.61284637451172; val_CER: 0.912715494632721; val_WER: 1.0; val_char_f1: 0.015642452985048294
2025-07-31 20:04:33,853 - root - INFO - Epoch 36; loss: 17.293689727783203; CER: 0.9127959609031677; WER: 1.0; char_f1: 0.02838427573442459; val_loss: 19.80596160888672; val_CER: 0.918158769607544; val_WER: 1.0; val_char_f1: 0.013407815247774124
2025-07-31 20:04:45,141 - root - INFO - Epoch 37; loss: 17.143308639526367; CER: 0.9034595489501953; WER: 1.0; char_f1: 0.02783842571079731; val_loss: 19.625041961669922; val_CER: 0.916106104850769; val_WER: 1.0; val_char_f1: 0.029050275683403015
2025-07-31 20:04:56,709 - root - INFO - Epoch 38; loss: 16.852378845214844; CER: 0.8990806341171265; WER: 1.0; char_f1: 0.029475979506969452; val_loss: 20.091630935668945; val_CER: 0.929652988910675; val_WER: 1.0; val_char_f1: 0.01899440959095955
2025-07-31 20:05:08,331 - root - INFO - Epoch 39; loss: 16.502302169799805; CER: 0.8917169570922852; WER: 1.0; char_f1: 0.03138645738363266; val_loss: 20.281124114990234; val_CER: 0.9242650866508484; val_WER: 1.0; val_char_f1: 0.02346368134021759
2025-07-31 20:05:20,271 - root - INFO - Epoch 40; loss: 16.248615264892578; CER: 0.8847084641456604; WER: 1.0; char_f1: 0.03302401304244995; val_loss: 20.44219398498535; val_CER: 0.9285240769386292; val_WER: 1.0; val_char_f1: 0.017877090722322464
2025-07-31 20:05:32,225 - root - INFO - Epoch 41; loss: 16.03170394897461; CER: 0.8904756903648376; WER: 1.0; char_f1: 0.03302401304244995; val_loss: 20.367286682128906; val_CER: 0.939860463142395; val_WER: 1.0; val_char_f1: 0.017877090722322464
2025-07-31 20:05:43,825 - root - INFO - Epoch 42; loss: 15.829976081848145; CER: 0.8814139366149902; WER: 1.0; char_f1: 0.03438863903284073; val_loss: 20.662723541259766; val_CER: 0.9224650263786316; val_WER: 1.0; val_char_f1: 0.014525134116411209
2025-07-31 20:05:57,062 - root - INFO - Epoch 43; loss: 15.627253532409668; CER: 0.8876349925994873; WER: 1.0; char_f1: 0.03411571681499481; val_loss: 20.695589065551758; val_CER: 0.9260057806968689; val_WER: 1.0; val_char_f1: 0.013407815247774124
2025-07-31 20:06:10,728 - root - INFO - Epoch 44; loss: 15.424571990966797; CER: 0.8888658881187439; WER: 1.0; char_f1: 0.036299124360084534; val_loss: 20.87645721435547; val_CER: 0.9347803592681885; val_WER: 1.0; val_char_f1: 0.02346368134021759
2025-07-31 20:06:25,109 - root - INFO - Epoch 45; loss: 15.44791030883789; CER: 0.883060097694397; WER: 1.0; char_f1: 0.03493449091911316; val_loss: 21.1693172454834; val_CER: 0.936375081539154; val_WER: 1.0; val_char_f1: 0.015642452985048294
2025-07-31 20:06:43,050 - root - INFO - Epoch 46; loss: 15.300788879394531; CER: 0.8833563923835754; WER: 1.0; char_f1: 0.036299124360084534; val_loss: 20.92367935180664; val_CER: 0.9407327771186829; val_WER: 1.0; val_char_f1: 0.017877090722322464
2025-07-31 20:06:58,857 - root - INFO - Epoch 47; loss: 15.375340461730957; CER: 0.9032696485519409; WER: 1.0; char_f1: 0.03466156870126724; val_loss: 21.385271072387695; val_CER: 0.9354475140571594; val_WER: 1.0; val_char_f1: 0.020111728459596634
2025-07-31 20:07:12,697 - root - INFO - Epoch 48; loss: 15.167378425598145; CER: 0.894214928150177; WER: 1.0; char_f1: 0.03466156870126724; val_loss: 21.244773864746094; val_CER: 0.9138957262039185; val_WER: 1.0; val_char_f1: 0.01675977185368538
2025-07-31 20:07:26,455 - root - INFO - Epoch 49; loss: 15.1343355178833; CER: 0.9049170613288879; WER: 1.0; char_f1: 0.03520742058753967; val_loss: 21.430702209472656; val_CER: 0.9337581396102905; val_WER: 1.0; val_char_f1: 0.022346362471580505
2025-07-31 20:07:42,428 - root - INFO - Epoch 50; loss: 14.77239990234375; CER: 0.8874217867851257; WER: 1.0; char_f1: 0.03466156870126724; val_loss: 21.637834548950195; val_CER: 0.936832845211029; val_WER: 1.0; val_char_f1: 0.014525134116411209
2025-07-31 20:07:56,469 - root - INFO - Epoch 51; loss: 14.457508087158203; CER: 0.8881909847259521; WER: 1.0; char_f1: 0.03902837634086609; val_loss: 21.804100036621094; val_CER: 0.953048050403595; val_WER: 1.0; val_char_f1: 0.017877090722322464
2025-07-31 20:08:11,421 - root - INFO - Epoch 52; loss: 14.247537612915039; CER: 0.9052203893661499; WER: 1.0; char_f1: 0.03902837634086609; val_loss: 21.6450138092041; val_CER: 0.9417630434036255; val_WER: 1.0; val_char_f1: 0.012290498241782188
2025-07-31 20:08:13,993 - tf2onnx.tfonnx - INFO - Using tensorflow=2.10.0, onnx=1.12.0, tf2onnx=1.14.0/8f8d49
2025-07-31 20:08:13,993 - tf2onnx.tfonnx - INFO - Using opset <onnx, 15>
2025-07-31 20:08:14,158 - tf2onnx.tf_utils - INFO - Computed 0 values for constant folding
2025-07-31 20:08:14,164 - tf2onnx.tf_utils - INFO - Computed 0 values for constant folding
2025-07-31 20:08:14,169 - tf2onnx.tf_utils - INFO - Computed 0 values for constant folding
2025-07-31 20:08:14,171 - tf2onnx.tf_utils - INFO - Computed 0 values for constant folding
2025-07-31 20:08:14,173 - tf2onnx.tf_utils - INFO - Computed 0 values for constant folding
2025-07-31 20:08:14,175 - tf2onnx.tf_utils - INFO - Computed 0 values for constant folding
2025-07-31 20:08:14,177 - tf2onnx.tf_utils - INFO - Computed 0 values for constant folding
2025-07-31 20:08:14,182 - tf2onnx.tf_utils - INFO - Computed 0 values for constant folding
2025-07-31 20:08:14,233 - tf2onnx.tf_utils - INFO - Computed 2 values for constant folding
2025-07-31 20:08:14,367 - tf2onnx.tfonnx - INFO - folding node using tf type=StridedSlice, name=model/bidirectional/forward_lstm/PartitionedCall/strided_slice
2025-07-31 20:08:14,367 - tf2onnx.tfonnx - INFO - folding node using tf type=StridedSlice, name=model/bidirectional/backward_lstm/PartitionedCall/strided_slice
2025-07-31 20:08:14,581 - tf2onnx.optimizer - INFO - Optimizing ONNX model
2025-07-31 20:08:15,511 - tf2onnx.optimizer - INFO - After optimization: BatchNormalization -29 (29->0), Cast -15 (24->9), Concat -12 (21->9), Const -227 (317->90), Expand -6 (8->2), Gather +1 (4->5), GlobalAveragePool +2 (0->2), Identity -2 (2->0), ReduceMean -2 (2->0), ReduceProd -2 (4->2), Reshape +1 (7->8), Shape -5 (9->4), Slice -5 (11->6), Squeeze -5 (11->6), Transpose -117 (122->5), Unsqueeze -35 (39->4)
