2025-07-31 17:33:42,992 - DataProvider - INFO - Skipping Dataset validation...
2025-07-31 17:33:44,789 - tensorflow - WARNING - From /home/lamin/anaconda3/envs/new-gpu/lib/python3.10/site-packages/tensorflow/python/ops/ctc_ops.py:1465: alias_inplace_add (from tensorflow.python.ops.inplace_ops) is deprecated and will be removed in a future version.
Instructions for updating:
Prefer tf.tensor_scatter_nd_add, which offers the same functionality with well-defined read-write semantics.
2025-07-31 17:33:44,856 - tensorflow - WARNING - From /home/lamin/anaconda3/envs/new-gpu/lib/python3.10/site-packages/tensorflow/python/ops/ctc_ops.py:1448: alias_inplace_update (from tensorflow.python.ops.inplace_ops) is deprecated and will be removed in a future version.
Instructions for updating:
Prefer tf.tensor_scatter_nd_update, which offers the same functionality with well-defined read-write semantics.
2025-07-31 17:33:58,424 - root - INFO - Epoch 0; loss: 184.01988220214844; CER: 1.2857142686843872; WER: 1.0; char_f1: 0.0; val_loss: 180.80935668945312; val_CER: 1.1428571939468384; val_WER: 1.0; val_char_f1: 0.0
2025-07-31 17:34:01,278 - root - INFO - Epoch 1; loss: 176.54624938964844; CER: 1.0; WER: 1.0; char_f1: 0.0; val_loss: 181.85997009277344; val_CER: 2.857142925262451; val_WER: 1.0; val_char_f1: 0.0
2025-07-31 17:34:02,158 - root - INFO - Epoch 2; loss: 168.3922882080078; CER: 1.0; WER: 1.0; char_f1: 0.0; val_loss: 181.8978729248047; val_CER: 1.7142857313156128; val_WER: 1.0; val_char_f1: 0.0
2025-07-31 17:34:03,010 - root - INFO - Epoch 3; loss: 161.383056640625; CER: 0.8571428656578064; WER: 1.0; char_f1: 0.2857142984867096; val_loss: 179.83033752441406; val_CER: 1.7142857313156128; val_WER: 1.0; val_char_f1: 0.0
2025-07-31 17:34:03,844 - root - INFO - Epoch 4; loss: 153.9952392578125; CER: 0.7142857313156128; WER: 1.0; char_f1: 0.2857142984867096; val_loss: 176.31402587890625; val_CER: 1.1428571939468384; val_WER: 1.0; val_char_f1: 0.0
2025-07-31 17:34:05,157 - root - INFO - Epoch 5; loss: 145.54769897460938; CER: 0.8571428656578064; WER: 1.0; char_f1: 0.2857142984867096; val_loss: 173.457763671875; val_CER: 1.0; val_WER: 1.0; val_char_f1: 0.1428571343421936
2025-07-31 17:34:05,941 - root - INFO - Epoch 6; loss: 135.39788818359375; CER: 1.0; WER: 1.0; char_f1: 0.2857142984867096; val_loss: 169.0266571044922; val_CER: 1.0; val_WER: 1.0; val_char_f1: 0.1428571343421936
2025-07-31 17:34:06,732 - root - INFO - Epoch 7; loss: 123.45025634765625; CER: 1.0; WER: 1.0; char_f1: 0.2857142984867096; val_loss: 163.04627990722656; val_CER: 1.1428571939468384; val_WER: 1.0; val_char_f1: 0.1428571343421936
2025-07-31 17:34:07,673 - root - INFO - Epoch 8; loss: 109.6172103881836; CER: 0.8571428656578064; WER: 1.0; char_f1: 0.2857142984867096; val_loss: 154.74913024902344; val_CER: 0.8571428656578064; val_WER: 1.0; val_char_f1: 0.1428571343421936
2025-07-31 17:34:08,456 - root - INFO - Epoch 9; loss: 95.45248413085938; CER: 0.8571428656578064; WER: 1.0; char_f1: 0.2857142984867096; val_loss: 142.74766540527344; val_CER: 0.8571428656578064; val_WER: 1.0; val_char_f1: 0.1428571343421936
2025-07-31 17:34:09,223 - root - INFO - Epoch 10; loss: 80.45037078857422; CER: 0.8571428656578064; WER: 1.0; char_f1: 0.2857142984867096; val_loss: 122.05459594726562; val_CER: 1.0; val_WER: 1.0; val_char_f1: 0.1428571343421936
2025-07-31 17:34:09,986 - root - INFO - Epoch 11; loss: 65.18526458740234; CER: 1.0; WER: 1.0; char_f1: 0.2857142984867096; val_loss: 86.42431640625; val_CER: 1.0; val_WER: 1.0; val_char_f1: 0.1428571343421936
2025-07-31 17:34:10,746 - root - INFO - Epoch 12; loss: 51.34090042114258; CER: 1.0; WER: 1.0; char_f1: 0.2857142984867096; val_loss: 58.03646469116211; val_CER: 1.0; val_WER: 1.0; val_char_f1: 0.1428571343421936
2025-07-31 17:34:11,491 - root - INFO - Epoch 13; loss: 41.448368072509766; CER: 1.0; WER: 1.0; char_f1: 0.2857142984867096; val_loss: 49.333126068115234; val_CER: 1.0; val_WER: 1.0; val_char_f1: 0.1428571343421936
2025-07-31 17:34:12,237 - root - INFO - Epoch 14; loss: 36.13536834716797; CER: 1.0; WER: 1.0; char_f1: 0.2857142984867096; val_loss: 46.73509216308594; val_CER: 1.0; val_WER: 1.0; val_char_f1: 0.1428571343421936
2025-07-31 17:34:12,980 - root - INFO - Epoch 15; loss: 34.048301696777344; CER: 1.0; WER: 1.0; char_f1: 0.2857142984867096; val_loss: 47.492759704589844; val_CER: 1.0; val_WER: 1.0; val_char_f1: 0.1428571343421936
2025-07-31 17:34:13,760 - root - INFO - Epoch 16; loss: 34.03537368774414; CER: 1.0; WER: 1.0; char_f1: 0.2857142984867096; val_loss: 49.466758728027344; val_CER: 1.0; val_WER: 1.0; val_char_f1: 0.1428571343421936
2025-07-31 17:34:14,489 - root - INFO - Epoch 17; loss: 34.27819061279297; CER: 1.0; WER: 1.0; char_f1: 0.2857142984867096; val_loss: 49.259490966796875; val_CER: 1.0; val_WER: 1.0; val_char_f1: 0.1428571343421936
2025-07-31 17:34:15,268 - root - INFO - Epoch 18; loss: 33.945068359375; CER: 1.0; WER: 1.0; char_f1: 0.2857142984867096; val_loss: 49.43277359008789; val_CER: 1.0; val_WER: 1.0; val_char_f1: 0.1428571343421936
2025-07-31 17:34:16,042 - root - INFO - Epoch 19; loss: 32.71714401245117; CER: 1.0; WER: 1.0; char_f1: 0.2857142984867096; val_loss: 48.45976638793945; val_CER: 1.0; val_WER: 1.0; val_char_f1: 0.1428571343421936
2025-07-31 17:34:16,793 - root - INFO - Epoch 20; loss: 30.907297134399414; CER: 1.0; WER: 1.0; char_f1: 0.2857142984867096; val_loss: 48.10106658935547; val_CER: 1.0; val_WER: 1.0; val_char_f1: 0.1428571343421936
2025-07-31 17:34:19,158 - tf2onnx.tfonnx - INFO - Using tensorflow=2.10.0, onnx=1.12.0, tf2onnx=1.14.0/8f8d49
2025-07-31 17:34:19,158 - tf2onnx.tfonnx - INFO - Using opset <onnx, 15>
2025-07-31 17:34:19,302 - tf2onnx.tf_utils - INFO - Computed 0 values for constant folding
2025-07-31 17:34:19,304 - tf2onnx.tf_utils - INFO - Computed 0 values for constant folding
2025-07-31 17:34:19,307 - tf2onnx.tf_utils - INFO - Computed 0 values for constant folding
2025-07-31 17:34:19,313 - tf2onnx.tf_utils - INFO - Computed 0 values for constant folding
2025-07-31 17:34:19,315 - tf2onnx.tf_utils - INFO - Computed 0 values for constant folding
2025-07-31 17:34:19,317 - tf2onnx.tf_utils - INFO - Computed 0 values for constant folding
2025-07-31 17:34:19,322 - tf2onnx.tf_utils - INFO - Computed 0 values for constant folding
2025-07-31 17:34:19,327 - tf2onnx.tf_utils - INFO - Computed 0 values for constant folding
2025-07-31 17:34:19,446 - tf2onnx.tf_utils - INFO - Computed 2 values for constant folding
2025-07-31 17:34:19,555 - tf2onnx.tfonnx - INFO - folding node using tf type=StridedSlice, name=model/bidirectional/forward_lstm/PartitionedCall/strided_slice
2025-07-31 17:34:19,555 - tf2onnx.tfonnx - INFO - folding node using tf type=StridedSlice, name=model/bidirectional/backward_lstm/PartitionedCall/strided_slice
2025-07-31 17:34:19,764 - tf2onnx.optimizer - INFO - Optimizing ONNX model
2025-07-31 17:34:20,523 - tf2onnx.optimizer.EinsumOptimizer - INFO - replacing einsum node 'model/multi_head_attention/attention_output/einsum/Einsum' by its decomposed version, name of the last node 'Identity__761'.
2025-07-31 17:34:20,855 - tf2onnx.optimizer.EinsumOptimizer - INFO - replacing einsum node 'model/multi_head_attention/query/einsum/Einsum' by its decomposed version, name of the last node 'Identity__800'.
2025-07-31 17:34:21,143 - tf2onnx.optimizer.EinsumOptimizer - INFO - replacing einsum node 'model/multi_head_attention/einsum_1/Einsum' by its decomposed version, name of the last node 'Identity__859'.
2025-07-31 17:34:21,375 - tf2onnx.optimizer.EinsumOptimizer - INFO - replacing einsum node 'model/multi_head_attention/einsum/Einsum' by its decomposed version, name of the last node 'Identity__917'.
2025-07-31 17:34:21,383 - tf2onnx.optimizer.EinsumOptimizer - INFO - replacing einsum node 'model/multi_head_attention/value/einsum/Einsum' by its decomposed version, name of the last node 'Identity__956'.
2025-07-31 17:34:21,388 - tf2onnx.optimizer.EinsumOptimizer - INFO - replacing einsum node 'model/multi_head_attention/key/einsum/Einsum' by its decomposed version, name of the last node 'Identity__995'.
2025-07-31 17:34:22,249 - tf2onnx.optimizer - INFO - After optimization: BatchNormalization -29 (29->0), Cast -16 (24->8), Concat -1 (22->21), Const -218 (327->109), Einsum -6 (6->0), Expand -6 (8->2), Gather +19 (4->23), Gemm +4 (0->4), GlobalAveragePool +2 (0->2), Identity -2 (2->0), MatMul +2 (6->8), Max +2 (0->2), ReduceMean -2 (2->0), ReduceProd +2 (4->6), Reshape +14 (7->21), Shape +5 (9->14), Slice -5 (11->6), Squeeze +1 (11->12), Transpose -110 (122->12), Unsqueeze -31 (39->8)
2025-07-31 17:34:31,579 - root - INFO - Epoch 0; loss: 46.803916931152344; CER: 0.9905235171318054; WER: 1.0; char_f1: 0.006004362367093563; val_loss: 25.89017105102539; val_CER: 0.996100127696991; val_WER: 1.0; val_char_f1: 0.0
2025-07-31 17:34:37,271 - root - INFO - Epoch 1; loss: 25.626602172851562; CER: 0.9958745837211609; WER: 1.0; char_f1: 0.0; val_loss: 24.09825897216797; val_CER: 0.996100127696991; val_WER: 1.0; val_char_f1: 0.0
2025-07-31 17:34:43,053 - root - INFO - Epoch 2; loss: 24.519628524780273; CER: 0.9958746433258057; WER: 1.0; char_f1: 0.0; val_loss: 23.361600875854492; val_CER: 0.9961001873016357; val_WER: 1.0; val_char_f1: 0.0
2025-07-31 17:34:48,806 - root - INFO - Epoch 3; loss: 23.932170867919922; CER: 0.9958746433258057; WER: 1.0; char_f1: 0.0; val_loss: 22.81039810180664; val_CER: 0.9961000680923462; val_WER: 1.0; val_char_f1: 0.0
2025-07-31 17:34:54,563 - root - INFO - Epoch 4; loss: 23.371925354003906; CER: 0.9958746433258057; WER: 1.0; char_f1: 0.0; val_loss: 22.33613395690918; val_CER: 0.996100127696991; val_WER: 1.0; val_char_f1: 0.0
2025-07-31 17:35:00,273 - root - INFO - Epoch 5; loss: 22.926956176757812; CER: 0.9958745837211609; WER: 1.0; char_f1: 0.0; val_loss: 22.10898780822754; val_CER: 0.9961001873016357; val_WER: 1.0; val_char_f1: 0.0
2025-07-31 17:35:06,148 - root - INFO - Epoch 6; loss: 22.613191604614258; CER: 0.9958745837211609; WER: 1.0; char_f1: 0.0; val_loss: 22.217390060424805; val_CER: 0.9961001873016357; val_WER: 1.0; val_char_f1: 0.0
2025-07-31 17:35:12,203 - root - INFO - Epoch 7; loss: 22.235410690307617; CER: 0.9958745837211609; WER: 1.0; char_f1: 0.0008187722996808589; val_loss: 21.791357040405273; val_CER: 0.996100127696991; val_WER: 1.0; val_char_f1: 0.002234631683677435
2025-07-31 17:35:18,147 - root - INFO - Epoch 8; loss: 21.753738403320312; CER: 0.9958746433258057; WER: 1.0; char_f1: 0.006004362367093563; val_loss: 21.24747657775879; val_CER: 0.9961001873016357; val_WER: 1.0; val_char_f1: 0.005586586892604828
2025-07-31 17:35:23,925 - root - INFO - Epoch 9; loss: 21.442352294921875; CER: 0.9958746433258057; WER: 1.0; char_f1: 0.004639732651412487; val_loss: 21.24736976623535; val_CER: 0.996100127696991; val_WER: 1.0; val_char_f1: 0.0033519500866532326
2025-07-31 17:35:29,736 - root - INFO - Epoch 10; loss: 21.27068328857422; CER: 0.9958745241165161; WER: 1.0; char_f1: 0.0051855845376849174; val_loss: 20.682266235351562; val_CER: 0.9961001873016357; val_WER: 1.0; val_char_f1: 0.005586586892604828
2025-07-31 17:35:35,450 - root - INFO - Epoch 11; loss: 20.979021072387695; CER: 0.9939420223236084; WER: 1.0; char_f1: 0.003820955753326416; val_loss: 20.961057662963867; val_CER: 0.9780377149581909; val_WER: 1.0; val_char_f1: 0.0044692689552903175
2025-07-31 17:35:41,242 - root - INFO - Epoch 12; loss: 20.898529052734375; CER: 0.9792640805244446; WER: 1.0; char_f1: 0.003820955753326416; val_loss: 20.64798355102539; val_CER: 0.9537702798843384; val_WER: 1.0; val_char_f1: 0.005586586892604828
2025-07-31 17:35:47,025 - root - INFO - Epoch 13; loss: 20.61339569091797; CER: 0.9577945470809937; WER: 1.0; char_f1: 0.004912658594548702; val_loss: 20.743005752563477; val_CER: 0.9501271843910217; val_WER: 1.0; val_char_f1: 0.006703905761241913
2025-07-31 17:35:52,744 - root - INFO - Epoch 14; loss: 20.60561180114746; CER: 0.9547891616821289; WER: 1.0; char_f1: 0.004639732651412487; val_loss: 20.37165641784668; val_CER: 0.9517651200294495; val_WER: 1.0; val_char_f1: 0.002234631683677435
2025-07-31 17:35:58,543 - root - INFO - Epoch 15; loss: 20.51529312133789; CER: 0.9548929929733276; WER: 1.0; char_f1: 0.0051855845376849174; val_loss: 20.62759017944336; val_CER: 0.9559255242347717; val_WER: 1.0; val_char_f1: 0.002234631683677435
2025-07-31 17:36:04,132 - root - INFO - Epoch 16; loss: 20.10573387145996; CER: 0.9502904415130615; WER: 1.0; char_f1: 0.0073689911514520645; val_loss: 20.461450576782227; val_CER: 0.947360098361969; val_WER: 1.0; val_char_f1: 0.0033519500866532326
2025-07-31 17:36:09,962 - root - INFO - Epoch 17; loss: 20.01523780822754; CER: 0.9560179114341736; WER: 1.0; char_f1: 0.0051855845376849174; val_loss: 20.790281295776367; val_CER: 0.9589017033576965; val_WER: 1.0; val_char_f1: 0.0044692689552903175
2025-07-31 17:36:15,619 - root - INFO - Epoch 18; loss: 19.804410934448242; CER: 0.9537699222564697; WER: 1.0; char_f1: 0.0043668076395988464; val_loss: 20.577486038208008; val_CER: 0.9532572627067566; val_WER: 1.0; val_char_f1: 0.005586586892604828
2025-07-31 17:36:21,397 - root - INFO - Epoch 19; loss: 19.879192352294922; CER: 0.9559684991836548; WER: 1.0; char_f1: 0.005731436423957348; val_loss: 20.930395126342773; val_CER: 0.9525861144065857; val_WER: 1.0; val_char_f1: 0.0044692689552903175
2025-07-31 17:36:27,594 - root - INFO - Epoch 20; loss: 19.80716323852539; CER: 0.9537163972854614; WER: 1.0; char_f1: 0.006277287378907204; val_loss: 20.732803344726562; val_CER: 0.9694170355796814; val_WER: 1.0; val_char_f1: 0.0033519500866532326
2025-07-31 17:36:33,694 - root - INFO - Epoch 21; loss: 19.470531463623047; CER: 0.9655479788780212; WER: 1.0; char_f1: 0.005458510480821133; val_loss: 20.273422241210938; val_CER: 0.9579740762710571; val_WER: 1.0; val_char_f1: 0.002234631683677435
2025-07-31 17:36:39,470 - root - INFO - Epoch 22; loss: 19.042272567749023; CER: 0.951872706413269; WER: 1.0; char_f1: 0.008187767118215561; val_loss: 20.375186920166016; val_CER: 0.9610568284988403; val_WER: 1.0; val_char_f1: 0.007821224629878998
2025-07-31 17:36:45,304 - root - INFO - Epoch 23; loss: 18.804080963134766; CER: 0.96137934923172; WER: 1.0; char_f1: 0.006823138799518347; val_loss: 20.368635177612305; val_CER: 0.9663935303688049; val_WER: 1.0; val_char_f1: 0.0044692689552903175
2025-07-31 17:36:51,045 - root - INFO - Epoch 24; loss: 18.870281219482422; CER: 0.961593508720398; WER: 1.0; char_f1: 0.007096065208315849; val_loss: 20.04521942138672; val_CER: 0.9688605070114136; val_WER: 1.0; val_char_f1: 0.0044692689552903175
2025-07-31 17:36:56,734 - root - INFO - Epoch 25; loss: 18.937458038330078; CER: 0.9700724482536316; WER: 1.0; char_f1: 0.009825322777032852; val_loss: 21.40922737121582; val_CER: 0.9675737023353577; val_WER: 1.0; val_char_f1: 0.006703905761241913
2025-07-31 17:37:02,602 - root - INFO - Epoch 26; loss: 19.282604217529297; CER: 0.9559428095817566; WER: 1.0; char_f1: 0.006004362367093563; val_loss: 20.63880729675293; val_CER: 0.9532572031021118; val_WER: 1.0; val_char_f1: 0.005586586892604828
2025-07-31 17:37:08,304 - root - INFO - Epoch 27; loss: 18.843496322631836; CER: 0.9670851826667786; WER: 1.0; char_f1: 0.007641916163265705; val_loss: 20.57047462463379; val_CER: 0.9560794234275818; val_WER: 1.0; val_char_f1: 0.0033519500866532326
2025-07-31 17:37:14,084 - root - INFO - Epoch 28; loss: 18.64716339111328; CER: 0.9680058360099792; WER: 1.0; char_f1: 0.008187767118215561; val_loss: 20.98375701904297; val_CER: 0.9624936580657959; val_WER: 1.0; val_char_f1: 0.006703905761241913
2025-07-31 17:37:19,878 - root - INFO - Epoch 29; loss: 18.892229080200195; CER: 0.9658191800117493; WER: 1.0; char_f1: 0.010917024686932564; val_loss: 20.511449813842773; val_CER: 0.9666500091552734; val_WER: 1.0; val_char_f1: 0.0044692689552903175
2025-07-31 17:37:25,572 - root - INFO - Epoch 30; loss: 18.476619720458984; CER: 0.9632123708724976; WER: 1.0; char_f1: 0.010917024686932564; val_loss: 20.47148895263672; val_CER: 0.9566478133201599; val_WER: 1.0; val_char_f1: 0.006703905761241913
2025-07-31 17:37:31,387 - root - INFO - Epoch 31; loss: 18.347660064697266; CER: 0.959797739982605; WER: 1.0; char_f1: 0.011189951561391354; val_loss: 20.76772689819336; val_CER: 0.9657225012779236; val_WER: 1.0; val_char_f1: 0.008938541635870934
2025-07-31 17:37:37,126 - root - INFO - Epoch 32; loss: 18.273725509643555; CER: 0.9609819054603577; WER: 1.0; char_f1: 0.01173580251634121; val_loss: 21.344934463500977; val_CER: 0.9624975323677063; val_WER: 1.0; val_char_f1: 0.005586586892604828
2025-07-31 17:37:42,888 - root - INFO - Epoch 33; loss: 18.055625915527344; CER: 0.968376874923706; WER: 1.0; char_f1: 0.009825322777032852; val_loss: 20.251134872436523; val_CER: 0.9681382179260254; val_WER: 1.0; val_char_f1: 0.002234631683677435
2025-07-31 17:37:48,598 - root - INFO - Epoch 34; loss: 17.860797882080078; CER: 0.9647114872932434; WER: 1.0; char_f1: 0.010098248720169067; val_loss: 21.006057739257812; val_CER: 0.957563579082489; val_WER: 1.0; val_char_f1: 0.005586586892604828
2025-07-31 17:37:54,421 - root - INFO - Epoch 35; loss: 17.557518005371094; CER: 0.9608553051948547; WER: 1.0; char_f1: 0.01282750628888607; val_loss: 20.456192016601562; val_CER: 0.9667526483535767; val_WER: 1.0; val_char_f1: 0.007821224629878998
2025-07-31 17:38:00,390 - root - INFO - Epoch 36; loss: 17.545917510986328; CER: 0.9648205041885376; WER: 1.0; char_f1: 0.013100432232022285; val_loss: 21.065792083740234; val_CER: 0.9658249616622925; val_WER: 1.0; val_char_f1: 0.0044692689552903175
2025-07-31 17:38:06,168 - root - INFO - Epoch 37; loss: 18.2772216796875; CER: 0.96318519115448; WER: 1.0; char_f1: 0.010917024686932564; val_loss: 20.53714370727539; val_CER: 0.9695749878883362; val_WER: 1.0; val_char_f1: 0.008938541635870934
2025-07-31 17:38:11,847 - root - INFO - Epoch 38; loss: 18.48345947265625; CER: 0.9695141911506653; WER: 1.0; char_f1: 0.009006544947624207; val_loss: 20.539466857910156; val_CER: 0.9761430621147156; val_WER: 1.0; val_char_f1: 0.008938541635870934
2025-07-31 17:38:17,598 - root - INFO - Epoch 39; loss: 18.933717727661133; CER: 0.9783535003662109; WER: 1.0; char_f1: 0.010917024686932564; val_loss: 20.803136825561523; val_CER: 0.9792219400405884; val_WER: 1.0; val_char_f1: 0.0033519500866532326
2025-07-31 17:38:23,357 - root - INFO - Epoch 40; loss: 17.811342239379883; CER: 0.9737420678138733; WER: 1.0; char_f1: 0.014737986028194427; val_loss: 20.011085510253906; val_CER: 0.9671632051467896; val_WER: 1.0; val_char_f1: 0.008938541635870934
2025-07-31 17:38:29,155 - root - INFO - Epoch 41; loss: 17.302135467529297; CER: 0.9754475951194763; WER: 1.0; char_f1: 0.01637554168701172; val_loss: 20.26921272277832; val_CER: 0.9699341058731079; val_WER: 1.0; val_char_f1: 0.013407815247774124
2025-07-31 17:38:34,750 - root - INFO - Epoch 42; loss: 17.415428161621094; CER: 0.9680265188217163; WER: 1.0; char_f1: 0.01746724545955658; val_loss: 20.361251831054688; val_CER: 0.9855808615684509; val_WER: 1.0; val_char_f1: 0.011173179373145103
2025-07-31 17:38:40,595 - root - INFO - Epoch 43; loss: 17.616987228393555; CER: 0.9798402190208435; WER: 1.0; char_f1: 0.016102615743875504; val_loss: 20.157630920410156; val_CER: 0.9835795760154724; val_WER: 1.0; val_char_f1: 0.011173179373145103
2025-07-31 17:38:46,402 - root - INFO - Epoch 44; loss: 17.200284957885742; CER: 0.9783754944801331; WER: 1.0; char_f1: 0.01582968980073929; val_loss: 20.89229393005371; val_CER: 0.9748603105545044; val_WER: 1.0; val_char_f1: 0.020111728459596634
2025-07-31 17:38:52,179 - root - INFO - Epoch 45; loss: 16.867801666259766; CER: 0.9778982996940613; WER: 1.0; char_f1: 0.020196501165628433; val_loss: 21.04050064086914; val_CER: 0.9693657159805298; val_WER: 1.0; val_char_f1: 0.012290498241782188
2025-07-31 17:38:57,897 - root - INFO - Epoch 46; loss: 16.70893669128418; CER: 0.9726884961128235; WER: 1.0; char_f1: 0.017740171402692795; val_loss: 20.714611053466797; val_CER: 0.9905582666397095; val_WER: 1.0; val_char_f1: 0.008938541635870934
2025-07-31 17:39:03,679 - root - INFO - Epoch 47; loss: 17.018144607543945; CER: 0.9709898829460144; WER: 1.0; char_f1: 0.019104797393083572; val_loss: 21.089786529541016; val_CER: 0.9768614768981934; val_WER: 1.0; val_char_f1: 0.011173179373145103
2025-07-31 17:39:09,484 - root - INFO - Epoch 48; loss: 17.293025970458984; CER: 0.9797214865684509; WER: 1.0; char_f1: 0.01692139357328415; val_loss: 20.885181427001953; val_CER: 0.9843531847000122; val_WER: 1.0; val_char_f1: 0.011173179373145103
2025-07-31 17:39:15,259 - root - INFO - Epoch 49; loss: 17.507156372070312; CER: 0.9795989990234375; WER: 1.0; char_f1: 0.015283837914466858; val_loss: 22.460269927978516; val_CER: 0.965982973575592; val_WER: 1.0; val_char_f1: 0.012290498241782188
2025-07-31 17:39:21,015 - root - INFO - Epoch 50; loss: 17.343660354614258; CER: 0.9712430238723755; WER: 1.0; char_f1: 0.01801309734582901; val_loss: 20.88981056213379; val_CER: 0.9765496253967285; val_WER: 1.0; val_char_f1: 0.012290498241782188
2025-07-31 17:39:26,948 - root - INFO - Epoch 51; loss: 17.002178192138672; CER: 0.9736641049385071; WER: 1.0; char_f1: 0.02156113088130951; val_loss: 20.551115036010742; val_CER: 0.979833722114563; val_WER: 1.0; val_char_f1: 0.017877090722322464
2025-07-31 17:39:32,795 - root - INFO - Epoch 52; loss: 16.615222930908203; CER: 0.9722249507904053; WER: 1.0; char_f1: 0.020742353051900864; val_loss: 21.013755798339844; val_CER: 0.968548595905304; val_WER: 1.0; val_char_f1: 0.014525134116411209
2025-07-31 17:39:38,637 - root - INFO - Epoch 53; loss: 16.046010971069336; CER: 0.9779143929481506; WER: 1.0; char_f1: 0.021288204938173294; val_loss: 21.182146072387695; val_CER: 0.9767075181007385; val_WER: 1.0; val_char_f1: 0.014525134116411209
2025-07-31 17:39:44,424 - root - INFO - Epoch 54; loss: 15.882472038269043; CER: 0.9795259833335876; WER: 1.0; char_f1: 0.02101527899503708; val_loss: 21.141294479370117; val_CER: 0.9676724076271057; val_WER: 1.0; val_char_f1: 0.014525134116411209
2025-07-31 17:39:50,169 - root - INFO - Epoch 55; loss: 15.737459182739258; CER: 0.9804975986480713; WER: 1.0; char_f1: 0.024290388450026512; val_loss: 21.54905128479004; val_CER: 0.9882530570030212; val_WER: 1.0; val_char_f1: 0.011173179373145103
2025-07-31 17:39:55,894 - root - INFO - Epoch 56; loss: 15.601729393005371; CER: 0.9769138097763062; WER: 1.0; char_f1: 0.019377723336219788; val_loss: 21.451759338378906; val_CER: 0.9770627617835999; val_WER: 1.0; val_char_f1: 0.017877090722322464
2025-07-31 17:40:01,582 - root - INFO - Epoch 57; loss: 15.735665321350098; CER: 0.9741926789283752; WER: 1.0; char_f1: 0.021834056824445724; val_loss: 22.009727478027344; val_CER: 0.962750256061554; val_WER: 1.0; val_char_f1: 0.020111728459596634
2025-07-31 17:40:07,349 - root - INFO - Epoch 58; loss: 15.738163948059082; CER: 0.9703821539878845; WER: 1.0; char_f1: 0.022925760596990585; val_loss: 21.92745018005371; val_CER: 0.9689552783966064; val_WER: 1.0; val_char_f1: 0.020111728459596634
2025-07-31 17:40:13,004 - root - INFO - Epoch 59; loss: 15.388757705688477; CER: 0.9731267094612122; WER: 1.0; char_f1: 0.02046942710876465; val_loss: 22.09800148010254; val_CER: 0.988813579082489; val_WER: 1.0; val_char_f1: 0.020111728459596634
2025-07-31 17:40:15,310 - tf2onnx.tfonnx - INFO - Using tensorflow=2.10.0, onnx=1.12.0, tf2onnx=1.14.0/8f8d49
2025-07-31 17:40:15,310 - tf2onnx.tfonnx - INFO - Using opset <onnx, 15>
2025-07-31 17:40:15,461 - tf2onnx.tf_utils - INFO - Computed 0 values for constant folding
2025-07-31 17:40:15,466 - tf2onnx.tf_utils - INFO - Computed 0 values for constant folding
2025-07-31 17:40:15,467 - tf2onnx.tf_utils - INFO - Computed 0 values for constant folding
2025-07-31 17:40:15,469 - tf2onnx.tf_utils - INFO - Computed 0 values for constant folding
2025-07-31 17:40:15,474 - tf2onnx.tf_utils - INFO - Computed 0 values for constant folding
2025-07-31 17:40:15,479 - tf2onnx.tf_utils - INFO - Computed 0 values for constant folding
2025-07-31 17:40:15,482 - tf2onnx.tf_utils - INFO - Computed 0 values for constant folding
2025-07-31 17:40:15,484 - tf2onnx.tf_utils - INFO - Computed 0 values for constant folding
2025-07-31 17:40:15,571 - tf2onnx.tf_utils - INFO - Computed 2 values for constant folding
2025-07-31 17:40:15,686 - tf2onnx.tfonnx - INFO - folding node using tf type=StridedSlice, name=model/bidirectional/forward_lstm/PartitionedCall/strided_slice
2025-07-31 17:40:15,687 - tf2onnx.tfonnx - INFO - folding node using tf type=StridedSlice, name=model/bidirectional/backward_lstm/PartitionedCall/strided_slice
2025-07-31 17:40:15,904 - tf2onnx.optimizer - INFO - Optimizing ONNX model
2025-07-31 17:40:16,324 - tf2onnx.optimizer.EinsumOptimizer - INFO - replacing einsum node 'model/multi_head_attention/einsum_1/Einsum' by its decomposed version, name of the last node 'Identity__1796'.
2025-07-31 17:40:16,329 - tf2onnx.optimizer.EinsumOptimizer - INFO - replacing einsum node 'model/multi_head_attention/key/einsum/Einsum' by its decomposed version, name of the last node 'Identity__1835'.
2025-07-31 17:40:16,333 - tf2onnx.optimizer.EinsumOptimizer - INFO - replacing einsum node 'model/multi_head_attention/query/einsum/Einsum' by its decomposed version, name of the last node 'Identity__1874'.
2025-07-31 17:40:16,339 - tf2onnx.optimizer.EinsumOptimizer - INFO - replacing einsum node 'model/multi_head_attention/einsum/Einsum' by its decomposed version, name of the last node 'Identity__1932'.
2025-07-31 17:40:16,344 - tf2onnx.optimizer.EinsumOptimizer - INFO - replacing einsum node 'model/multi_head_attention/value/einsum/Einsum' by its decomposed version, name of the last node 'Identity__1971'.
2025-07-31 17:40:17,229 - tf2onnx.optimizer - INFO - After optimization: BatchNormalization -29 (29->0), Cast -16 (24->8), Concat -4 (22->18), Const -220 (327->107), Einsum -5 (6->1), Expand -6 (8->2), Gather +15 (4->19), Gemm +3 (0->3), GlobalAveragePool +2 (0->2), Identity -2 (2->0), MatMul +2 (6->8), Max +2 (0->2), ReduceMean -2 (2->0), Reshape +11 (7->18), Shape +3 (9->12), Slice -5 (11->6), Transpose -110 (122->12), Unsqueeze -32 (39->7)
