2025-07-26 08:53:27,756 - tensorflow - WARNING - From /home/lamin/anaconda3/envs/new-gpu/lib/python3.10/site-packages/tensorflow/python/ops/ctc_ops.py:1465: alias_inplace_add (from tensorflow.python.ops.inplace_ops) is deprecated and will be removed in a future version.
Instructions for updating:
Prefer tf.tensor_scatter_nd_add, which offers the same functionality with well-defined read-write semantics.
2025-07-26 08:53:27,809 - tensorflow - WARNING - From /home/lamin/anaconda3/envs/new-gpu/lib/python3.10/site-packages/tensorflow/python/ops/ctc_ops.py:1448: alias_inplace_update (from tensorflow.python.ops.inplace_ops) is deprecated and will be removed in a future version.
Instructions for updating:
Prefer tf.tensor_scatter_nd_update, which offers the same functionality with well-defined read-write semantics.
2025-07-26 08:54:22,056 - root - INFO - Epoch 0; loss: 24.756105422973633; CER: 0.9909814596176147; WER: 1.0; char_f1: 0.5681818127632141; val_loss: 22.413244247436523; val_CER: 0.9808425903320312; val_WER: 1.0; val_char_f1: 0.5804597735404968
2025-07-26 08:54:57,479 - root - INFO - Epoch 1; loss: 21.483379364013672; CER: 0.9766721725463867; WER: 1.0; char_f1: 0.5844155550003052; val_loss: 20.661972045898438; val_CER: 0.980842649936676; val_WER: 1.0; val_char_f1: 0.6010536551475525
2025-07-26 08:55:30,996 - root - INFO - Epoch 2; loss: 21.312389373779297; CER: 0.9802800416946411; WER: 1.0; char_f1: 0.5857383608818054; val_loss: 20.12828254699707; val_CER: 0.980842649936676; val_WER: 1.0; val_char_f1: 0.5981800556182861
2025-07-26 08:56:04,512 - root - INFO - Epoch 3; loss: 21.12079429626465; CER: 0.9748681783676147; WER: 1.0; char_f1: 0.5863395929336548; val_loss: 19.92440414428711; val_CER: 0.9985631704330444; val_WER: 1.0; val_char_f1: 0.6010536551475525
2025-07-26 08:56:37,937 - root - INFO - Epoch 4; loss: 20.894245147705078; CER: 0.9800391793251038; WER: 1.0; char_f1: 0.5859788656234741; val_loss: 20.002185821533203; val_CER: 0.980842649936676; val_WER: 1.0; val_char_f1: 0.5991379022598267
2025-07-26 08:57:11,515 - root - INFO - Epoch 5; loss: 20.870229721069336; CER: 0.98725426197052; WER: 1.0; char_f1: 0.5851370692253113; val_loss: 19.91391944885254; val_CER: 0.9985631704330444; val_WER: 1.0; val_char_f1: 0.5977011322975159
2025-07-26 08:57:45,645 - root - INFO - Epoch 6; loss: 20.942968368530273; CER: 0.9784757494926453; WER: 1.0; char_f1: 0.5860990881919861; val_loss: 19.67415428161621; val_CER: 0.9808425307273865; val_WER: 1.0; val_char_f1: 0.6015325784683228
2025-07-26 08:58:19,356 - root - INFO - Epoch 7; loss: 20.76845932006836; CER: 0.984127938747406; WER: 1.0; char_f1: 0.5868206024169922; val_loss: 19.567808151245117; val_CER: 0.980842649936676; val_WER: 1.0; val_char_f1: 0.6005747318267822
2025-07-26 08:58:52,960 - root - INFO - Epoch 8; loss: 20.752084732055664; CER: 0.9848488569259644; WER: 1.0; char_f1: 0.5848965644836426; val_loss: 19.37215805053711; val_CER: 0.9985631704330444; val_WER: 1.0; val_char_f1: 0.600095808506012
2025-07-26 08:59:26,452 - root - INFO - Epoch 9; loss: 20.678117752075195; CER: 0.9864127039909363; WER: 1.0; char_f1: 0.5847763419151306; val_loss: 19.370956420898438; val_CER: 0.9808425903320312; val_WER: 1.0; val_char_f1: 0.6010536551475525
2025-07-26 08:59:59,726 - root - INFO - Epoch 10; loss: 20.63780403137207; CER: 0.9853301048278809; WER: 1.0; char_f1: 0.5836941003799438; val_loss: 19.283023834228516; val_CER: 0.979884684085846; val_WER: 1.0; val_char_f1: 0.5977011322975159
2025-07-26 09:00:32,138 - root - INFO - Epoch 11; loss: 20.618131637573242; CER: 0.9806408882141113; WER: 1.0; char_f1: 0.5871813297271729; val_loss: 19.36301612854004; val_CER: 0.979884684085846; val_WER: 1.0; val_char_f1: 0.5962643623352051
2025-07-26 09:01:04,606 - root - INFO - Epoch 12; loss: 20.71159553527832; CER: 0.9822039604187012; WER: 1.0; char_f1: 0.5806878209114075; val_loss: 19.21072006225586; val_CER: 0.9798847436904907; val_WER: 1.0; val_char_f1: 0.5938697457313538
2025-07-26 09:01:37,102 - root - INFO - Epoch 13; loss: 20.558013916015625; CER: 0.9896590113639832; WER: 1.0; char_f1: 0.5763588547706604; val_loss: 19.263309478759766; val_CER: 0.9985631704330444; val_WER: 1.0; val_char_f1: 0.5914750695228577
2025-07-26 09:02:09,558 - root - INFO - Epoch 14; loss: 20.425045013427734; CER: 0.9864128232002258; WER: 1.0; char_f1: 0.5786435604095459; val_loss: 19.275163650512695; val_CER: 0.979884684085846; val_WER: 1.0; val_char_f1: 0.5900382995605469
2025-07-26 09:02:41,984 - root - INFO - Epoch 15; loss: 20.30131721496582; CER: 0.9852098226547241; WER: 1.0; char_f1: 0.5784030556678772; val_loss: 19.24217414855957; val_CER: 0.9985631704330444; val_WER: 1.0; val_char_f1: 0.5886015295982361
2025-07-26 09:03:14,474 - root - INFO - Epoch 16; loss: 20.387357711791992; CER: 0.9826849102973938; WER: 1.0; char_f1: 0.5762385725975037; val_loss: 19.105195999145508; val_CER: 0.9985631704330444; val_WER: 1.0; val_char_f1: 0.5914750695228577
2025-07-26 09:03:46,914 - root - INFO - Epoch 17; loss: 20.345767974853516; CER: 0.9862921833992004; WER: 1.0; char_f1: 0.5774410963058472; val_loss: 19.267406463623047; val_CER: 0.979884684085846; val_WER: 1.0; val_char_f1: 0.5900382995605469
2025-07-26 09:04:19,425 - root - INFO - Epoch 18; loss: 20.26441192626953; CER: 0.9812420010566711; WER: 1.0; char_f1: 0.5763588547706604; val_loss: 19.07842254638672; val_CER: 0.9798848628997803; val_WER: 1.0; val_char_f1: 0.5938697457313538
2025-07-26 09:04:51,873 - root - INFO - Epoch 19; loss: 20.209768295288086; CER: 0.9847293496131897; WER: 1.0; char_f1: 0.5751563310623169; val_loss: 19.089340209960938; val_CER: 0.979884684085846; val_WER: 1.0; val_char_f1: 0.5895593762397766
2025-07-26 09:05:24,292 - root - INFO - Epoch 20; loss: 20.28297996520996; CER: 0.9846092462539673; WER: 1.0; char_f1: 0.5787638425827026; val_loss: 19.10460662841797; val_CER: 0.9798846244812012; val_WER: 1.0; val_char_f1: 0.5871647596359253
2025-07-26 09:05:56,683 - root - INFO - Epoch 21; loss: 20.234020233154297; CER: 0.9843680262565613; WER: 1.0; char_f1: 0.5770803093910217; val_loss: 19.252668380737305; val_CER: 0.9985631704330444; val_WER: 1.0; val_char_f1: 0.5900382995605469
2025-07-26 09:06:00,301 - tf2onnx.tfonnx - INFO - Using tensorflow=2.10.0, onnx=1.12.0, tf2onnx=1.14.0/8f8d49
2025-07-26 09:06:00,302 - tf2onnx.tfonnx - INFO - Using opset <onnx, 15>
2025-07-26 09:06:00,574 - tf2onnx.tf_utils - INFO - Computed 0 values for constant folding
2025-07-26 09:06:00,576 - tf2onnx.tf_utils - INFO - Computed 0 values for constant folding
2025-07-26 09:06:00,578 - tf2onnx.tf_utils - INFO - Computed 0 values for constant folding
2025-07-26 09:06:00,580 - tf2onnx.tf_utils - INFO - Computed 0 values for constant folding
2025-07-26 09:06:00,585 - tf2onnx.tf_utils - INFO - Computed 0 values for constant folding
2025-07-26 09:06:00,590 - tf2onnx.tf_utils - INFO - Computed 0 values for constant folding
2025-07-26 09:06:00,592 - tf2onnx.tf_utils - INFO - Computed 0 values for constant folding
2025-07-26 09:06:00,597 - tf2onnx.tf_utils - INFO - Computed 0 values for constant folding
2025-07-26 09:06:00,719 - tf2onnx.tf_utils - INFO - Computed 2 values for constant folding
2025-07-26 09:06:00,918 - tf2onnx.tfonnx - INFO - folding node using tf type=StridedSlice, name=model/bidirectional/forward_lstm/PartitionedCall/strided_slice
2025-07-26 09:06:00,918 - tf2onnx.tfonnx - INFO - folding node using tf type=StridedSlice, name=model/bidirectional/backward_lstm/PartitionedCall/strided_slice
2025-07-26 09:06:01,224 - tf2onnx.optimizer - INFO - Optimizing ONNX model
2025-07-26 09:06:02,328 - tf2onnx.optimizer.EinsumOptimizer - INFO - replacing einsum node 'model/multi_head_attention/value/einsum/Einsum' by its decomposed version, name of the last node 'Identity__703'.
2025-07-26 09:06:02,618 - tf2onnx.optimizer.EinsumOptimizer - INFO - replacing einsum node 'model/multi_head_attention/einsum/Einsum' by its decomposed version, name of the last node 'Identity__761'.
2025-07-26 09:06:02,624 - tf2onnx.optimizer.EinsumOptimizer - INFO - replacing einsum node 'model/multi_head_attention/query/einsum/Einsum' by its decomposed version, name of the last node 'Identity__800'.
2025-07-26 09:06:02,854 - tf2onnx.optimizer.EinsumOptimizer - INFO - replacing einsum node 'model/multi_head_attention/einsum_1/Einsum' by its decomposed version, name of the last node 'Identity__859'.
2025-07-26 09:06:02,859 - tf2onnx.optimizer.EinsumOptimizer - INFO - replacing einsum node 'model/multi_head_attention/key/einsum/Einsum' by its decomposed version, name of the last node 'Identity__898'.
2025-07-26 09:06:03,906 - tf2onnx.optimizer - INFO - After optimization: BatchNormalization -24 (24->0), Cast -20 (28->8), Concat -2 (20->18), Const -194 (302->108), Einsum -5 (6->1), Expand -6 (8->2), Gather +15 (4->19), Gemm +3 (0->3), GlobalAveragePool +4 (0->4), Identity -2 (2->0), MatMul +2 (10->12), Max +2 (0->2), ReduceMean -4 (4->0), Reshape +3 (13->16), Shape +5 (7->12), Slice -3 (9->6), Squeeze +4 (9->13), Transpose -86 (102->16), Unsqueeze -24 (39->15)
