2025-07-29 11:15:40,036 - tensorflow - WARNING - From /home/lamin/anaconda3/envs/new-gpu/lib/python3.10/site-packages/tensorflow/python/ops/ctc_ops.py:1465: alias_inplace_add (from tensorflow.python.ops.inplace_ops) is deprecated and will be removed in a future version.
Instructions for updating:
Prefer tf.tensor_scatter_nd_add, which offers the same functionality with well-defined read-write semantics.
2025-07-29 11:15:40,090 - tensorflow - WARNING - From /home/lamin/anaconda3/envs/new-gpu/lib/python3.10/site-packages/tensorflow/python/ops/ctc_ops.py:1448: alias_inplace_update (from tensorflow.python.ops.inplace_ops) is deprecated and will be removed in a future version.
Instructions for updating:
Prefer tf.tensor_scatter_nd_update, which offers the same functionality with well-defined read-write semantics.
2025-07-29 11:16:01,759 - root - INFO - Epoch 0; loss: 31.90089988708496; CER: 0.9984368681907654; WER: 1.0; val_char_f1: 0.5494228005409241; val_loss: 24.43797492980957; val_CER: 0.9985631704330444; val_WER: 1.0; val_val_char_f1: 0.571360170841217
2025-07-29 11:16:10,195 - root - INFO - Epoch 1; loss: 24.4047794342041; CER: 0.9983167052268982; WER: 1.0; val_char_f1: 0.5594035387039185; val_loss: 22.561504364013672; val_CER: 0.9985631704330444; val_WER: 1.0; val_val_char_f1: 0.571360170841217
2025-07-29 11:16:16,045 - root - INFO - Epoch 2; loss: 22.54936981201172; CER: 0.9983166456222534; WER: 1.0; val_char_f1: 0.5555555820465088; val_loss: 21.1896915435791; val_CER: 0.9985631704330444; val_WER: 1.0; val_val_char_f1: 0.5656130313873291
2025-07-29 11:16:21,810 - root - INFO - Epoch 3; loss: 22.077329635620117; CER: 0.9974747896194458; WER: 1.0; val_char_f1: 0.5555555820465088; val_loss: 21.208845138549805; val_CER: 0.9808429479598999; val_WER: 1.0; val_val_char_f1: 0.5675287246704102
2025-07-29 11:16:27,583 - root - INFO - Epoch 4; loss: 21.99213409423828; CER: 0.9813612699508667; WER: 1.0; val_char_f1: 0.554713785648346; val_loss: 21.14280891418457; val_CER: 0.9808427691459656; val_WER: 1.0; val_val_char_f1: 0.5670498013496399
2025-07-29 11:16:33,481 - root - INFO - Epoch 5; loss: 21.98468780517578; CER: 0.9816018342971802; WER: 1.0; val_char_f1: 0.5544732809066772; val_loss: 20.882482528686523; val_CER: 0.9808428287506104; val_WER: 1.0; val_val_char_f1: 0.5660919547080994
2025-07-29 11:16:39,100 - root - INFO - Epoch 6; loss: 21.954919815063477; CER: 0.9877346158027649; WER: 1.0; val_char_f1: 0.554593563079834; val_loss: 20.596946716308594; val_CER: 0.9808429479598999; val_WER: 1.0; val_val_char_f1: 0.5694444179534912
2025-07-29 11:16:45,023 - root - INFO - Epoch 7; loss: 21.489253997802734; CER: 0.9828044176101685; WER: 1.0; val_char_f1: 0.5509860515594482; val_loss: 20.503599166870117; val_CER: 0.9808427691459656; val_WER: 1.0; val_val_char_f1: 0.5598658919334412
2025-07-29 11:16:51,018 - root - INFO - Epoch 8; loss: 21.236309051513672; CER: 0.9808802008628845; WER: 1.0; val_char_f1: 0.5513467788696289; val_loss: 20.598833084106445; val_CER: 0.9808427691459656; val_WER: 1.0; val_val_char_f1: 0.5632184147834778
2025-07-29 11:16:56,940 - root - INFO - Epoch 9; loss: 21.14878273010254; CER: 0.9802789092063904; WER: 1.0; val_char_f1: 0.5509860515594482; val_loss: 20.363252639770508; val_CER: 0.9808428287506104; val_WER: 1.0; val_val_char_f1: 0.5641762614250183
2025-07-29 11:17:02,574 - root - INFO - Epoch 10; loss: 21.148141860961914; CER: 0.9811209440231323; WER: 1.0; val_char_f1: 0.5502645373344421; val_loss: 20.263545989990234; val_CER: 0.9808428287506104; val_WER: 1.0; val_val_char_f1: 0.5622605085372925
2025-07-29 11:17:08,469 - root - INFO - Epoch 11; loss: 21.020719528198242; CER: 0.981000542640686; WER: 1.0; val_char_f1: 0.5509860515594482; val_loss: 20.087617874145508; val_CER: 0.9808428287506104; val_WER: 1.0; val_val_char_f1: 0.5632184147834778
2025-07-29 11:17:14,325 - root - INFO - Epoch 12; loss: 20.884777069091797; CER: 0.9810006022453308; WER: 1.0; val_char_f1: 0.5509860515594482; val_loss: 20.198184967041016; val_CER: 0.9808429479598999; val_WER: 1.0; val_val_char_f1: 0.5608237385749817
2025-07-29 11:17:20,077 - root - INFO - Epoch 13; loss: 20.849842071533203; CER: 0.9800385236740112; WER: 1.0; val_char_f1: 0.5512265563011169; val_loss: 19.896770477294922; val_CER: 0.984674334526062; val_WER: 1.0; val_val_char_f1: 0.5617815852165222
2025-07-29 11:17:26,007 - root - INFO - Epoch 14; loss: 20.64266014099121; CER: 0.9790764451026917; WER: 1.0; val_char_f1: 0.5511062741279602; val_loss: 19.76323127746582; val_CER: 0.9808429479598999; val_WER: 1.0; val_val_char_f1: 0.5627394914627075
2025-07-29 11:17:31,858 - root - INFO - Epoch 15; loss: 20.501327514648438; CER: 0.982082724571228; WER: 1.0; val_char_f1: 0.5503848195075989; val_loss: 19.681907653808594; val_CER: 0.9664750099182129; val_WER: 1.0; val_val_char_f1: 0.5627394914627075
2025-07-29 11:17:37,837 - root - INFO - Epoch 16; loss: 20.393680572509766; CER: 0.9670512080192566; WER: 1.0; val_char_f1: 0.5488215684890747; val_loss: 19.866907119750977; val_CER: 0.9664750695228577; val_WER: 1.0; val_val_char_f1: 0.5593869686126709
2025-07-29 11:17:40,228 - tf2onnx.tfonnx - INFO - Using tensorflow=2.10.0, onnx=1.12.0, tf2onnx=1.14.0/8f8d49
2025-07-29 11:17:40,229 - tf2onnx.tfonnx - INFO - Using opset <onnx, 15>
2025-07-29 11:17:40,471 - tf2onnx.tf_utils - INFO - Computed 0 values for constant folding
2025-07-29 11:17:40,480 - tf2onnx.tf_utils - INFO - Computed 0 values for constant folding
2025-07-29 11:17:40,496 - tf2onnx.tf_utils - INFO - Computed 0 values for constant folding
2025-07-29 11:17:40,513 - tf2onnx.tf_utils - INFO - Computed 0 values for constant folding
2025-07-29 11:17:40,520 - tf2onnx.tf_utils - INFO - Computed 0 values for constant folding
2025-07-29 11:17:40,529 - tf2onnx.tf_utils - INFO - Computed 0 values for constant folding
2025-07-29 11:17:40,539 - tf2onnx.tf_utils - INFO - Computed 0 values for constant folding
2025-07-29 11:17:40,543 - tf2onnx.tf_utils - INFO - Computed 0 values for constant folding
2025-07-29 11:17:40,694 - tf2onnx.tf_utils - INFO - Computed 2 values for constant folding
2025-07-29 11:17:40,830 - tf2onnx.tfonnx - INFO - folding node using tf type=StridedSlice, name=model/bidirectional/forward_lstm/PartitionedCall/strided_slice
2025-07-29 11:17:40,830 - tf2onnx.tfonnx - INFO - folding node using tf type=StridedSlice, name=model/bidirectional/backward_lstm/PartitionedCall/strided_slice
2025-07-29 11:17:41,030 - tf2onnx.optimizer - INFO - Optimizing ONNX model
2025-07-29 11:17:41,657 - tf2onnx.optimizer - INFO - After optimization: BatchNormalization -29 (29->0), Cast -15 (24->9), Concat -12 (21->9), Const -227 (317->90), Expand -6 (8->2), Gather +1 (4->5), GlobalAveragePool +2 (0->2), Identity -2 (2->0), ReduceMean -2 (2->0), ReduceProd -2 (4->2), Reshape +1 (7->8), Shape -5 (9->4), Slice -5 (11->6), Squeeze -5 (11->6), Transpose -117 (122->5), Unsqueeze -35 (39->4)
