2025-07-29 10:49:45,503 - tensorflow - WARNING - From /home/lamin/anaconda3/envs/new-gpu/lib/python3.10/site-packages/tensorflow/python/ops/ctc_ops.py:1465: alias_inplace_add (from tensorflow.python.ops.inplace_ops) is deprecated and will be removed in a future version.
Instructions for updating:
Prefer tf.tensor_scatter_nd_add, which offers the same functionality with well-defined read-write semantics.
2025-07-29 10:49:45,546 - tensorflow - WARNING - From /home/lamin/anaconda3/envs/new-gpu/lib/python3.10/site-packages/tensorflow/python/ops/ctc_ops.py:1448: alias_inplace_update (from tensorflow.python.ops.inplace_ops) is deprecated and will be removed in a future version.
Instructions for updating:
Prefer tf.tensor_scatter_nd_update, which offers the same functionality with well-defined read-write semantics.
2025-07-29 10:49:57,748 - root - INFO - Epoch 0; loss: 182.18040466308594; CER: 0.9444444179534912; WER: 1.0; val_char_f1: 0.0; val_loss: 181.75331115722656; val_CER: 0.9444444179534912; val_WER: 1.0; val_val_char_f1: 0.0
2025-07-29 10:49:59,739 - root - INFO - Epoch 1; loss: 178.7821044921875; CER: 1.0; WER: 1.0; val_char_f1: 0.0; val_loss: 175.206787109375; val_CER: 0.9444444179534912; val_WER: 1.0; val_val_char_f1: 0.0555555522441864
2025-07-29 10:50:00,667 - root - INFO - Epoch 2; loss: 171.50030517578125; CER: 0.8333333134651184; WER: 1.0; val_char_f1: 0.1111111044883728; val_loss: 166.36077880859375; val_CER: 0.9444444179534912; val_WER: 1.0; val_val_char_f1: 0.0555555522441864
2025-07-29 10:50:01,383 - root - INFO - Epoch 3; loss: 162.53350830078125; CER: 0.8888888955116272; WER: 1.0; val_char_f1: 0.0555555522441864; val_loss: 159.51705932617188; val_CER: 0.9444444179534912; val_WER: 1.0; val_val_char_f1: 0.0555555522441864
2025-07-29 10:50:02,076 - root - INFO - Epoch 4; loss: 152.33880615234375; CER: 0.8333333134651184; WER: 1.0; val_char_f1: 0.1111111044883728; val_loss: 146.24624633789062; val_CER: 0.8888888955116272; val_WER: 1.0; val_val_char_f1: 0.0555555522441864
2025-07-29 10:50:02,797 - root - INFO - Epoch 5; loss: 140.6682586669922; CER: 0.8888888955116272; WER: 1.0; val_char_f1: 0.1111111044883728; val_loss: 129.85577392578125; val_CER: 0.9444444179534912; val_WER: 1.0; val_val_char_f1: 0.1111111044883728
2025-07-29 10:50:03,474 - root - INFO - Epoch 6; loss: 128.80735778808594; CER: 0.8888888955116272; WER: 1.0; val_char_f1: 0.1111111044883728; val_loss: 112.16293334960938; val_CER: 0.9444444179534912; val_WER: 1.0; val_val_char_f1: 0.1111111044883728
2025-07-29 10:50:04,337 - root - INFO - Epoch 7; loss: 115.82167053222656; CER: 0.8333333134651184; WER: 1.0; val_char_f1: 0.1111111044883728; val_loss: 93.06983184814453; val_CER: 0.9444444179534912; val_WER: 1.0; val_val_char_f1: 0.1111111044883728
2025-07-29 10:50:05,021 - root - INFO - Epoch 8; loss: 102.55732727050781; CER: 0.8888888955116272; WER: 1.0; val_char_f1: 0.0555555522441864; val_loss: 73.41468048095703; val_CER: 0.9444444179534912; val_WER: 1.0; val_val_char_f1: 0.1111111044883728
2025-07-29 10:50:05,716 - root - INFO - Epoch 9; loss: 86.78923797607422; CER: 0.9444444179534912; WER: 1.0; val_char_f1: 0.0555555522441864; val_loss: 53.777687072753906; val_CER: 0.9444444179534912; val_WER: 1.0; val_val_char_f1: 0.1111111044883728
2025-07-29 10:50:06,408 - root - INFO - Epoch 10; loss: 70.62324523925781; CER: 0.9444444179534912; WER: 1.0; val_char_f1: 0.0555555522441864; val_loss: 41.014617919921875; val_CER: 0.9444444179534912; val_WER: 1.0; val_val_char_f1: 0.1111111044883728
2025-07-29 10:50:07,073 - root - INFO - Epoch 11; loss: 52.13675308227539; CER: 0.9444444179534912; WER: 1.0; val_char_f1: 0.0555555522441864; val_loss: 35.19548034667969; val_CER: 0.9444444179534912; val_WER: 1.0; val_val_char_f1: 0.1111111044883728
2025-07-29 10:50:07,728 - root - INFO - Epoch 12; loss: 39.86572265625; CER: 1.0; WER: 1.0; val_char_f1: 0.0555555522441864; val_loss: 36.324825286865234; val_CER: 1.0; val_WER: 1.0; val_val_char_f1: 0.1111111044883728
2025-07-29 10:50:08,404 - root - INFO - Epoch 13; loss: 37.21476364135742; CER: 1.0; WER: 1.0; val_char_f1: 0.0555555522441864; val_loss: 40.7963981628418; val_CER: 1.0; val_WER: 1.0; val_val_char_f1: 0.1111111044883728
2025-07-29 10:50:09,063 - root - INFO - Epoch 14; loss: 40.568702697753906; CER: 1.0; WER: 1.0; val_char_f1: 0.0555555522441864; val_loss: 44.78602600097656; val_CER: 1.0; val_WER: 1.0; val_val_char_f1: 0.1111111044883728
2025-07-29 10:50:09,721 - root - INFO - Epoch 15; loss: 43.3887939453125; CER: 1.0; WER: 1.0; val_char_f1: 0.0555555522441864; val_loss: 46.824710845947266; val_CER: 1.0; val_WER: 1.0; val_val_char_f1: 0.1111111044883728
2025-07-29 10:50:10,381 - root - INFO - Epoch 16; loss: 44.49956130981445; CER: 1.0; WER: 1.0; val_char_f1: 0.0555555522441864; val_loss: 46.56394958496094; val_CER: 1.0; val_WER: 1.0; val_val_char_f1: 0.1111111044883728
2025-07-29 10:50:11,049 - root - INFO - Epoch 17; loss: 43.648170471191406; CER: 1.0; WER: 1.0; val_char_f1: 0.0555555522441864; val_loss: 43.534210205078125; val_CER: 1.0; val_WER: 1.0; val_val_char_f1: 0.1111111044883728
2025-07-29 10:50:13,386 - tf2onnx.tfonnx - INFO - Using tensorflow=2.10.0, onnx=1.12.0, tf2onnx=1.14.0/8f8d49
2025-07-29 10:50:13,386 - tf2onnx.tfonnx - INFO - Using opset <onnx, 15>
2025-07-29 10:50:13,528 - tf2onnx.tf_utils - INFO - Computed 0 values for constant folding
2025-07-29 10:50:13,531 - tf2onnx.tf_utils - INFO - Computed 0 values for constant folding
2025-07-29 10:50:13,535 - tf2onnx.tf_utils - INFO - Computed 0 values for constant folding
2025-07-29 10:50:13,539 - tf2onnx.tf_utils - INFO - Computed 0 values for constant folding
2025-07-29 10:50:13,541 - tf2onnx.tf_utils - INFO - Computed 0 values for constant folding
2025-07-29 10:50:13,546 - tf2onnx.tf_utils - INFO - Computed 0 values for constant folding
2025-07-29 10:50:13,547 - tf2onnx.tf_utils - INFO - Computed 0 values for constant folding
2025-07-29 10:50:13,549 - tf2onnx.tf_utils - INFO - Computed 0 values for constant folding
2025-07-29 10:50:13,641 - tf2onnx.tf_utils - INFO - Computed 2 values for constant folding
2025-07-29 10:50:13,748 - tf2onnx.tfonnx - INFO - folding node using tf type=StridedSlice, name=model/bidirectional/forward_lstm/PartitionedCall/strided_slice
2025-07-29 10:50:13,748 - tf2onnx.tfonnx - INFO - folding node using tf type=StridedSlice, name=model/bidirectional/backward_lstm/PartitionedCall/strided_slice
2025-07-29 10:50:13,957 - tf2onnx.optimizer - INFO - Optimizing ONNX model
2025-07-29 10:50:14,966 - tf2onnx.optimizer.EinsumOptimizer - INFO - replacing einsum node 'model/multi_head_attention/einsum/Einsum' by its decomposed version, name of the last node 'Identity__770'.
2025-07-29 10:50:15,485 - tf2onnx.optimizer.EinsumOptimizer - INFO - replacing einsum node 'model/multi_head_attention/attention_output/einsum/Einsum' by its decomposed version, name of the last node 'Identity__811'.
2025-07-29 10:50:16,024 - tf2onnx.optimizer.EinsumOptimizer - INFO - replacing einsum node 'model/multi_head_attention/key/einsum/Einsum' by its decomposed version, name of the last node 'Identity__850'.
2025-07-29 10:50:16,032 - tf2onnx.optimizer.EinsumOptimizer - INFO - replacing einsum node 'model/multi_head_attention/value/einsum/Einsum' by its decomposed version, name of the last node 'Identity__889'.
2025-07-29 10:50:16,039 - tf2onnx.optimizer.EinsumOptimizer - INFO - replacing einsum node 'model/multi_head_attention/query/einsum/Einsum' by its decomposed version, name of the last node 'Identity__928'.
2025-07-29 10:50:16,371 - tf2onnx.optimizer.EinsumOptimizer - INFO - replacing einsum node 'model/multi_head_attention/einsum_1/Einsum' by its decomposed version, name of the last node 'Identity__987'.
2025-07-29 10:50:17,355 - tf2onnx.optimizer - INFO - After optimization: BatchNormalization -29 (29->0), Cast -16 (24->8), Concat -1 (22->21), Const -218 (327->109), Einsum -6 (6->0), Expand -6 (8->2), Gather +19 (4->23), Gemm +4 (0->4), GlobalAveragePool +2 (0->2), Identity -2 (2->0), MatMul +2 (6->8), Max +2 (0->2), ReduceMean -2 (2->0), ReduceProd +2 (4->6), Reshape +14 (7->21), Shape +5 (9->14), Slice -5 (11->6), Squeeze +1 (11->12), Transpose -110 (122->12), Unsqueeze -31 (39->8)
