2025-07-29 16:15:25,695 - DataProvider - INFO - Skipping Dataset validation...
2025-07-29 16:15:26,960 - tensorflow - WARNING - From /home/lamin/anaconda3/envs/new-gpu/lib/python3.10/site-packages/tensorflow/python/ops/ctc_ops.py:1465: alias_inplace_add (from tensorflow.python.ops.inplace_ops) is deprecated and will be removed in a future version.
Instructions for updating:
Prefer tf.tensor_scatter_nd_add, which offers the same functionality with well-defined read-write semantics.
2025-07-29 16:15:26,998 - tensorflow - WARNING - From /home/lamin/anaconda3/envs/new-gpu/lib/python3.10/site-packages/tensorflow/python/ops/ctc_ops.py:1448: alias_inplace_update (from tensorflow.python.ops.inplace_ops) is deprecated and will be removed in a future version.
Instructions for updating:
Prefer tf.tensor_scatter_nd_update, which offers the same functionality with well-defined read-write semantics.
2025-07-29 16:15:43,646 - root - INFO - Epoch 0; loss: 180.79470825195312; CER: 1.0; WER: 1.0; val_char_f1: 0.0; val_loss: 180.10629272460938; val_CER: 1.0; val_WER: 1.0; val_val_char_f1: 0.0
2025-07-29 16:15:47,757 - root - INFO - Epoch 1; loss: 158.97805786132812; CER: 1.1428571939468384; WER: 1.0; val_char_f1: 0.1428571343421936; val_loss: 176.0586700439453; val_CER: 1.2857142686843872; val_WER: 1.0; val_val_char_f1: 0.0
2025-07-29 16:15:49,036 - root - INFO - Epoch 2; loss: 141.47711181640625; CER: 0.7142857313156128; WER: 1.0; val_char_f1: 0.1428571343421936; val_loss: 178.7417755126953; val_CER: 1.0; val_WER: 1.0; val_val_char_f1: 0.0
2025-07-29 16:15:50,107 - root - INFO - Epoch 3; loss: 128.00416564941406; CER: 0.7142857313156128; WER: 1.0; val_char_f1: 0.1428571343421936; val_loss: 177.5066680908203; val_CER: 1.0; val_WER: 1.0; val_val_char_f1: 0.0
2025-07-29 16:15:51,085 - root - INFO - Epoch 4; loss: 115.67098999023438; CER: 0.8571428656578064; WER: 1.0; val_char_f1: 0.1428571343421936; val_loss: 178.67501831054688; val_CER: 1.0; val_WER: 1.0; val_val_char_f1: 0.0
2025-07-29 16:15:52,189 - root - INFO - Epoch 5; loss: 103.17776489257812; CER: 0.8571428656578064; WER: 1.0; val_char_f1: 0.1428571343421936; val_loss: 178.50662231445312; val_CER: 1.0; val_WER: 1.0; val_val_char_f1: 0.0
2025-07-29 16:15:53,759 - root - INFO - Epoch 6; loss: 90.5925064086914; CER: 0.8571428656578064; WER: 1.0; val_char_f1: 0.1428571343421936; val_loss: 178.5355224609375; val_CER: 1.0; val_WER: 1.0; val_val_char_f1: 0.0
2025-07-29 16:15:55,011 - root - INFO - Epoch 7; loss: 78.08795166015625; CER: 0.8571428656578064; WER: 1.0; val_char_f1: 0.1428571343421936; val_loss: 182.11654663085938; val_CER: 1.0; val_WER: 1.0; val_val_char_f1: 0.0
2025-07-29 16:15:56,850 - root - INFO - Epoch 8; loss: 66.4874267578125; CER: 0.8571428656578064; WER: 1.0; val_char_f1: 0.1428571343421936; val_loss: 188.17465209960938; val_CER: 1.0; val_WER: 1.0; val_val_char_f1: 0.0
2025-07-29 16:15:58,716 - root - INFO - Epoch 9; loss: 56.76449203491211; CER: 0.8571428656578064; WER: 1.0; val_char_f1: 0.1428571343421936; val_loss: 195.86460876464844; val_CER: 1.0; val_WER: 1.0; val_val_char_f1: 0.0
2025-07-29 16:16:00,770 - root - INFO - Epoch 10; loss: 49.552284240722656; CER: 0.8571428656578064; WER: 1.0; val_char_f1: 0.1428571343421936; val_loss: 209.43551635742188; val_CER: 1.0; val_WER: 1.0; val_val_char_f1: 0.0
2025-07-29 16:16:01,805 - root - INFO - Epoch 11; loss: 44.081085205078125; CER: 0.8571428656578064; WER: 1.0; val_char_f1: 0.1428571343421936; val_loss: 221.4312744140625; val_CER: 1.0; val_WER: 1.0; val_val_char_f1: 0.0
2025-07-29 16:16:02,618 - root - INFO - Epoch 12; loss: 39.39057159423828; CER: 0.8571428656578064; WER: 1.0; val_char_f1: 0.1428571343421936; val_loss: 230.92849731445312; val_CER: 1.0; val_WER: 1.0; val_val_char_f1: 0.0
2025-07-29 16:16:03,817 - root - INFO - Epoch 13; loss: 35.34691619873047; CER: 0.8571428656578064; WER: 1.0; val_char_f1: 0.1428571343421936; val_loss: 239.6506805419922; val_CER: 1.0; val_WER: 1.0; val_val_char_f1: 0.0
2025-07-29 16:16:04,723 - root - INFO - Epoch 14; loss: 31.9575138092041; CER: 0.8571428656578064; WER: 1.0; val_char_f1: 0.1428571343421936; val_loss: 245.0135955810547; val_CER: 1.0; val_WER: 1.0; val_val_char_f1: 0.0
2025-07-29 16:16:05,528 - root - INFO - Epoch 15; loss: 29.202070236206055; CER: 0.8571428656578064; WER: 1.0; val_char_f1: 0.1428571343421936; val_loss: 252.16262817382812; val_CER: 1.0; val_WER: 1.0; val_val_char_f1: 0.0
2025-07-29 16:16:06,382 - root - INFO - Epoch 16; loss: 27.114967346191406; CER: 0.8571428656578064; WER: 1.0; val_char_f1: 0.1428571343421936; val_loss: 253.76632690429688; val_CER: 1.0; val_WER: 1.0; val_val_char_f1: 0.0
2025-07-29 16:16:09,183 - tf2onnx.tfonnx - INFO - Using tensorflow=2.10.0, onnx=1.12.0, tf2onnx=1.14.0/8f8d49
2025-07-29 16:16:09,184 - tf2onnx.tfonnx - INFO - Using opset <onnx, 15>
2025-07-29 16:16:09,323 - tf2onnx.tf_utils - INFO - Computed 0 values for constant folding
2025-07-29 16:16:09,325 - tf2onnx.tf_utils - INFO - Computed 0 values for constant folding
2025-07-29 16:16:09,329 - tf2onnx.tf_utils - INFO - Computed 0 values for constant folding
2025-07-29 16:16:09,331 - tf2onnx.tf_utils - INFO - Computed 0 values for constant folding
2025-07-29 16:16:09,336 - tf2onnx.tf_utils - INFO - Computed 0 values for constant folding
2025-07-29 16:16:09,340 - tf2onnx.tf_utils - INFO - Computed 0 values for constant folding
2025-07-29 16:16:09,342 - tf2onnx.tf_utils - INFO - Computed 0 values for constant folding
2025-07-29 16:16:09,344 - tf2onnx.tf_utils - INFO - Computed 0 values for constant folding
2025-07-29 16:16:09,424 - tf2onnx.tf_utils - INFO - Computed 2 values for constant folding
2025-07-29 16:16:09,518 - tf2onnx.tfonnx - INFO - folding node using tf type=StridedSlice, name=model/bidirectional/forward_lstm/PartitionedCall/strided_slice
2025-07-29 16:16:09,519 - tf2onnx.tfonnx - INFO - folding node using tf type=StridedSlice, name=model/bidirectional/backward_lstm/PartitionedCall/strided_slice
2025-07-29 16:16:09,931 - tf2onnx.optimizer - INFO - Optimizing ONNX model
2025-07-29 16:16:10,903 - tf2onnx.optimizer - INFO - After optimization: BatchNormalization -29 (29->0), Cast -15 (24->9), Concat -12 (21->9), Const -227 (317->90), Expand -6 (8->2), Gather +1 (4->5), GlobalAveragePool +2 (0->2), Identity -2 (2->0), ReduceMean -2 (2->0), ReduceProd -2 (4->2), Reshape +1 (7->8), Shape -5 (9->4), Slice -5 (11->6), Squeeze -5 (11->6), Transpose -117 (122->5), Unsqueeze -35 (39->4)
2025-07-29 16:16:19,990 - root - INFO - Epoch 0; loss: 56.89118576049805; CER: 0.9864864349365234; WER: 1.0; val_char_f1: 0.006277287378907204; val_loss: 26.500471115112305; val_CER: 0.996100127696991; val_WER: 1.0; val_val_char_f1: 0.0
2025-07-29 16:16:27,945 - root - INFO - Epoch 1; loss: 25.94194984436035; CER: 0.9958746433258057; WER: 1.0; val_char_f1: 0.0; val_loss: 24.42728042602539; val_CER: 0.996100127696991; val_WER: 1.0; val_val_char_f1: 0.0
2025-07-29 16:16:35,209 - root - INFO - Epoch 2; loss: 24.82978057861328; CER: 0.9958746433258057; WER: 1.0; val_char_f1: 0.0; val_loss: 23.70856475830078; val_CER: 0.996100127696991; val_WER: 1.0; val_val_char_f1: 0.0
2025-07-29 16:16:41,112 - root - INFO - Epoch 3; loss: 24.20512580871582; CER: 0.9958745837211609; WER: 1.0; val_char_f1: 0.0; val_loss: 23.114261627197266; val_CER: 0.9961001873016357; val_WER: 1.0; val_val_char_f1: 0.0
2025-07-29 16:16:47,725 - root - INFO - Epoch 4; loss: 23.585708618164062; CER: 0.9958745837211609; WER: 1.0; val_char_f1: 0.0; val_loss: 22.579242706298828; val_CER: 0.9961001873016357; val_WER: 1.0; val_val_char_f1: 0.0
2025-07-29 16:16:53,616 - root - INFO - Epoch 5; loss: 23.141820907592773; CER: 0.9958745837211609; WER: 1.0; val_char_f1: 0.0; val_loss: 22.1651668548584; val_CER: 0.996100127696991; val_WER: 1.0; val_val_char_f1: 0.0
2025-07-29 16:17:00,321 - root - INFO - Epoch 6; loss: 22.787242889404297; CER: 0.9958746433258057; WER: 1.0; val_char_f1: 0.0; val_loss: 21.886837005615234; val_CER: 0.9961001873016357; val_WER: 1.0; val_val_char_f1: 0.0
2025-07-29 16:17:07,074 - root - INFO - Epoch 7; loss: 22.39950942993164; CER: 0.9958745837211609; WER: 1.0; val_char_f1: 0.0; val_loss: 21.55762481689453; val_CER: 0.9961001873016357; val_WER: 1.0; val_val_char_f1: 0.001117313397116959
2025-07-29 16:17:13,499 - root - INFO - Epoch 8; loss: 22.013668060302734; CER: 0.9958745837211609; WER: 1.0; val_char_f1: 0.006823138799518347; val_loss: 21.166887283325195; val_CER: 0.996100127696991; val_WER: 1.0; val_val_char_f1: 0.0044692689552903175
2025-07-29 16:17:19,285 - root - INFO - Epoch 9; loss: 21.63196563720703; CER: 0.9958745837211609; WER: 1.0; val_char_f1: 0.006823138799518347; val_loss: 21.003620147705078; val_CER: 0.996100127696991; val_WER: 1.0; val_val_char_f1: 0.002234631683677435
2025-07-29 16:17:24,924 - root - INFO - Epoch 10; loss: 21.40643310546875; CER: 0.9958745837211609; WER: 1.0; val_char_f1: 0.007096065208315849; val_loss: 20.91678237915039; val_CER: 0.9961000680923462; val_WER: 1.0; val_val_char_f1: 0.0044692689552903175
2025-07-29 16:17:30,645 - root - INFO - Epoch 11; loss: 21.17154312133789; CER: 0.9958746433258057; WER: 1.0; val_char_f1: 0.005731436423957348; val_loss: 20.875850677490234; val_CER: 0.9961001873016357; val_WER: 1.0; val_val_char_f1: 0.001117313397116959
2025-07-29 16:17:36,395 - root - INFO - Epoch 12; loss: 21.121501922607422; CER: 0.9958745837211609; WER: 1.0; val_char_f1: 0.005731436423957348; val_loss: 20.72585105895996; val_CER: 0.996100127696991; val_WER: 1.0; val_val_char_f1: 0.0033519500866532326
2025-07-29 16:17:42,198 - root - INFO - Epoch 13; loss: 20.629291534423828; CER: 0.9958745837211609; WER: 1.0; val_char_f1: 0.006004362367093563; val_loss: 20.822847366333008; val_CER: 0.9961001873016357; val_WER: 1.0; val_val_char_f1: 0.008938541635870934
2025-07-29 16:17:47,965 - root - INFO - Epoch 14; loss: 20.34726905822754; CER: 0.9958746433258057; WER: 1.0; val_char_f1: 0.006823138799518347; val_loss: 21.798751831054688; val_CER: 0.996100127696991; val_WER: 1.0; val_val_char_f1: 0.007821224629878998
2025-07-29 16:17:53,746 - root - INFO - Epoch 15; loss: 20.042980194091797; CER: 0.9958746433258057; WER: 1.0; val_char_f1: 0.007096065208315849; val_loss: 20.773759841918945; val_CER: 0.9961001873016357; val_WER: 1.0; val_val_char_f1: 0.001117313397116959
2025-07-29 16:17:59,547 - root - INFO - Epoch 16; loss: 19.8330135345459; CER: 0.9958746433258057; WER: 1.0; val_char_f1: 0.006823138799518347; val_loss: 20.60829734802246; val_CER: 0.9961001873016357; val_WER: 1.0; val_val_char_f1: 0.0044692689552903175
2025-07-29 16:18:05,142 - root - INFO - Epoch 17; loss: 19.907474517822266; CER: 0.9875066876411438; WER: 1.0; val_char_f1: 0.0073689911514520645; val_loss: 21.103939056396484; val_CER: 0.9718326926231384; val_WER: 1.0; val_val_char_f1: 0.002234631683677435
2025-07-29 16:18:10,947 - root - INFO - Epoch 18; loss: 19.68964385986328; CER: 0.9624785780906677; WER: 1.0; val_char_f1: 0.006823138799518347; val_loss: 20.43117332458496; val_CER: 0.9702380895614624; val_WER: 1.0; val_val_char_f1: 0.0044692689552903175
2025-07-29 16:18:16,597 - root - INFO - Epoch 19; loss: 19.554941177368164; CER: 0.9609902501106262; WER: 1.0; val_char_f1: 0.0073689911514520645; val_loss: 20.459796905517578; val_CER: 0.9654145836830139; val_WER: 1.0; val_val_char_f1: 0.0044692689552903175
2025-07-29 16:18:22,611 - root - INFO - Epoch 20; loss: 19.288930892944336; CER: 0.9611164331436157; WER: 1.0; val_char_f1: 0.006550213322043419; val_loss: 20.495838165283203; val_CER: 0.9629040956497192; val_WER: 1.0; val_val_char_f1: 0.0033519500866532326
2025-07-29 16:18:28,432 - root - INFO - Epoch 21; loss: 19.406166076660156; CER: 0.9587358236312866; WER: 1.0; val_char_f1: 0.007914841175079346; val_loss: 21.360876083374023; val_CER: 0.9741892218589783; val_WER: 1.0; val_val_char_f1: 0.002234631683677435
2025-07-29 16:18:34,250 - root - INFO - Epoch 22; loss: 19.656633377075195; CER: 0.9635660648345947; WER: 1.0; val_char_f1: 0.006823138799518347; val_loss: 20.91868019104004; val_CER: 0.9648501873016357; val_WER: 1.0; val_val_char_f1: 0.006703905761241913
2025-07-29 16:18:39,944 - root - INFO - Epoch 23; loss: 19.277164459228516; CER: 0.9573743343353271; WER: 1.0; val_char_f1: 0.0073689911514520645; val_loss: 21.461488723754883; val_CER: 0.9616214036941528; val_WER: 1.0; val_val_char_f1: 0.005586586892604828
2025-07-29 16:18:45,799 - root - INFO - Epoch 24; loss: 19.165340423583984; CER: 0.9589111804962158; WER: 1.0; val_char_f1: 0.007914841175079346; val_loss: 20.51015853881836; val_CER: 0.9647987484931946; val_WER: 1.0; val_val_char_f1: 0.007821224629878998
2025-07-29 16:18:51,523 - root - INFO - Epoch 25; loss: 19.292461395263672; CER: 0.9552143216133118; WER: 1.0; val_char_f1: 0.007641916163265705; val_loss: 21.13900375366211; val_CER: 0.9701867699623108; val_WER: 1.0; val_val_char_f1: 0.007821224629878998
2025-07-29 16:18:57,252 - root - INFO - Epoch 26; loss: 19.119468688964844; CER: 0.9565746188163757; WER: 1.0; val_char_f1: 0.007096065208315849; val_loss: 20.670452117919922; val_CER: 0.9630541801452637; val_WER: 1.0; val_val_char_f1: 0.0033519500866532326
2025-07-29 16:19:03,098 - root - INFO - Epoch 27; loss: 18.683494567871094; CER: 0.9538862705230713; WER: 1.0; val_char_f1: 0.007096065208315849; val_loss: 20.58647346496582; val_CER: 0.9580807685852051; val_WER: 1.0; val_val_char_f1: 0.006703905761241913
2025-07-29 16:19:08,892 - root - INFO - Epoch 28; loss: 18.56507682800293; CER: 0.9560647010803223; WER: 1.0; val_char_f1: 0.008460693061351776; val_loss: 20.491806030273438; val_CER: 0.9593596458435059; val_WER: 1.0; val_val_char_f1: 0.006703905761241913
2025-07-29 16:19:14,662 - root - INFO - Epoch 29; loss: 18.405656814575195; CER: 0.9522960186004639; WER: 1.0; val_char_f1: 0.007096065208315849; val_loss: 20.55708885192871; val_CER: 0.9551557302474976; val_WER: 1.0; val_val_char_f1: 0.006703905761241913
2025-07-29 16:19:20,543 - root - INFO - Epoch 30; loss: 18.216394424438477; CER: 0.9544659852981567; WER: 1.0; val_char_f1: 0.009552396833896637; val_loss: 20.38170623779297; val_CER: 0.9645936489105225; val_WER: 1.0; val_val_char_f1: 0.006703905761241913
2025-07-29 16:19:26,382 - root - INFO - Epoch 31; loss: 18.160295486450195; CER: 0.9530890583992004; WER: 1.0; val_char_f1: 0.008460693061351776; val_loss: 20.471616744995117; val_CER: 0.9513033032417297; val_WER: 1.0; val_val_char_f1: 0.006703905761241913
2025-07-29 16:19:32,000 - root - INFO - Epoch 32; loss: 18.094533920288086; CER: 0.952052652835846; WER: 1.0; val_char_f1: 0.008187767118215561; val_loss: 20.580184936523438; val_CER: 0.9535611867904663; val_WER: 1.0; val_val_char_f1: 0.0033519500866532326
2025-07-29 16:19:38,269 - root - INFO - Epoch 33; loss: 18.039257049560547; CER: 0.9500413537025452; WER: 1.0; val_char_f1: 0.009006544947624207; val_loss: 20.961267471313477; val_CER: 0.9594622850418091; val_WER: 1.0; val_val_char_f1: 0.001117313397116959
2025-07-29 16:19:45,185 - root - INFO - Epoch 34; loss: 17.898088455200195; CER: 0.9460667371749878; WER: 1.0; val_char_f1: 0.009552396833896637; val_loss: 20.482845306396484; val_CER: 0.9582306146621704; val_WER: 1.0; val_val_char_f1: 0.0033519500866532326
2025-07-29 16:19:52,332 - root - INFO - Epoch 35; loss: 17.682687759399414; CER: 0.9425623416900635; WER: 1.0; val_char_f1: 0.009552396833896637; val_loss: 20.423114776611328; val_CER: 0.9538730382919312; val_WER: 1.0; val_val_char_f1: 0.006703905761241913
2025-07-29 16:19:58,434 - root - INFO - Epoch 36; loss: 17.638832092285156; CER: 0.9388130903244019; WER: 1.0; val_char_f1: 0.010371174663305283; val_loss: 20.69482421875; val_CER: 0.9556547999382019; val_WER: 1.0; val_val_char_f1: 0.0033519500866532326
2025-07-29 16:20:04,133 - root - INFO - Epoch 37; loss: 17.48859405517578; CER: 0.938624382019043; WER: 1.0; val_char_f1: 0.010917024686932564; val_loss: 20.760208129882812; val_CER: 0.9513956904411316; val_WER: 1.0; val_val_char_f1: 0.006703905761241913
2025-07-29 16:20:09,803 - root - INFO - Epoch 38; loss: 17.298738479614258; CER: 0.9209240674972534; WER: 1.0; val_char_f1: 0.012554580345749855; val_loss: 20.656208038330078; val_CER: 0.9444170594215393; val_WER: 1.0; val_val_char_f1: 0.0033519500866532326
2025-07-29 16:20:15,588 - root - INFO - Epoch 39; loss: 17.192174911499023; CER: 0.9065534472465515; WER: 1.0; val_char_f1: 0.01173580251634121; val_loss: 20.88327407836914; val_CER: 0.9415435194969177; val_WER: 1.0; val_val_char_f1: 0.0044692689552903175
2025-07-29 16:20:21,279 - root - INFO - Epoch 40; loss: 16.900005340576172; CER: 0.8853301405906677; WER: 1.0; val_char_f1: 0.011189951561391354; val_loss: 20.769485473632812; val_CER: 0.9361043572425842; val_WER: 1.0; val_val_char_f1: 0.006703905761241913
2025-07-29 16:20:27,030 - root - INFO - Epoch 41; loss: 16.916690826416016; CER: 0.8743084669113159; WER: 1.0; val_char_f1: 0.010644100606441498; val_loss: 21.253511428833008; val_CER: 0.9185960292816162; val_WER: 1.0; val_val_char_f1: 0.0044692689552903175
2025-07-29 16:20:32,907 - root - INFO - Epoch 42; loss: 16.94763946533203; CER: 0.876539409160614; WER: 1.0; val_char_f1: 0.011189951561391354; val_loss: 20.524885177612305; val_CER: 0.9289716482162476; val_WER: 1.0; val_val_char_f1: 0.0044692689552903175
2025-07-29 16:20:38,699 - root - INFO - Epoch 43; loss: 16.84671401977539; CER: 0.8756518363952637; WER: 1.0; val_char_f1: 0.01173580251634121; val_loss: 20.65213966369629; val_CER: 0.9278426170349121; val_WER: 1.0; val_val_char_f1: 0.005586586892604828
2025-07-29 16:20:44,359 - root - INFO - Epoch 44; loss: 17.24050521850586; CER: 0.8836178183555603; WER: 1.0; val_char_f1: 0.009552396833896637; val_loss: 21.64902114868164; val_CER: 0.9206998944282532; val_WER: 1.0; val_val_char_f1: 0.005586586892604828
2025-07-29 16:20:49,967 - root - INFO - Epoch 45; loss: 17.326587677001953; CER: 0.8845392465591431; WER: 1.0; val_char_f1: 0.009552396833896637; val_loss: 20.918895721435547; val_CER: 0.921073317527771; val_WER: 1.0; val_val_char_f1: 0.0033519500866532326
2025-07-29 16:20:55,714 - root - INFO - Epoch 46; loss: 17.00934410095215; CER: 0.8819301128387451; WER: 1.0; val_char_f1: 0.008733619004487991; val_loss: 20.21744155883789; val_CER: 0.9152172803878784; val_WER: 1.0; val_val_char_f1: 0.0044692689552903175
2025-07-29 16:21:01,433 - root - INFO - Epoch 47; loss: 16.54738998413086; CER: 0.8753514885902405; WER: 1.0; val_char_f1: 0.011462876573204994; val_loss: 20.48822784423828; val_CER: 0.919632613658905; val_WER: 1.0; val_val_char_f1: 0.006703905761241913
2025-07-29 16:21:07,230 - root - INFO - Epoch 48; loss: 16.260433197021484; CER: 0.8569145202636719; WER: 1.0; val_char_f1: 0.009825322777032852; val_loss: 20.46162986755371; val_CER: 0.903831958770752; val_WER: 1.0; val_val_char_f1: 0.006703905761241913
2025-07-29 16:21:12,850 - root - INFO - Epoch 49; loss: 15.824710845947266; CER: 0.850259006023407; WER: 1.0; val_char_f1: 0.010917024686932564; val_loss: 20.53108787536621; val_CER: 0.9198867678642273; val_WER: 1.0; val_val_char_f1: 0.0033519500866532326
2025-07-29 16:21:18,913 - root - INFO - Epoch 50; loss: 15.685853004455566; CER: 0.8572062849998474; WER: 1.0; val_char_f1: 0.009825322777032852; val_loss: 21.050861358642578; val_CER: 0.9222496151924133; val_WER: 1.0; val_val_char_f1: 0.005586586892604828
2025-07-29 16:21:24,661 - root - INFO - Epoch 51; loss: 15.379500389099121; CER: 0.8639724254608154; WER: 1.0; val_char_f1: 0.012554580345749855; val_loss: 21.356128692626953; val_CER: 0.9244087338447571; val_WER: 1.0; val_val_char_f1: 0.0033519500866532326
2025-07-29 16:21:30,537 - root - INFO - Epoch 52; loss: 15.33138656616211; CER: 0.86402827501297; WER: 1.0; val_char_f1: 0.013100432232022285; val_loss: 21.685043334960938; val_CER: 0.9258927702903748; val_WER: 1.0; val_val_char_f1: 0.008938541635870934
2025-07-29 16:21:36,317 - root - INFO - Epoch 53; loss: 15.284043312072754; CER: 0.855851948261261; WER: 1.0; val_char_f1: 0.011462876573204994; val_loss: 21.654373168945312; val_CER: 0.924816906452179; val_WER: 1.0; val_val_char_f1: 0.007821224629878998
2025-07-29 16:21:42,099 - root - INFO - Epoch 54; loss: 15.461892127990723; CER: 0.8736189007759094; WER: 1.0; val_char_f1: 0.012281653471291065; val_loss: 22.524852752685547; val_CER: 0.9118408560752869; val_WER: 1.0; val_val_char_f1: 0.012290498241782188
2025-07-29 16:21:47,737 - root - INFO - Epoch 55; loss: 15.573890686035156; CER: 0.86580491065979; WER: 1.0; val_char_f1: 0.014192134141921997; val_loss: 22.0316104888916; val_CER: 0.9210811853408813; val_WER: 1.0; val_val_char_f1: 0.0033519500866532326
2025-07-29 16:21:53,537 - root - INFO - Epoch 56; loss: 15.171331405639648; CER: 0.8575920462608337; WER: 1.0; val_char_f1: 0.017194319516420364; val_loss: 22.07014274597168; val_CER: 0.922928512096405; val_WER: 1.0; val_val_char_f1: 0.010055860504508018
2025-07-29 16:21:59,184 - root - INFO - Epoch 57; loss: 14.777017593383789; CER: 0.864844024181366; WER: 1.0; val_char_f1: 0.017740171402692795; val_loss: 22.032188415527344; val_CER: 0.9349831938743591; val_WER: 1.0; val_val_char_f1: 0.005586586892604828
2025-07-29 16:22:05,016 - root - INFO - Epoch 58; loss: 14.358665466308594; CER: 0.8595123887062073; WER: 1.0; val_char_f1: 0.019104797393083572; val_loss: 21.93989372253418; val_CER: 0.9280599355697632; val_WER: 1.0; val_val_char_f1: 0.007821224629878998
2025-07-29 16:22:10,751 - root - INFO - Epoch 59; loss: 14.150455474853516; CER: 0.8434306979179382; WER: 1.0; val_char_f1: 0.018286023288965225; val_loss: 22.561256408691406; val_CER: 0.9321057796478271; val_WER: 1.0; val_val_char_f1: 0.012290498241782188
2025-07-29 16:22:16,528 - root - INFO - Epoch 60; loss: 13.959959030151367; CER: 0.8564125299453735; WER: 1.0; val_char_f1: 0.016648467630147934; val_loss: 22.543872833251953; val_CER: 0.9281626343727112; val_WER: 1.0; val_val_char_f1: 0.012290498241782188
2025-07-29 16:22:22,305 - root - INFO - Epoch 61; loss: 13.733216285705566; CER: 0.8571313619613647; WER: 1.0; val_char_f1: 0.019377723336219788; val_loss: 22.782495498657227; val_CER: 0.9303650856018066; val_WER: 1.0; val_val_char_f1: 0.010055860504508018
2025-07-29 16:22:27,998 - root - INFO - Epoch 62; loss: 13.624903678894043; CER: 0.8490316271781921; WER: 1.0; val_char_f1: 0.021288204938173294; val_loss: 23.30443000793457; val_CER: 0.9344661235809326; val_WER: 1.0; val_val_char_f1: 0.014525134116411209
2025-07-29 16:22:33,727 - root - INFO - Epoch 63; loss: 13.589661598205566; CER: 0.8585136532783508; WER: 1.0; val_char_f1: 0.018286023288965225; val_loss: 23.029478073120117; val_CER: 0.9362146854400635; val_WER: 1.0; val_val_char_f1: 0.006703905761241913
2025-07-29 16:22:39,488 - root - INFO - Epoch 64; loss: 13.338388442993164; CER: 0.856098473072052; WER: 1.0; val_char_f1: 0.02101527899503708; val_loss: 23.84488868713379; val_CER: 0.9408882260322571; val_WER: 1.0; val_val_char_f1: 0.022346362471580505
2025-07-29 16:22:45,412 - root - INFO - Epoch 65; loss: 13.621233940124512; CER: 0.8611004948616028; WER: 1.0; val_char_f1: 0.019650649279356003; val_loss: 24.2093448638916; val_CER: 0.938981831073761; val_WER: 1.0; val_val_char_f1: 0.013407815247774124
2025-07-29 16:22:51,130 - root - INFO - Epoch 66; loss: 13.337986946105957; CER: 0.8689762949943542; WER: 1.0; val_char_f1: 0.02046942710876465; val_loss: 23.53065299987793; val_CER: 0.927077054977417; val_WER: 1.0; val_val_char_f1: 0.012290498241782188
2025-07-29 16:22:56,824 - root - INFO - Epoch 67; loss: 13.885455131530762; CER: 0.8752721548080444; WER: 1.0; val_char_f1: 0.020196501165628433; val_loss: 24.783695220947266; val_CER: 0.9312846660614014; val_WER: 1.0; val_val_char_f1: 0.011173179373145103
2025-07-29 16:23:02,556 - root - INFO - Epoch 68; loss: 14.950634956359863; CER: 0.88778156042099; WER: 1.0; val_char_f1: 0.019650649279356003; val_loss: 23.57575035095215; val_CER: 0.9208759665489197; val_WER: 1.0; val_val_char_f1: 0.011173179373145103
2025-07-29 16:23:08,314 - root - INFO - Epoch 69; loss: 13.743339538574219; CER: 0.8665779232978821; WER: 1.0; val_char_f1: 0.019104797393083572; val_loss: 23.833091735839844; val_CER: 0.9260585904121399; val_WER: 1.0; val_val_char_f1: 0.013407815247774124
2025-07-29 16:23:14,096 - root - INFO - Epoch 70; loss: 12.831750869750977; CER: 0.8683441877365112; WER: 1.0; val_char_f1: 0.02101527899503708; val_loss: 24.302087783813477; val_CER: 0.9368818998336792; val_WER: 1.0; val_val_char_f1: 0.011173179373145103
2025-07-29 16:23:19,910 - root - INFO - Epoch 71; loss: 12.078292846679688; CER: 0.854856014251709; WER: 1.0; val_char_f1: 0.02210698276758194; val_loss: 24.779268264770508; val_CER: 0.9203628301620483; val_WER: 1.0; val_val_char_f1: 0.010055860504508018
2025-07-29 16:23:25,689 - root - INFO - Epoch 72; loss: 11.58013916015625; CER: 0.8552891612052917; WER: 1.0; val_char_f1: 0.021834056824445724; val_loss: 25.21352767944336; val_CER: 0.9341108798980713; val_WER: 1.0; val_val_char_f1: 0.017877090722322464
2025-07-29 16:23:31,370 - root - INFO - Epoch 73; loss: 11.120038986206055; CER: 0.8540119528770447; WER: 1.0; val_char_f1: 0.024290388450026512; val_loss: 25.453983306884766; val_CER: 0.9229207038879395; val_WER: 1.0; val_val_char_f1: 0.012290498241782188
2025-07-29 16:23:37,165 - root - INFO - Epoch 74; loss: 10.673020362854004; CER: 0.8531709313392639; WER: 1.0; val_char_f1: 0.02565501630306244; val_loss: 26.43592643737793; val_CER: 0.9285651445388794; val_WER: 1.0; val_val_char_f1: 0.010055860504508018
2025-07-29 16:23:42,988 - root - INFO - Epoch 75; loss: 10.603280067443848; CER: 0.8409801721572876; WER: 1.0; val_char_f1: 0.025382090359926224; val_loss: 26.363422393798828; val_CER: 0.9257980585098267; val_WER: 1.0; val_val_char_f1: 0.014525134116411209
2025-07-29 16:23:48,699 - root - INFO - Epoch 76; loss: 10.488566398620605; CER: 0.8460908532142639; WER: 1.0; val_char_f1: 0.02620086818933487; val_loss: 27.50538444519043; val_CER: 0.9265676736831665; val_WER: 1.0; val_val_char_f1: 0.006703905761241913
2025-07-29 16:23:54,542 - root - INFO - Epoch 77; loss: 10.336732864379883; CER: 0.8554896712303162; WER: 1.0; val_char_f1: 0.024290388450026512; val_loss: 27.96221923828125; val_CER: 0.9316335916519165; val_WER: 1.0; val_val_char_f1: 0.015642452985048294
2025-07-29 16:24:00,177 - root - INFO - Epoch 78; loss: 10.093825340270996; CER: 0.8546932339668274; WER: 1.0; val_char_f1: 0.02456331066787243; val_loss: 27.935216903686523; val_CER: 0.9273848533630371; val_WER: 1.0; val_val_char_f1: 0.010055860504508018
2025-07-29 16:24:05,985 - root - INFO - Epoch 79; loss: 9.938369750976562; CER: 0.8579724431037903; WER: 1.0; val_char_f1: 0.025382090359926224; val_loss: 28.444189071655273; val_CER: 0.9257980585098267; val_WER: 1.0; val_val_char_f1: 0.008938541635870934
2025-07-29 16:24:12,503 - root - INFO - Epoch 80; loss: 9.563070297241211; CER: 0.8400022983551025; WER: 1.0; val_char_f1: 0.0267467200756073; val_loss: 29.467195510864258; val_CER: 0.9212311506271362; val_WER: 1.0; val_val_char_f1: 0.015642452985048294
2025-07-29 16:24:18,375 - root - INFO - Epoch 81; loss: 9.025362968444824; CER: 0.8454793095588684; WER: 1.0; val_char_f1: 0.027565497905015945; val_loss: 30.233308792114258; val_CER: 0.9261020421981812; val_WER: 1.0; val_val_char_f1: 0.011173179373145103
2025-07-29 16:24:24,860 - root - INFO - Epoch 82; loss: 8.667848587036133; CER: 0.8398498296737671; WER: 1.0; val_char_f1: 0.025927942246198654; val_loss: 30.396595001220703; val_CER: 0.9169722199440002; val_WER: 1.0; val_val_char_f1: 0.017877090722322464
2025-07-29 16:24:30,758 - root - INFO - Epoch 83; loss: 8.584601402282715; CER: 0.8488126993179321; WER: 1.0; val_char_f1: 0.026473794132471085; val_loss: 31.3201904296875; val_CER: 0.9296016693115234; val_WER: 1.0; val_val_char_f1: 0.007821224629878998
2025-07-29 16:24:43,327 - root - INFO - Epoch 84; loss: 8.59024715423584; CER: 0.847352921962738; WER: 1.0; val_char_f1: 0.02620086818933487; val_loss: 32.215999603271484; val_CER: 0.9268063306808472; val_WER: 1.0; val_val_char_f1: 0.012290498241782188
2025-07-29 16:24:48,673 - root - INFO - Epoch 85; loss: 9.025237083435059; CER: 0.8478306531906128; WER: 1.0; val_char_f1: 0.02783842571079731; val_loss: 31.96820640563965; val_CER: 0.9218430519104004; val_WER: 1.0; val_val_char_f1: 0.01675977185368538
2025-07-29 16:24:53,863 - root - INFO - Epoch 86; loss: 8.16561222076416; CER: 0.8547995686531067; WER: 1.0; val_char_f1: 0.02838427573442459; val_loss: 31.119600296020508; val_CER: 0.9284071922302246; val_WER: 1.0; val_val_char_f1: 0.014525134116411209
2025-07-29 16:24:59,074 - root - INFO - Epoch 87; loss: 7.3667473793029785; CER: 0.852461040019989; WER: 1.0; val_char_f1: 0.02729257009923458; val_loss: 33.48169708251953; val_CER: 0.9323663115501404; val_WER: 1.0; val_val_char_f1: 0.02122904732823372
2025-07-29 16:25:04,521 - root - INFO - Epoch 88; loss: 6.9343085289001465; CER: 0.8562206625938416; WER: 1.0; val_char_f1: 0.028111349791288376; val_loss: 33.52926254272461; val_CER: 0.9225574731826782; val_WER: 1.0; val_val_char_f1: 0.012290498241782188
2025-07-29 16:25:15,641 - root - INFO - Epoch 89; loss: 6.298137664794922; CER: 0.8487350940704346; WER: 1.0; val_char_f1: 0.030021827667951584; val_loss: 34.779808044433594; val_CER: 0.928715169429779; val_WER: 1.0; val_val_char_f1: 0.022346362471580505
2025-07-29 16:25:20,870 - root - INFO - Epoch 90; loss: 5.782382011413574; CER: 0.8525720834732056; WER: 1.0; val_char_f1: 0.030567679554224014; val_loss: 34.76638412475586; val_CER: 0.9247022867202759; val_WER: 1.0; val_val_char_f1: 0.011173179373145103
2025-07-29 16:25:26,117 - root - INFO - Epoch 91; loss: 5.611351490020752; CER: 0.853695273399353; WER: 1.0; val_char_f1: 0.0302947536110878; val_loss: 36.544254302978516; val_CER: 0.929232120513916; val_WER: 1.0; val_val_char_f1: 0.010055860504508018
2025-07-29 16:25:31,308 - root - INFO - Epoch 92; loss: 5.2837605476379395; CER: 0.8525240421295166; WER: 1.0; val_char_f1: 0.03193230926990509; val_loss: 37.364341735839844; val_CER: 0.9239509105682373; val_WER: 1.0; val_val_char_f1: 0.015642452985048294
2025-07-29 16:25:36,488 - root - INFO - Epoch 93; loss: 5.109342098236084; CER: 0.8621755242347717; WER: 1.0; val_char_f1: 0.030021827667951584; val_loss: 38.29307556152344; val_CER: 0.9237889647483826; val_WER: 1.0; val_val_char_f1: 0.008938541635870934
2025-07-29 16:25:41,905 - root - INFO - Epoch 94; loss: 4.907106399536133; CER: 0.848522424697876; WER: 1.0; val_char_f1: 0.029203053563833237; val_loss: 38.99106216430664; val_CER: 0.9347187280654907; val_WER: 1.0; val_val_char_f1: 0.013407815247774124
2025-07-29 16:25:47,049 - root - INFO - Epoch 95; loss: 4.662384033203125; CER: 0.865273654460907; WER: 1.0; val_char_f1: 0.028657201677560806; val_loss: 38.72156524658203; val_CER: 0.936775267124176; val_WER: 1.0; val_val_char_f1: 0.012290498241782188
2025-07-29 16:25:52,243 - root - INFO - Epoch 96; loss: 4.477153778076172; CER: 0.8513651490211487; WER: 1.0; val_char_f1: 0.030021827667951584; val_loss: 39.95797348022461; val_CER: 0.9261533617973328; val_WER: 1.0; val_val_char_f1: 0.014525134116411209
2025-07-29 16:25:58,899 - root - INFO - Epoch 97; loss: 4.188553810119629; CER: 0.8568347096443176; WER: 1.0; val_char_f1: 0.030021827667951584; val_loss: 41.85244369506836; val_CER: 0.9319005012512207; val_WER: 1.0; val_val_char_f1: 0.010055860504508018
2025-07-29 16:26:04,653 - root - INFO - Epoch 98; loss: 4.1312150955200195; CER: 0.8489977717399597; WER: 1.0; val_char_f1: 0.029748905450105667; val_loss: 41.33401107788086; val_CER: 0.9362068176269531; val_WER: 1.0; val_val_char_f1: 0.008938541635870934
2025-07-29 16:26:10,404 - root - INFO - Epoch 99; loss: 3.6000285148620605; CER: 0.8668302297592163; WER: 1.0; val_char_f1: 0.031113531440496445; val_loss: 42.617340087890625; val_CER: 0.9328201413154602; val_WER: 1.0; val_val_char_f1: 0.010055860504508018
2025-07-29 16:26:17,645 - root - INFO - Epoch 100; loss: 3.4586141109466553; CER: 0.8510783314704895; WER: 1.0; val_char_f1: 0.03247816115617752; val_loss: 43.629703521728516; val_CER: 0.9275348782539368; val_WER: 1.0; val_val_char_f1: 0.017877090722322464
2025-07-29 16:26:24,592 - root - INFO - Epoch 101; loss: 2.8678011894226074; CER: 0.8417014479637146; WER: 1.0; val_char_f1: 0.03247816115617752; val_loss: 44.47071075439453; val_CER: 0.9320505261421204; val_WER: 1.0; val_val_char_f1: 0.02122904732823372
2025-07-29 16:26:34,231 - root - INFO - Epoch 102; loss: 2.3674168586730957; CER: 0.8511890172958374; WER: 1.0; val_char_f1: 0.03302401304244995; val_loss: 44.9989128112793; val_CER: 0.9302031993865967; val_WER: 1.0; val_val_char_f1: 0.01675977185368538
2025-07-29 16:26:39,702 - root - INFO - Epoch 103; loss: 1.9719761610031128; CER: 0.8512303829193115; WER: 1.0; val_char_f1: 0.03329693526029587; val_loss: 46.28243637084961; val_CER: 0.9311267733573914; val_WER: 1.0; val_val_char_f1: 0.013407815247774124
2025-07-29 16:26:44,874 - root - INFO - Epoch 104; loss: 1.6489989757537842; CER: 0.8413703441619873; WER: 1.0; val_char_f1: 0.03356986492872238; val_loss: 46.85768127441406; val_CER: 0.9408764243125916; val_WER: 1.0; val_val_char_f1: 0.008938541635870934
2025-07-29 16:26:50,231 - root - INFO - Epoch 105; loss: 1.4193966388702393; CER: 0.849442183971405; WER: 1.0; val_char_f1: 0.03247816115617752; val_loss: 48.421630859375; val_CER: 0.9288215637207031; val_WER: 1.0; val_val_char_f1: 0.014525134116411209
2025-07-29 16:26:55,584 - root - INFO - Epoch 106; loss: 1.202731728553772; CER: 0.8416709303855896; WER: 1.0; val_char_f1: 0.03329693526029587; val_loss: 49.75358581542969; val_CER: 0.9303098320960999; val_WER: 1.0; val_val_char_f1: 0.015642452985048294
2025-07-29 16:27:00,939 - root - INFO - Epoch 107; loss: 1.0812060832977295; CER: 0.8424099087715149; WER: 1.0; val_char_f1: 0.0338427871465683; val_loss: 50.346412658691406; val_CER: 0.9405171871185303; val_WER: 1.0; val_val_char_f1: 0.012290498241782188
2025-07-29 16:27:06,188 - root - INFO - Epoch 108; loss: 0.9135762453079224; CER: 0.8480597734451294; WER: 1.0; val_char_f1: 0.03438863903284073; val_loss: 51.274410247802734; val_CER: 0.9352318048477173; val_WER: 1.0; val_val_char_f1: 0.020111728459596634
2025-07-29 16:27:11,618 - root - INFO - Epoch 109; loss: 0.8464372754096985; CER: 0.8477765321731567; WER: 1.0; val_char_f1: 0.03329693526029587; val_loss: 50.58687973022461; val_CER: 0.9340043067932129; val_WER: 1.0; val_val_char_f1: 0.008938541635870934
2025-07-29 16:27:17,298 - root - INFO - Epoch 110; loss: 0.7954899668693542; CER: 0.8538638949394226; WER: 1.0; val_char_f1: 0.03247816115617752; val_loss: 52.143856048583984; val_CER: 0.9323070645332336; val_WER: 1.0; val_val_char_f1: 0.01899440959095955
2025-07-29 16:27:23,750 - root - INFO - Epoch 111; loss: 0.9456506967544556; CER: 0.8476356267929077; WER: 1.0; val_char_f1: 0.03302401304244995; val_loss: 53.43305587768555; val_CER: 0.9244086742401123; val_WER: 1.0; val_val_char_f1: 0.013407815247774124
2025-07-29 16:27:29,567 - root - INFO - Epoch 112; loss: 1.4950206279754639; CER: 0.8493377566337585; WER: 1.0; val_char_f1: 0.03138645738363266; val_loss: 53.06065368652344; val_CER: 0.9351703524589539; val_WER: 1.0; val_val_char_f1: 0.017877090722322464
2025-07-29 16:27:35,245 - root - INFO - Epoch 113; loss: 2.395475387573242; CER: 0.8539677858352661; WER: 1.0; val_char_f1: 0.03329693526029587; val_loss: 51.197784423828125; val_CER: 0.9460180401802063; val_WER: 1.0; val_val_char_f1: 0.011173179373145103
2025-07-29 16:27:41,054 - root - INFO - Epoch 114; loss: 8.12758731842041; CER: 0.873993456363678; WER: 1.0; val_char_f1: 0.029203053563833237; val_loss: 47.289215087890625; val_CER: 0.9454473257064819; val_WER: 1.0; val_val_char_f1: 0.015642452985048294
2025-07-29 16:27:46,681 - root - INFO - Epoch 115; loss: 9.012519836425781; CER: 0.8625496029853821; WER: 1.0; val_char_f1: 0.026473794132471085; val_loss: 42.83988571166992; val_CER: 0.9417077302932739; val_WER: 1.0; val_val_char_f1: 0.020111728459596634
2025-07-29 16:27:52,498 - root - INFO - Epoch 116; loss: 5.925652503967285; CER: 0.8543539047241211; WER: 1.0; val_char_f1: 0.0267467200756073; val_loss: 44.28892517089844; val_CER: 0.9247063398361206; val_WER: 1.0; val_val_char_f1: 0.014525134116411209
2025-07-29 16:27:58,028 - root - INFO - Epoch 117; loss: 2.834299325942993; CER: 0.8466358780860901; WER: 1.0; val_char_f1: 0.030021827667951584; val_loss: 46.343109130859375; val_CER: 0.9167014360427856; val_WER: 1.0; val_val_char_f1: 0.008938541635870934
2025-07-29 16:28:03,767 - root - INFO - Epoch 118; loss: 1.5860445499420166; CER: 0.8408808708190918; WER: 1.0; val_char_f1: 0.03193230926990509; val_loss: 47.255271911621094; val_CER: 0.9169580340385437; val_WER: 1.0; val_val_char_f1: 0.014525134116411209
2025-07-29 16:28:09,462 - root - INFO - Epoch 119; loss: 0.9725719690322876; CER: 0.8384481072425842; WER: 1.0; val_char_f1: 0.03193230926990509; val_loss: 48.81876754760742; val_CER: 0.920197069644928; val_WER: 1.0; val_val_char_f1: 0.01675977185368538
2025-07-29 16:28:15,223 - root - INFO - Epoch 120; loss: 0.7124664187431335; CER: 0.84579998254776; WER: 1.0; val_char_f1: 0.03275108337402344; val_loss: 50.102439880371094; val_CER: 0.9233168959617615; val_WER: 1.0; val_val_char_f1: 0.013407815247774124
2025-07-29 16:28:21,000 - root - INFO - Epoch 121; loss: 0.5381942391395569; CER: 0.836639404296875; WER: 1.0; val_char_f1: 0.03329693526029587; val_loss: 51.15752029418945; val_CER: 0.9214285612106323; val_WER: 1.0; val_val_char_f1: 0.007821224629878998
2025-07-29 16:28:26,669 - root - INFO - Epoch 122; loss: 0.4422394335269928; CER: 0.8397960662841797; WER: 1.0; val_char_f1: 0.03411571681499481; val_loss: 52.477664947509766; val_CER: 0.9246614575386047; val_WER: 1.0; val_val_char_f1: 0.013407815247774124
2025-07-29 16:28:32,402 - root - INFO - Epoch 123; loss: 0.3743128478527069; CER: 0.8433905839920044; WER: 1.0; val_char_f1: 0.0338427871465683; val_loss: 53.12721252441406; val_CER: 0.9219930171966553; val_WER: 1.0; val_val_char_f1: 0.02122904732823372
2025-07-29 16:28:34,546 - tf2onnx.tfonnx - INFO - Using tensorflow=2.10.0, onnx=1.12.0, tf2onnx=1.14.0/8f8d49
2025-07-29 16:28:34,546 - tf2onnx.tfonnx - INFO - Using opset <onnx, 15>
2025-07-29 16:28:34,679 - tf2onnx.tf_utils - INFO - Computed 0 values for constant folding
2025-07-29 16:28:34,681 - tf2onnx.tf_utils - INFO - Computed 0 values for constant folding
2025-07-29 16:28:34,686 - tf2onnx.tf_utils - INFO - Computed 0 values for constant folding
2025-07-29 16:28:34,690 - tf2onnx.tf_utils - INFO - Computed 0 values for constant folding
2025-07-29 16:28:34,695 - tf2onnx.tf_utils - INFO - Computed 0 values for constant folding
2025-07-29 16:28:34,696 - tf2onnx.tf_utils - INFO - Computed 0 values for constant folding
2025-07-29 16:28:34,698 - tf2onnx.tf_utils - INFO - Computed 0 values for constant folding
2025-07-29 16:28:34,700 - tf2onnx.tf_utils - INFO - Computed 0 values for constant folding
2025-07-29 16:28:34,800 - tf2onnx.tf_utils - INFO - Computed 2 values for constant folding
2025-07-29 16:28:34,897 - tf2onnx.tfonnx - INFO - folding node using tf type=StridedSlice, name=model/bidirectional/forward_lstm/PartitionedCall/strided_slice
2025-07-29 16:28:34,897 - tf2onnx.tfonnx - INFO - folding node using tf type=StridedSlice, name=model/bidirectional/backward_lstm/PartitionedCall/strided_slice
2025-07-29 16:28:35,090 - tf2onnx.optimizer - INFO - Optimizing ONNX model
2025-07-29 16:28:35,983 - tf2onnx.optimizer - INFO - After optimization: BatchNormalization -29 (29->0), Cast -15 (24->9), Concat -12 (21->9), Const -227 (317->90), Expand -6 (8->2), Gather +1 (4->5), GlobalAveragePool +2 (0->2), Identity -2 (2->0), ReduceMean -2 (2->0), ReduceProd -2 (4->2), Reshape +1 (7->8), Shape -5 (9->4), Slice -5 (11->6), Squeeze -5 (11->6), Transpose -117 (122->5), Unsqueeze -35 (39->4)
