2025-07-29 17:51:28,383 - DataProvider - INFO - Skipping Dataset validation...
2025-07-29 17:51:30,197 - tensorflow - WARNING - From /home/lamin/anaconda3/envs/new-gpu/lib/python3.10/site-packages/tensorflow/python/ops/ctc_ops.py:1465: alias_inplace_add (from tensorflow.python.ops.inplace_ops) is deprecated and will be removed in a future version.
Instructions for updating:
Prefer tf.tensor_scatter_nd_add, which offers the same functionality with well-defined read-write semantics.
2025-07-29 17:51:30,280 - tensorflow - WARNING - From /home/lamin/anaconda3/envs/new-gpu/lib/python3.10/site-packages/tensorflow/python/ops/ctc_ops.py:1448: alias_inplace_update (from tensorflow.python.ops.inplace_ops) is deprecated and will be removed in a future version.
Instructions for updating:
Prefer tf.tensor_scatter_nd_update, which offers the same functionality with well-defined read-write semantics.
2025-07-29 17:51:43,746 - root - INFO - Epoch 0; loss: 177.1351318359375; CER: 2.2857143878936768; WER: 1.0; val_char_f1: 0.0; val_loss: 173.3366241455078; val_CER: 1.0; val_WER: 1.0; val_val_char_f1: 0.0
2025-07-29 17:51:46,678 - root - INFO - Epoch 1; loss: 165.13845825195312; CER: 1.0; WER: 1.0; val_char_f1: 0.0; val_loss: 169.67933654785156; val_CER: 1.0; val_WER: 1.0; val_val_char_f1: 0.0
2025-07-29 17:51:47,666 - root - INFO - Epoch 2; loss: 153.34649658203125; CER: 0.8571428656578064; WER: 1.0; val_char_f1: 0.0; val_loss: 163.0400390625; val_CER: 1.0; val_WER: 1.0; val_val_char_f1: 0.0
2025-07-29 17:51:48,612 - root - INFO - Epoch 3; loss: 141.00511169433594; CER: 0.8571428656578064; WER: 1.0; val_char_f1: 0.0; val_loss: 152.87278747558594; val_CER: 1.0; val_WER: 1.0; val_val_char_f1: 0.0
2025-07-29 17:51:49,944 - root - INFO - Epoch 4; loss: 129.78982543945312; CER: 1.0; WER: 1.0; val_char_f1: 0.0; val_loss: 140.8205108642578; val_CER: 1.0; val_WER: 1.0; val_val_char_f1: 0.0
2025-07-29 17:51:50,728 - root - INFO - Epoch 5; loss: 119.00703430175781; CER: 1.0; WER: 1.0; val_char_f1: 0.0; val_loss: 127.7154541015625; val_CER: 1.0; val_WER: 1.0; val_val_char_f1: 0.0
2025-07-29 17:51:51,449 - root - INFO - Epoch 6; loss: 108.09237670898438; CER: 1.0; WER: 1.0; val_char_f1: 0.0; val_loss: 114.5422134399414; val_CER: 1.0; val_WER: 1.0; val_val_char_f1: 0.0
2025-07-29 17:51:52,164 - root - INFO - Epoch 7; loss: 97.40094757080078; CER: 1.0; WER: 1.0; val_char_f1: 0.0; val_loss: 101.49608612060547; val_CER: 1.0; val_WER: 1.0; val_val_char_f1: 0.0
2025-07-29 17:51:52,896 - root - INFO - Epoch 8; loss: 87.20903778076172; CER: 1.0; WER: 1.0; val_char_f1: 0.0; val_loss: 90.12581634521484; val_CER: 1.0; val_WER: 1.0; val_val_char_f1: 0.0
2025-07-29 17:51:53,608 - root - INFO - Epoch 9; loss: 77.65785217285156; CER: 1.0; WER: 1.0; val_char_f1: 0.0; val_loss: 79.98080444335938; val_CER: 1.0; val_WER: 1.0; val_val_char_f1: 0.0
2025-07-29 17:51:54,501 - root - INFO - Epoch 10; loss: 68.6750259399414; CER: 1.0; WER: 1.0; val_char_f1: 0.0; val_loss: 70.5479965209961; val_CER: 1.0; val_WER: 1.0; val_val_char_f1: 0.0
2025-07-29 17:51:55,188 - root - INFO - Epoch 11; loss: 60.02033233642578; CER: 1.0; WER: 1.0; val_char_f1: 0.0; val_loss: 61.97093963623047; val_CER: 1.0; val_WER: 1.0; val_val_char_f1: 0.0
2025-07-29 17:51:55,895 - root - INFO - Epoch 12; loss: 51.99037170410156; CER: 1.0; WER: 1.0; val_char_f1: 0.0; val_loss: 54.14920425415039; val_CER: 1.0; val_WER: 1.0; val_val_char_f1: 0.0
2025-07-29 17:51:56,594 - root - INFO - Epoch 13; loss: 45.09273910522461; CER: 1.0; WER: 1.0; val_char_f1: 0.0; val_loss: 47.53676986694336; val_CER: 1.0; val_WER: 1.0; val_val_char_f1: 0.0
2025-07-29 17:51:57,405 - root - INFO - Epoch 14; loss: 39.50870895385742; CER: 1.0; WER: 1.0; val_char_f1: 0.0; val_loss: 42.21546173095703; val_CER: 1.0; val_WER: 1.0; val_val_char_f1: 0.0
2025-07-29 17:51:58,128 - root - INFO - Epoch 15; loss: 35.04344940185547; CER: 1.0; WER: 1.0; val_char_f1: 0.0; val_loss: 38.045719146728516; val_CER: 1.0; val_WER: 1.0; val_val_char_f1: 0.0
2025-07-29 17:52:02,175 - tf2onnx.tfonnx - INFO - Using tensorflow=2.10.0, onnx=1.12.0, tf2onnx=1.14.0/8f8d49
2025-07-29 17:52:02,175 - tf2onnx.tfonnx - INFO - Using opset <onnx, 15>
2025-07-29 17:52:02,417 - tf2onnx.tf_utils - INFO - Computed 0 values for constant folding
2025-07-29 17:52:02,424 - tf2onnx.tf_utils - INFO - Computed 0 values for constant folding
2025-07-29 17:52:02,434 - tf2onnx.tf_utils - INFO - Computed 0 values for constant folding
2025-07-29 17:52:02,447 - tf2onnx.tf_utils - INFO - Computed 0 values for constant folding
2025-07-29 17:52:02,467 - tf2onnx.tf_utils - INFO - Computed 0 values for constant folding
2025-07-29 17:52:02,475 - tf2onnx.tf_utils - INFO - Computed 0 values for constant folding
2025-07-29 17:52:02,484 - tf2onnx.tf_utils - INFO - Computed 0 values for constant folding
2025-07-29 17:52:02,501 - tf2onnx.tf_utils - INFO - Computed 0 values for constant folding
2025-07-29 17:52:02,709 - tf2onnx.tf_utils - INFO - Computed 2 values for constant folding
2025-07-29 17:52:02,830 - tf2onnx.tfonnx - INFO - folding node using tf type=StridedSlice, name=model/bidirectional/forward_lstm/PartitionedCall/strided_slice
2025-07-29 17:52:02,830 - tf2onnx.tfonnx - INFO - folding node using tf type=StridedSlice, name=model/bidirectional/backward_lstm/PartitionedCall/strided_slice
2025-07-29 17:52:03,205 - tf2onnx.optimizer - INFO - Optimizing ONNX model
2025-07-29 17:52:04,887 - tf2onnx.optimizer - INFO - After optimization: BatchNormalization -29 (29->0), Cast -15 (24->9), Concat -12 (21->9), Const -227 (317->90), Expand -6 (8->2), Gather +1 (4->5), GlobalAveragePool +2 (0->2), Identity -2 (2->0), ReduceMean -2 (2->0), ReduceProd -2 (4->2), Reshape +1 (7->8), Shape -5 (9->4), Slice -5 (11->6), Squeeze -5 (11->6), Transpose -117 (122->5), Unsqueeze -35 (39->4)
2025-07-29 17:52:07,819 - tensorflow - WARNING - Callback method `on_train_batch_end` is slow compared to the batch time (batch time: 0.0663s vs `on_train_batch_end` time: 0.1021s). Check your callbacks.
2025-07-29 17:52:15,336 - root - INFO - Epoch 0; loss: 47.010154724121094; CER: 0.9986034035682678; WER: 1.0; val_char_f1: 0.0010916980681940913; val_loss: 26.23310089111328; val_CER: 0.996100127696991; val_WER: 1.0; val_val_char_f1: 0.0
2025-07-29 17:52:20,745 - root - INFO - Epoch 1; loss: 26.018814086914062; CER: 0.9958745837211609; WER: 1.0; val_char_f1: 0.0; val_loss: 24.505109786987305; val_CER: 0.996100127696991; val_WER: 1.0; val_val_char_f1: 0.0
2025-07-29 17:52:25,944 - root - INFO - Epoch 2; loss: 25.061704635620117; CER: 0.9958746433258057; WER: 1.0; val_char_f1: 0.0; val_loss: 23.92801856994629; val_CER: 0.9961001873016357; val_WER: 1.0; val_val_char_f1: 0.0
2025-07-29 17:52:31,202 - root - INFO - Epoch 3; loss: 24.465747833251953; CER: 0.9958745837211609; WER: 1.0; val_char_f1: 0.0; val_loss: 23.364057540893555; val_CER: 0.9961001873016357; val_WER: 1.0; val_val_char_f1: 0.0
2025-07-29 17:52:36,434 - root - INFO - Epoch 4; loss: 23.717594146728516; CER: 0.9958746433258057; WER: 1.0; val_char_f1: 0.0; val_loss: 22.64238739013672; val_CER: 0.9961001873016357; val_WER: 1.0; val_val_char_f1: 0.0
2025-07-29 17:52:41,685 - root - INFO - Epoch 5; loss: 22.964683532714844; CER: 0.9958745241165161; WER: 1.0; val_char_f1: 0.0; val_loss: 21.869464874267578; val_CER: 0.996100127696991; val_WER: 1.0; val_val_char_f1: 0.0
2025-07-29 17:52:47,097 - root - INFO - Epoch 6; loss: 22.314584732055664; CER: 0.9958746433258057; WER: 1.0; val_char_f1: 0.003275104332715273; val_loss: 21.363096237182617; val_CER: 0.9961001873016357; val_WER: 1.0; val_val_char_f1: 0.005586586892604828
2025-07-29 17:52:52,514 - root - INFO - Epoch 7; loss: 21.853801727294922; CER: 0.9958745837211609; WER: 1.0; val_char_f1: 0.006550213322043419; val_loss: 21.074146270751953; val_CER: 0.9961001873016357; val_WER: 1.0; val_val_char_f1: 0.005586586892604828
2025-07-29 17:52:58,012 - root - INFO - Epoch 8; loss: 21.56993865966797; CER: 0.9958745837211609; WER: 1.0; val_char_f1: 0.006550213322043419; val_loss: 20.726036071777344; val_CER: 0.9961001873016357; val_WER: 1.0; val_val_char_f1: 0.007821224629878998
2025-07-29 17:53:03,290 - root - INFO - Epoch 9; loss: 21.206315994262695; CER: 0.9958745241165161; WER: 1.0; val_char_f1: 0.0051855845376849174; val_loss: 20.817584991455078; val_CER: 0.996100127696991; val_WER: 1.0; val_val_char_f1: 0.005586586892604828
2025-07-29 17:53:08,419 - root - INFO - Epoch 10; loss: 21.08796501159668; CER: 0.9958745837211609; WER: 1.0; val_char_f1: 0.005731436423957348; val_loss: 20.978918075561523; val_CER: 0.9961001873016357; val_WER: 1.0; val_val_char_f1: 0.008938541635870934
2025-07-29 17:53:13,678 - root - INFO - Epoch 11; loss: 20.914356231689453; CER: 0.9958745837211609; WER: 1.0; val_char_f1: 0.006550213322043419; val_loss: 20.653099060058594; val_CER: 0.9961001873016357; val_WER: 1.0; val_val_char_f1: 0.007821224629878998
2025-07-29 17:53:19,133 - root - INFO - Epoch 12; loss: 20.5217227935791; CER: 0.9958745837211609; WER: 1.0; val_char_f1: 0.007641916163265705; val_loss: 20.449092864990234; val_CER: 0.9961000680923462; val_WER: 1.0; val_val_char_f1: 0.008938541635870934
2025-07-29 17:53:24,576 - root - INFO - Epoch 13; loss: 20.15690040588379; CER: 0.9958746433258057; WER: 1.0; val_char_f1: 0.008460693061351776; val_loss: 21.934226989746094; val_CER: 0.996100127696991; val_WER: 1.0; val_val_char_f1: 0.006703905761241913
2025-07-29 17:53:29,822 - root - INFO - Epoch 14; loss: 20.039447784423828; CER: 0.9958746433258057; WER: 1.0; val_char_f1: 0.006823138799518347; val_loss: 20.377042770385742; val_CER: 0.9961000680923462; val_WER: 1.0; val_val_char_f1: 0.0033519500866532326
2025-07-29 17:53:35,246 - root - INFO - Epoch 15; loss: 19.706960678100586; CER: 0.9958746433258057; WER: 1.0; val_char_f1: 0.009006544947624207; val_loss: 20.472375869750977; val_CER: 0.996100127696991; val_WER: 1.0; val_val_char_f1: 0.011173179373145103
2025-07-29 17:53:40,663 - root - INFO - Epoch 16; loss: 19.8057861328125; CER: 0.9958746433258057; WER: 1.0; val_char_f1: 0.010098248720169067; val_loss: 21.32924461364746; val_CER: 0.996100127696991; val_WER: 1.0; val_val_char_f1: 0.010055860504508018
2025-07-29 17:53:46,025 - root - INFO - Epoch 17; loss: 19.653831481933594; CER: 0.9958746433258057; WER: 1.0; val_char_f1: 0.014737986028194427; val_loss: 21.261274337768555; val_CER: 0.996100127696991; val_WER: 1.0; val_val_char_f1: 0.006703905761241913
2025-07-29 17:53:51,257 - root - INFO - Epoch 18; loss: 19.57000732421875; CER: 0.9958746433258057; WER: 1.0; val_char_f1: 0.014737986028194427; val_loss: 20.72269630432129; val_CER: 0.9961001873016357; val_WER: 1.0; val_val_char_f1: 0.010055860504508018
2025-07-29 17:53:56,672 - root - INFO - Epoch 19; loss: 19.256078720092773; CER: 0.9939420819282532; WER: 1.0; val_char_f1: 0.01637554168701172; val_loss: 20.70989990234375; val_CER: 0.9961001873016357; val_WER: 1.0; val_val_char_f1: 0.008938541635870934
2025-07-29 17:54:02,084 - root - INFO - Epoch 20; loss: 18.90174102783203; CER: 0.9958745837211609; WER: 1.0; val_char_f1: 0.01746724545955658; val_loss: 21.827722549438477; val_CER: 0.996100127696991; val_WER: 1.0; val_val_char_f1: 0.012290498241782188
2025-07-29 17:54:07,660 - root - INFO - Epoch 21; loss: 18.785737991333008; CER: 0.9958746433258057; WER: 1.0; val_char_f1: 0.018558945506811142; val_loss: 19.818042755126953; val_CER: 0.996100127696991; val_WER: 1.0; val_val_char_f1: 0.01675977185368538
2025-07-29 17:54:13,151 - root - INFO - Epoch 22; loss: 18.407386779785156; CER: 0.9958745837211609; WER: 1.0; val_char_f1: 0.019377723336219788; val_loss: 20.02800178527832; val_CER: 0.9961001873016357; val_WER: 1.0; val_val_char_f1: 0.022346362471580505
2025-07-29 17:54:18,581 - root - INFO - Epoch 23; loss: 18.097349166870117; CER: 0.9806329011917114; WER: 1.0; val_char_f1: 0.024017464369535446; val_loss: 20.026756286621094; val_CER: 0.9961001873016357; val_WER: 1.0; val_val_char_f1: 0.01675977185368538
2025-07-29 17:54:24,035 - root - INFO - Epoch 24; loss: 17.793169021606445; CER: 0.9787748456001282; WER: 1.0; val_char_f1: 0.02510916441679001; val_loss: 19.871662139892578; val_CER: 0.9891728162765503; val_WER: 1.0; val_val_char_f1: 0.01675977185368538
2025-07-29 17:54:29,217 - root - INFO - Epoch 25; loss: 17.833606719970703; CER: 0.9745744466781616; WER: 1.0; val_char_f1: 0.024017464369535446; val_loss: 20.20244026184082; val_CER: 0.9937910437583923; val_WER: 1.0; val_val_char_f1: 0.022346362471580505
2025-07-29 17:54:34,659 - root - INFO - Epoch 26; loss: 17.596853256225586; CER: 0.9721806645393372; WER: 1.0; val_char_f1: 0.02565501630306244; val_loss: 19.869434356689453; val_CER: 0.9908187985420227; val_WER: 1.0; val_val_char_f1: 0.01675977185368538
2025-07-29 17:54:40,043 - root - INFO - Epoch 27; loss: 17.462947845458984; CER: 0.9694016575813293; WER: 1.0; val_char_f1: 0.02783842571079731; val_loss: 20.26968765258789; val_CER: 0.9629554152488708; val_WER: 1.0; val_val_char_f1: 0.020111728459596634
2025-07-29 17:54:45,316 - root - INFO - Epoch 28; loss: 17.171663284301758; CER: 0.9593811631202698; WER: 1.0; val_char_f1: 0.0231986865401268; val_loss: 20.010440826416016; val_CER: 0.9341172575950623; val_WER: 1.0; val_val_char_f1: 0.01675977185368538
2025-07-29 17:54:50,452 - root - INFO - Epoch 29; loss: 17.627893447875977; CER: 0.9105913043022156; WER: 1.0; val_char_f1: 0.023471612483263016; val_loss: 20.166955947875977; val_CER: 0.9437088966369629; val_WER: 1.0; val_val_char_f1: 0.015642452985048294
2025-07-29 17:54:55,679 - root - INFO - Epoch 30; loss: 18.165788650512695; CER: 0.9739007353782654; WER: 1.0; val_char_f1: 0.024017464369535446; val_loss: 20.419523239135742; val_CER: 0.9415023922920227; val_WER: 1.0; val_val_char_f1: 0.022346362471580505
2025-07-29 17:55:00,811 - root - INFO - Epoch 31; loss: 17.962421417236328; CER: 0.9205945730209351; WER: 1.0; val_char_f1: 0.022379910573363304; val_loss: 20.188831329345703; val_CER: 0.9601292610168457; val_WER: 1.0; val_val_char_f1: 0.01899440959095955
2025-07-29 17:55:06,059 - root - INFO - Epoch 32; loss: 17.85085105895996; CER: 0.9330503940582275; WER: 1.0; val_char_f1: 0.02565501630306244; val_loss: 20.420259475708008; val_CER: 0.9348356127738953; val_WER: 1.0; val_val_char_f1: 0.020111728459596634
2025-07-29 17:55:11,278 - root - INFO - Epoch 33; loss: 17.518054962158203; CER: 0.9180090427398682; WER: 1.0; val_char_f1: 0.02783842571079731; val_loss: 20.955503463745117; val_CER: 0.9344764351844788; val_WER: 1.0; val_val_char_f1: 0.017877090722322464
2025-07-29 17:55:16,686 - root - INFO - Epoch 34; loss: 17.11650276184082; CER: 0.9184181094169617; WER: 1.0; val_char_f1: 0.029748905450105667; val_loss: 20.846595764160156; val_CER: 0.9210323095321655; val_WER: 1.0; val_val_char_f1: 0.02122904732823372
2025-07-29 17:55:22,129 - root - INFO - Epoch 35; loss: 16.88106918334961; CER: 0.9121765494346619; WER: 1.0; val_char_f1: 0.02620086818933487; val_loss: 20.67656135559082; val_CER: 0.9187271595001221; val_WER: 1.0; val_val_char_f1: 0.013407815247774124
2025-07-29 17:55:27,546 - root - INFO - Epoch 36; loss: 16.56615447998047; CER: 0.9026279449462891; WER: 1.0; val_char_f1: 0.03165937960147858; val_loss: 20.7380313873291; val_CER: 0.9197350740432739; val_WER: 1.0; val_val_char_f1: 0.020111728459596634
2025-07-29 17:55:32,773 - root - INFO - Epoch 37; loss: 16.38125991821289; CER: 0.9061762690544128; WER: 1.0; val_char_f1: 0.029748905450105667; val_loss: 20.8459529876709; val_CER: 0.9427378177642822; val_WER: 1.0; val_val_char_f1: 0.022346362471580505
2025-07-29 17:55:40,732 - root - INFO - Epoch 38; loss: 16.15872573852539; CER: 0.9309226274490356; WER: 1.0; val_char_f1: 0.02838427573442459; val_loss: 21.11347198486328; val_CER: 0.9577072858810425; val_WER: 1.0; val_val_char_f1: 0.012290498241782188
2025-07-29 17:55:47,530 - root - INFO - Epoch 39; loss: 15.981807708740234; CER: 0.9229012131690979; WER: 1.0; val_char_f1: 0.03165937960147858; val_loss: 20.98199462890625; val_CER: 0.9417385458946228; val_WER: 1.0; val_val_char_f1: 0.024581000208854675
2025-07-29 17:55:53,929 - root - INFO - Epoch 40; loss: 15.759382247924805; CER: 0.9206921458244324; WER: 1.0; val_char_f1: 0.0338427871465683; val_loss: 21.356245040893555; val_CER: 0.9532532095909119; val_WER: 1.0; val_val_char_f1: 0.020111728459596634
2025-07-29 17:56:01,554 - root - INFO - Epoch 41; loss: 15.696168899536133; CER: 0.9317463040351868; WER: 1.0; val_char_f1: 0.03438863903284073; val_loss: 21.652790069580078; val_CER: 0.9532430768013; val_WER: 1.0; val_val_char_f1: 0.01675977185368538
2025-07-29 17:56:08,139 - root - INFO - Epoch 42; loss: 16.218618392944336; CER: 0.9332009553909302; WER: 1.0; val_char_f1: 0.0338427871465683; val_loss: 22.759721755981445; val_CER: 0.9649526476860046; val_WER: 1.0; val_val_char_f1: 0.017877090722322464
2025-07-29 17:56:17,304 - root - INFO - Epoch 43; loss: 16.03518295288086; CER: 0.9154877662658691; WER: 1.0; val_char_f1: 0.03165937960147858; val_loss: 21.755273818969727; val_CER: 0.9480128884315491; val_WER: 1.0; val_val_char_f1: 0.017877090722322464
2025-07-29 17:56:23,478 - root - INFO - Epoch 44; loss: 15.451626777648926; CER: 0.9273755550384521; WER: 1.0; val_char_f1: 0.03302401304244995; val_loss: 21.84701156616211; val_CER: 0.9593595266342163; val_WER: 1.0; val_val_char_f1: 0.02122904732823372
2025-07-29 17:56:29,968 - root - INFO - Epoch 45; loss: 15.102865219116211; CER: 0.9225788116455078; WER: 1.0; val_char_f1: 0.036299124360084534; val_loss: 21.614927291870117; val_CER: 0.9503180980682373; val_WER: 1.0; val_val_char_f1: 0.014525134116411209
2025-07-29 17:56:38,668 - root - INFO - Epoch 46; loss: 14.752062797546387; CER: 0.9189509153366089; WER: 1.0; val_char_f1: 0.03548034280538559; val_loss: 22.14435386657715; val_CER: 0.9504720568656921; val_WER: 1.0; val_val_char_f1: 0.022346362471580505
2025-07-29 17:56:45,891 - root - INFO - Epoch 47; loss: 14.442506790161133; CER: 0.9178444147109985; WER: 1.0; val_char_f1: 0.03602619469165802; val_loss: 21.827211380004883; val_CER: 0.953704833984375; val_WER: 1.0; val_val_char_f1: 0.015642452985048294
2025-07-29 17:56:54,735 - root - INFO - Epoch 48; loss: 14.163053512573242; CER: 0.9138975143432617; WER: 1.0; val_char_f1: 0.036844976246356964; val_loss: 22.13092041015625; val_CER: 0.953041672706604; val_WER: 1.0; val_val_char_f1: 0.007821224629878998
2025-07-29 17:57:01,849 - root - INFO - Epoch 49; loss: 13.77458667755127; CER: 0.9145747423171997; WER: 1.0; val_char_f1: 0.03848252445459366; val_loss: 22.58422088623047; val_CER: 0.9428303241729736; val_WER: 1.0; val_val_char_f1: 0.01899440959095955
2025-07-29 17:57:09,681 - root - INFO - Epoch 50; loss: 13.351814270019531; CER: 0.9122353196144104; WER: 1.0; val_char_f1: 0.040938861668109894; val_loss: 23.091445922851562; val_CER: 0.9487788677215576; val_WER: 1.0; val_val_char_f1: 0.017877090722322464
2025-07-29 17:57:16,100 - root - INFO - Epoch 51; loss: 13.160147666931152; CER: 0.9107291102409363; WER: 1.0; val_char_f1: 0.03848252445459366; val_loss: 23.70949363708496; val_CER: 0.9504720568656921; val_WER: 1.0; val_val_char_f1: 0.015642452985048294
2025-07-29 17:57:22,178 - root - INFO - Epoch 52; loss: 13.220026016235352; CER: 0.9163628816604614; WER: 1.0; val_char_f1: 0.03848252445459366; val_loss: 23.753910064697266; val_CER: 0.9620175957679749; val_WER: 1.0; val_val_char_f1: 0.013407815247774124
2025-07-29 17:57:28,001 - root - INFO - Epoch 53; loss: 12.816930770874023; CER: 0.9122937321662903; WER: 1.0; val_char_f1: 0.042030565440654755; val_loss: 23.999574661254883; val_CER: 0.9449302554130554; val_WER: 1.0; val_val_char_f1: 0.02122904732823372
2025-07-29 17:57:33,413 - root - INFO - Epoch 54; loss: 12.37630558013916; CER: 0.9109299182891846; WER: 1.0; val_char_f1: 0.0428493395447731; val_loss: 24.557523727416992; val_CER: 0.960324227809906; val_WER: 1.0; val_val_char_f1: 0.02122904732823372
2025-07-29 17:57:39,207 - root - INFO - Epoch 55; loss: 11.885589599609375; CER: 0.9064784049987793; WER: 1.0; val_char_f1: 0.04366811364889145; val_loss: 24.696104049682617; val_CER: 0.9537048935890198; val_WER: 1.0; val_val_char_f1: 0.02346368134021759
2025-07-29 17:57:44,610 - root - INFO - Epoch 56; loss: 11.596696853637695; CER: 0.9157734513282776; WER: 1.0; val_char_f1: 0.04448689520359039; val_loss: 25.149816513061523; val_CER: 0.9590928554534912; val_WER: 1.0; val_val_char_f1: 0.01899440959095955
2025-07-29 17:57:49,803 - root - INFO - Epoch 57; loss: 11.242273330688477; CER: 0.911746084690094; WER: 1.0; val_char_f1: 0.04421396553516388; val_loss: 25.607498168945312; val_CER: 0.9567837715148926; val_WER: 1.0; val_val_char_f1: 0.02346368134021759
2025-07-29 17:57:54,957 - root - INFO - Epoch 58; loss: 11.105916976928711; CER: 0.9124324321746826; WER: 1.0; val_char_f1: 0.04448689520359039; val_loss: 26.117372512817383; val_CER: 0.9590414762496948; val_WER: 1.0; val_val_char_f1: 0.02122904732823372
2025-07-29 17:58:00,367 - root - INFO - Epoch 59; loss: 10.400057792663574; CER: 0.9177694320678711; WER: 1.0; val_char_f1: 0.04475982114672661; val_loss: 25.94179916381836; val_CER: 0.958583652973175; val_WER: 1.0; val_val_char_f1: 0.01675977185368538
2025-07-29 17:58:05,789 - root - INFO - Epoch 60; loss: 9.4611234664917; CER: 0.9072325229644775; WER: 1.0; val_char_f1: 0.0463973730802536; val_loss: 27.104995727539062; val_CER: 0.9596571922302246; val_WER: 1.0; val_val_char_f1: 0.02122904732823372
2025-07-29 17:58:11,180 - root - INFO - Epoch 61; loss: 8.887876510620117; CER: 0.9066774845123291; WER: 1.0; val_char_f1: 0.04939955472946167; val_loss: 27.751415252685547; val_CER: 0.9503180980682373; val_WER: 1.0; val_val_char_f1: 0.022346362471580505
2025-07-29 17:58:16,585 - root - INFO - Epoch 62; loss: 8.371463775634766; CER: 0.908421516418457; WER: 1.0; val_char_f1: 0.049672484397888184; val_loss: 28.933513641357422; val_CER: 0.9592467546463013; val_WER: 1.0; val_val_char_f1: 0.02346368134021759
2025-07-29 17:58:22,073 - root - INFO - Epoch 63; loss: 8.032731056213379; CER: 0.9045224785804749; WER: 1.0; val_char_f1: 0.050764188170433044; val_loss: 29.341541290283203; val_CER: 0.9543206691741943; val_WER: 1.0; val_val_char_f1: 0.02122904732823372
2025-07-29 17:58:27,772 - root - INFO - Epoch 64; loss: 7.560528755187988; CER: 0.9103497862815857; WER: 1.0; val_char_f1: 0.052674662321805954; val_loss: 30.47194480895996; val_CER: 0.9632490873336792; val_WER: 1.0; val_val_char_f1: 0.022346362471580505
2025-07-29 17:58:33,177 - root - INFO - Epoch 65; loss: 6.983328342437744; CER: 0.9102556109428406; WER: 1.0; val_char_f1: 0.05458514019846916; val_loss: 30.84429168701172; val_CER: 0.9558599591255188; val_WER: 1.0; val_val_char_f1: 0.014525134116411209
2025-07-29 17:58:38,424 - root - INFO - Epoch 66; loss: 6.495044231414795; CER: 0.9074165225028992; WER: 1.0; val_char_f1: 0.05158296227455139; val_loss: 31.25527000427246; val_CER: 0.9577072858810425; val_WER: 1.0; val_val_char_f1: 0.026815637946128845
2025-07-29 17:58:43,798 - root - INFO - Epoch 67; loss: 5.997117042541504; CER: 0.910048246383667; WER: 1.0; val_char_f1: 0.054858073592185974; val_loss: 33.2371711730957; val_CER: 0.9521654844284058; val_WER: 1.0; val_val_char_f1: 0.013407815247774124
2025-07-29 17:58:48,999 - root - INFO - Epoch 68; loss: 5.937053680419922; CER: 0.9070891737937927; WER: 1.0; val_char_f1: 0.052947595715522766; val_loss: 33.958438873291016; val_CER: 0.9675081968307495; val_WER: 1.0; val_val_char_f1: 0.02122904732823372
2025-07-29 17:58:54,169 - root - INFO - Epoch 69; loss: 10.377650260925293; CER: 0.9127697348594666; WER: 1.0; val_char_f1: 0.041484713554382324; val_loss: 34.97406768798828; val_CER: 0.9605910778045654; val_WER: 1.0; val_val_char_f1: 0.017877090722322464
2025-07-29 17:58:59,333 - root - INFO - Epoch 70; loss: 11.853473663330078; CER: 0.9209257364273071; WER: 1.0; val_char_f1: 0.04694322496652603; val_loss: 32.29424285888672; val_CER: 0.9585897922515869; val_WER: 1.0; val_val_char_f1: 0.024581000208854675
2025-07-29 17:59:05,894 - root - INFO - Epoch 71; loss: 6.994279384613037; CER: 0.9045607447624207; WER: 1.0; val_char_f1: 0.052128810435533524; val_loss: 32.043556213378906; val_CER: 0.9519601464271545; val_WER: 1.0; val_val_char_f1: 0.015642452985048294
2025-07-29 17:59:12,169 - root - INFO - Epoch 72; loss: 4.540389060974121; CER: 0.9051069021224976; WER: 1.0; val_char_f1: 0.057041481137275696; val_loss: 33.35242462158203; val_CER: 0.9562193155288696; val_WER: 1.0; val_val_char_f1: 0.01675977185368538
2025-07-29 17:59:17,694 - root - INFO - Epoch 73; loss: 3.3589444160461426; CER: 0.9071463346481323; WER: 1.0; val_char_f1: 0.057587333023548126; val_loss: 35.04997634887695; val_CER: 0.9546285271644592; val_WER: 1.0; val_val_char_f1: 0.01675977185368538
2025-07-29 17:59:23,271 - root - INFO - Epoch 74; loss: 2.5537869930267334; CER: 0.9040952920913696; WER: 1.0; val_char_f1: 0.05786025524139404; val_loss: 36.11172103881836; val_CER: 0.9501641988754272; val_WER: 1.0; val_val_char_f1: 0.029050275683403015
2025-07-29 17:59:28,568 - root - INFO - Epoch 75; loss: 1.9924628734588623; CER: 0.9071928262710571; WER: 1.0; val_char_f1: 0.058951959013938904; val_loss: 37.73566818237305; val_CER: 0.9601702690124512; val_WER: 1.0; val_val_char_f1: 0.022346362471580505
2025-07-29 17:59:34,060 - root - INFO - Epoch 76; loss: 1.618170976638794; CER: 0.9080753326416016; WER: 1.0; val_char_f1: 0.059497810900211334; val_loss: 38.746421813964844; val_CER: 0.9561678767204285; val_WER: 1.0; val_val_char_f1: 0.01675977185368538
2025-07-29 17:59:39,574 - root - INFO - Epoch 77; loss: 1.317025899887085; CER: 0.906924843788147; WER: 1.0; val_char_f1: 0.05922488868236542; val_loss: 40.143043518066406; val_CER: 0.9697146415710449; val_WER: 1.0; val_val_char_f1: 0.01899440959095955
2025-07-29 17:59:44,871 - root - INFO - Epoch 78; loss: 1.0903129577636719; CER: 0.9109664559364319; WER: 1.0; val_char_f1: 0.059497810900211334; val_loss: 41.3420524597168; val_CER: 0.9623255729675293; val_WER: 1.0; val_val_char_f1: 0.02569831721484661
2025-07-29 17:59:50,135 - root - INFO - Epoch 79; loss: 0.9378232359886169; CER: 0.9134451746940613; WER: 1.0; val_char_f1: 0.059497810900211334; val_loss: 42.32626724243164; val_CER: 0.9771037697792053; val_WER: 1.0; val_val_char_f1: 0.024581000208854675
2025-07-29 17:59:55,526 - root - INFO - Epoch 80; loss: 0.8030754327774048; CER: 0.9152043461799622; WER: 1.0; val_char_f1: 0.05977073311805725; val_loss: 43.34812927246094; val_CER: 0.968483030796051; val_WER: 1.0; val_val_char_f1: 0.026815637946128845
2025-07-29 18:00:00,780 - root - INFO - Epoch 81; loss: 0.6815289855003357; CER: 0.9105159640312195; WER: 1.0; val_char_f1: 0.05977073311805725; val_loss: 44.1767692565918; val_CER: 0.9637109637260437; val_WER: 1.0; val_val_char_f1: 0.0301675945520401
2025-07-29 18:00:06,268 - root - INFO - Epoch 82; loss: 0.5949066281318665; CER: 0.9439567923545837; WER: 1.0; val_char_f1: 0.060589514672756195; val_loss: 44.93437576293945; val_CER: 0.974486768245697; val_WER: 1.0; val_val_char_f1: 0.014525134116411209
2025-07-29 18:00:11,843 - root - INFO - Epoch 83; loss: 0.5644592046737671; CER: 0.9265366196632385; WER: 1.0; val_char_f1: 0.06086243689060211; val_loss: 46.32022476196289; val_CER: 0.9951150417327881; val_WER: 1.0; val_val_char_f1: 0.02122904732823372
2025-07-29 18:00:16,970 - root - INFO - Epoch 84; loss: 0.5222689509391785; CER: 0.9325278401374817; WER: 1.0; val_char_f1: 0.06031658500432968; val_loss: 46.04135513305664; val_CER: 1.001477837562561; val_WER: 1.0; val_val_char_f1: 0.02346368134021759
2025-07-29 18:00:22,277 - root - INFO - Epoch 85; loss: 0.5063478946685791; CER: 0.9224467873573303; WER: 1.0; val_char_f1: 0.06031658500432968; val_loss: 46.778926849365234; val_CER: 0.9926518797874451; val_WER: 1.0; val_val_char_f1: 0.022346362471580505
2025-07-29 18:00:27,410 - root - INFO - Epoch 86; loss: 0.42720285058021545; CER: 0.9420532584190369; WER: 1.0; val_char_f1: 0.06031658500432968; val_loss: 47.39163589477539; val_CER: 0.9766522645950317; val_WER: 1.0; val_val_char_f1: 0.02122904732823372
2025-07-29 18:00:32,675 - root - INFO - Epoch 87; loss: 0.3501341938972473; CER: 0.955954372882843; WER: 1.0; val_char_f1: 0.05922488868236542; val_loss: 48.24982833862305; val_CER: 0.9804906249046326; val_WER: 1.0; val_val_char_f1: 0.02569831721484661
2025-07-29 18:00:37,805 - root - INFO - Epoch 88; loss: 0.2909281551837921; CER: 0.93986576795578; WER: 1.0; val_char_f1: 0.06086243689060211; val_loss: 48.946537017822266; val_CER: 0.9734605550765991; val_WER: 1.0; val_val_char_f1: 0.020111728459596634
2025-07-29 18:00:43,020 - root - INFO - Epoch 89; loss: 0.27738258242607117; CER: 0.9229198098182678; WER: 1.0; val_char_f1: 0.06086243689060211; val_loss: 49.0966682434082; val_CER: 0.9746921062469482; val_WER: 1.0; val_val_char_f1: 0.017877090722322464
2025-07-29 18:00:48,281 - root - INFO - Epoch 90; loss: 0.26894181966781616; CER: 0.9418976306915283; WER: 1.0; val_char_f1: 0.06031658500432968; val_loss: 50.002445220947266; val_CER: 0.9740250110626221; val_WER: 1.0; val_val_char_f1: 0.02346368134021759
2025-07-29 18:00:53,921 - root - INFO - Epoch 91; loss: 0.26818355917930603; CER: 0.9226399064064026; WER: 1.0; val_char_f1: 0.06195414066314697; val_loss: 50.7457160949707; val_CER: 0.9795669913291931; val_WER: 1.0; val_val_char_f1: 0.01899440959095955
2025-07-29 18:00:59,480 - root - INFO - Epoch 92; loss: 0.2094927430152893; CER: 1.012895941734314; WER: 1.0; val_char_f1: 0.06031658500432968; val_loss: 51.11393356323242; val_CER: 1.0059010982513428; val_WER: 1.0; val_val_char_f1: 0.01899440959095955
2025-07-29 18:01:05,601 - root - INFO - Epoch 93; loss: 0.1627083122730255; CER: 0.9755174517631531; WER: 1.0; val_char_f1: 0.06086243689060211; val_loss: 51.535552978515625; val_CER: 0.9806957840919495; val_WER: 1.0; val_val_char_f1: 0.026815637946128845
2025-07-29 18:01:11,498 - root - INFO - Epoch 94; loss: 0.1386244148015976; CER: 0.9527222514152527; WER: 1.0; val_char_f1: 0.061135366559028625; val_loss: 51.93574142456055; val_CER: 0.9917282462120056; val_WER: 1.0; val_val_char_f1: 0.014525134116411209
2025-07-29 18:01:18,117 - root - INFO - Epoch 95; loss: 0.11706095933914185; CER: 0.9552974700927734; WER: 1.0; val_char_f1: 0.060589514672756195; val_loss: 52.479469299316406; val_CER: 0.9774220585823059; val_WER: 1.0; val_val_char_f1: 0.02122904732823372
2025-07-29 18:01:24,251 - root - INFO - Epoch 96; loss: 0.10185883194208145; CER: 0.9559473991394043; WER: 1.0; val_char_f1: 0.060589514672756195; val_loss: 52.82794952392578; val_CER: 0.9819785952568054; val_WER: 1.0; val_val_char_f1: 0.02569831721484661
2025-07-29 18:01:32,334 - root - INFO - Epoch 97; loss: 0.09166236966848373; CER: 0.9473591446876526; WER: 1.0; val_char_f1: 0.061135366559028625; val_loss: 53.22526550292969; val_CER: 0.9849651455879211; val_WER: 1.0; val_val_char_f1: 0.022346362471580505
2025-07-29 18:01:39,295 - root - INFO - Epoch 98; loss: 0.08309189230203629; CER: 0.9411285519599915; WER: 1.0; val_char_f1: 0.061135366559028625; val_loss: 53.58198165893555; val_CER: 0.9848008751869202; val_WER: 1.0; val_val_char_f1: 0.02346368134021759
2025-07-29 18:01:45,578 - root - INFO - Epoch 99; loss: 0.07632828503847122; CER: 0.9520789980888367; WER: 1.0; val_char_f1: 0.061135366559028625; val_loss: 54.03606414794922; val_CER: 0.9915845990180969; val_WER: 1.0; val_val_char_f1: 0.022346362471580505
2025-07-29 18:01:52,629 - root - INFO - Epoch 100; loss: 0.07051344215869904; CER: 0.9433490633964539; WER: 1.0; val_char_f1: 0.061135366559028625; val_loss: 54.32144546508789; val_CER: 0.9832102060317993; val_WER: 1.0; val_val_char_f1: 0.0301675945520401
2025-07-29 18:01:58,889 - root - INFO - Epoch 101; loss: 0.06538084149360657; CER: 0.9389330744743347; WER: 1.0; val_char_f1: 0.061135366559028625; val_loss: 54.7878303527832; val_CER: 0.9832102060317993; val_WER: 1.0; val_val_char_f1: 0.01675977185368538
2025-07-29 18:02:05,841 - root - INFO - Epoch 102; loss: 0.06109238043427467; CER: 0.9399755597114563; WER: 1.0; val_char_f1: 0.06140828877687454; val_loss: 55.045387268066406; val_CER: 0.9819785952568054; val_WER: 1.0; val_val_char_f1: 0.02122904732823372
2025-07-29 18:02:12,671 - root - INFO - Epoch 103; loss: 0.0568828359246254; CER: 0.9347979426383972; WER: 1.0; val_char_f1: 0.061135366559028625; val_loss: 55.43296813964844; val_CER: 0.983415424823761; val_WER: 1.0; val_val_char_f1: 0.024581000208854675
2025-07-29 18:02:18,610 - root - INFO - Epoch 104; loss: 0.05311547964811325; CER: 0.9392692446708679; WER: 1.0; val_char_f1: 0.061135366559028625; val_loss: 55.734046936035156; val_CER: 0.9821839332580566; val_WER: 1.0; val_val_char_f1: 0.01899440959095955
2025-07-29 18:02:24,454 - root - INFO - Epoch 105; loss: 0.04976344853639603; CER: 0.931450605392456; WER: 1.0; val_char_f1: 0.06140828877687454; val_loss: 56.07421875; val_CER: 0.9809524416923523; val_WER: 1.0; val_val_char_f1: 0.01675977185368538
2025-07-29 18:02:30,562 - root - INFO - Epoch 106; loss: 0.046799056231975555; CER: 0.9368303418159485; WER: 1.0; val_char_f1: 0.06086243689060211; val_loss: 56.380577087402344; val_CER: 0.9809523224830627; val_WER: 1.0; val_val_char_f1: 0.020111728459596634
2025-07-29 18:02:32,620 - tf2onnx.tfonnx - INFO - Using tensorflow=2.10.0, onnx=1.12.0, tf2onnx=1.14.0/8f8d49
2025-07-29 18:02:32,620 - tf2onnx.tfonnx - INFO - Using opset <onnx, 15>
2025-07-29 18:02:32,750 - tf2onnx.tf_utils - INFO - Computed 0 values for constant folding
2025-07-29 18:02:32,752 - tf2onnx.tf_utils - INFO - Computed 0 values for constant folding
2025-07-29 18:02:32,754 - tf2onnx.tf_utils - INFO - Computed 0 values for constant folding
2025-07-29 18:02:32,759 - tf2onnx.tf_utils - INFO - Computed 0 values for constant folding
2025-07-29 18:02:32,763 - tf2onnx.tf_utils - INFO - Computed 0 values for constant folding
2025-07-29 18:02:32,768 - tf2onnx.tf_utils - INFO - Computed 0 values for constant folding
2025-07-29 18:02:32,772 - tf2onnx.tf_utils - INFO - Computed 0 values for constant folding
2025-07-29 18:02:32,774 - tf2onnx.tf_utils - INFO - Computed 0 values for constant folding
2025-07-29 18:02:32,879 - tf2onnx.tf_utils - INFO - Computed 2 values for constant folding
2025-07-29 18:02:32,976 - tf2onnx.tfonnx - INFO - folding node using tf type=StridedSlice, name=model/bidirectional/forward_lstm/PartitionedCall/strided_slice
2025-07-29 18:02:32,976 - tf2onnx.tfonnx - INFO - folding node using tf type=StridedSlice, name=model/bidirectional/backward_lstm/PartitionedCall/strided_slice
2025-07-29 18:02:33,169 - tf2onnx.optimizer - INFO - Optimizing ONNX model
2025-07-29 18:02:34,454 - tf2onnx.optimizer - INFO - After optimization: BatchNormalization -29 (29->0), Cast -15 (24->9), Concat -12 (21->9), Const -227 (317->90), Expand -6 (8->2), Gather +1 (4->5), GlobalAveragePool +2 (0->2), Identity -2 (2->0), ReduceMean -2 (2->0), ReduceProd -2 (4->2), Reshape +1 (7->8), Shape -5 (9->4), Slice -5 (11->6), Squeeze -5 (11->6), Transpose -117 (122->5), Unsqueeze -35 (39->4)
