2025-07-29 10:45:58,884 - tensorflow - WARNING - From /home/lamin/anaconda3/envs/new-gpu/lib/python3.10/site-packages/tensorflow/python/ops/ctc_ops.py:1465: alias_inplace_add (from tensorflow.python.ops.inplace_ops) is deprecated and will be removed in a future version.
Instructions for updating:
Prefer tf.tensor_scatter_nd_add, which offers the same functionality with well-defined read-write semantics.
2025-07-29 10:45:58,966 - tensorflow - WARNING - From /home/lamin/anaconda3/envs/new-gpu/lib/python3.10/site-packages/tensorflow/python/ops/ctc_ops.py:1448: alias_inplace_update (from tensorflow.python.ops.inplace_ops) is deprecated and will be removed in a future version.
Instructions for updating:
Prefer tf.tensor_scatter_nd_update, which offers the same functionality with well-defined read-write semantics.
2025-07-29 10:46:15,667 - root - INFO - Epoch 0; loss: 185.17892456054688; CER: 1.0; WER: 1.0; val_char_f1: 0.0; val_loss: 147.1051025390625; val_CER: 0.8888888955116272; val_WER: 1.0; val_val_char_f1: 0.0
2025-07-29 10:46:19,562 - root - INFO - Epoch 1; loss: 150.45994567871094; CER: 0.8333333134651184; WER: 1.0; val_char_f1: 0.5555555820465088; val_loss: 53.98692321777344; val_CER: 0.9444444179534912; val_WER: 1.0; val_val_char_f1: 0.6111111044883728
2025-07-29 10:46:22,292 - root - INFO - Epoch 2; loss: 56.83544921875; CER: 0.9444444179534912; WER: 1.0; val_char_f1: 0.6111111044883728; val_loss: 23.85471534729004; val_CER: 1.0; val_WER: 1.0; val_val_char_f1: 0.6111111044883728
2025-07-29 10:46:23,500 - root - INFO - Epoch 3; loss: 18.084056854248047; CER: 1.0; WER: 1.0; val_char_f1: 0.6111111044883728; val_loss: 31.379680633544922; val_CER: 1.0; val_WER: 1.0; val_val_char_f1: 0.6111111044883728
2025-07-29 10:46:24,689 - root - INFO - Epoch 4; loss: 18.826854705810547; CER: 1.0; WER: 1.0; val_char_f1: 0.6111111044883728; val_loss: 32.28199768066406; val_CER: 1.0; val_WER: 1.0; val_val_char_f1: 0.6111111044883728
2025-07-29 10:46:25,817 - root - INFO - Epoch 5; loss: 14.928576469421387; CER: 1.0; WER: 1.0; val_char_f1: 0.6111111044883728; val_loss: 30.32398223876953; val_CER: 1.0; val_WER: 1.0; val_val_char_f1: 0.6111111044883728
2025-07-29 10:46:26,958 - root - INFO - Epoch 6; loss: 10.556471824645996; CER: 1.0; WER: 1.0; val_char_f1: 0.6111111044883728; val_loss: 33.317359924316406; val_CER: 1.0; val_WER: 1.0; val_val_char_f1: 0.6111111044883728
2025-07-29 10:46:28,001 - root - INFO - Epoch 7; loss: 10.287637710571289; CER: 1.0; WER: 1.0; val_char_f1: 0.6111111044883728; val_loss: 34.381866455078125; val_CER: 1.0; val_WER: 1.0; val_val_char_f1: 0.6111111044883728
2025-07-29 10:46:28,898 - root - INFO - Epoch 8; loss: 8.078330039978027; CER: 1.0; WER: 1.0; val_char_f1: 0.6111111044883728; val_loss: 38.14533615112305; val_CER: 1.0; val_WER: 1.0; val_val_char_f1: 0.6111111044883728
2025-07-29 10:46:29,666 - root - INFO - Epoch 9; loss: 7.594388484954834; CER: 1.0; WER: 1.0; val_char_f1: 0.6111111044883728; val_loss: 42.19560241699219; val_CER: 1.0; val_WER: 1.0; val_val_char_f1: 0.6111111044883728
2025-07-29 10:46:30,450 - root - INFO - Epoch 10; loss: 7.393276214599609; CER: 1.0; WER: 1.0; val_char_f1: 0.6111111044883728; val_loss: 44.5854606628418; val_CER: 1.0; val_WER: 1.0; val_val_char_f1: 0.6111111044883728
2025-07-29 10:46:31,418 - root - INFO - Epoch 11; loss: 6.606589317321777; CER: 1.0; WER: 1.0; val_char_f1: 0.6111111044883728; val_loss: 46.386077880859375; val_CER: 1.0; val_WER: 1.0; val_val_char_f1: 0.6111111044883728
2025-07-29 10:46:32,170 - root - INFO - Epoch 12; loss: 5.635018825531006; CER: 1.0; WER: 1.0; val_char_f1: 0.6111111044883728; val_loss: 49.18351364135742; val_CER: 1.0; val_WER: 1.0; val_val_char_f1: 0.6111111044883728
2025-07-29 10:46:32,917 - root - INFO - Epoch 13; loss: 5.6951904296875; CER: 1.0; WER: 1.0; val_char_f1: 0.6111111044883728; val_loss: 51.00735855102539; val_CER: 1.0; val_WER: 1.0; val_val_char_f1: 0.6111111044883728
2025-07-29 10:46:33,677 - root - INFO - Epoch 14; loss: 5.350809097290039; CER: 1.0; WER: 1.0; val_char_f1: 0.6111111044883728; val_loss: 52.58323287963867; val_CER: 1.0; val_WER: 1.0; val_val_char_f1: 0.6111111044883728
2025-07-29 10:46:34,492 - root - INFO - Epoch 15; loss: 4.882394790649414; CER: 1.0; WER: 1.0; val_char_f1: 0.6111111044883728; val_loss: 54.37128829956055; val_CER: 1.0; val_WER: 1.0; val_val_char_f1: 0.6111111044883728
2025-07-29 10:46:35,496 - root - INFO - Epoch 16; loss: 4.623279571533203; CER: 1.0; WER: 1.0; val_char_f1: 0.6111111044883728; val_loss: 56.68964767456055; val_CER: 1.0; val_WER: 1.0; val_val_char_f1: 0.6111111044883728
2025-07-29 10:46:36,351 - root - INFO - Epoch 17; loss: 4.678491115570068; CER: 1.0; WER: 1.0; val_char_f1: 0.6111111044883728; val_loss: 58.41716003417969; val_CER: 1.0; val_WER: 1.0; val_val_char_f1: 0.6111111044883728
2025-07-29 10:46:41,957 - tf2onnx.tfonnx - INFO - Using tensorflow=2.10.0, onnx=1.12.0, tf2onnx=1.14.0/8f8d49
2025-07-29 10:46:41,959 - tf2onnx.tfonnx - INFO - Using opset <onnx, 15>
2025-07-29 10:46:42,384 - tf2onnx.tf_utils - INFO - Computed 0 values for constant folding
2025-07-29 10:46:42,386 - tf2onnx.tf_utils - INFO - Computed 0 values for constant folding
2025-07-29 10:46:42,388 - tf2onnx.tf_utils - INFO - Computed 0 values for constant folding
2025-07-29 10:46:42,396 - tf2onnx.tf_utils - INFO - Computed 0 values for constant folding
2025-07-29 10:46:42,400 - tf2onnx.tf_utils - INFO - Computed 0 values for constant folding
2025-07-29 10:46:42,402 - tf2onnx.tf_utils - INFO - Computed 0 values for constant folding
2025-07-29 10:46:42,407 - tf2onnx.tf_utils - INFO - Computed 0 values for constant folding
2025-07-29 10:46:42,410 - tf2onnx.tf_utils - INFO - Computed 0 values for constant folding
2025-07-29 10:46:42,667 - tf2onnx.tf_utils - INFO - Computed 2 values for constant folding
2025-07-29 10:46:43,021 - tf2onnx.tfonnx - INFO - folding node using tf type=StridedSlice, name=model/bidirectional/forward_lstm/PartitionedCall/strided_slice
2025-07-29 10:46:43,021 - tf2onnx.tfonnx - INFO - folding node using tf type=StridedSlice, name=model/bidirectional/backward_lstm/PartitionedCall/strided_slice
2025-07-29 10:46:43,567 - tf2onnx.optimizer - INFO - Optimizing ONNX model
2025-07-29 10:46:44,975 - tf2onnx.optimizer.EinsumOptimizer - INFO - replacing einsum node 'model/multi_head_attention/einsum/Einsum' by its decomposed version, name of the last node 'Identity__858'.
2025-07-29 10:46:45,217 - tf2onnx.optimizer.EinsumOptimizer - INFO - replacing einsum node 'model/multi_head_attention/einsum_1/Einsum' by its decomposed version, name of the last node 'Identity__917'.
2025-07-29 10:46:45,575 - tf2onnx.optimizer.EinsumOptimizer - INFO - replacing einsum node 'model/multi_head_attention/value/einsum/Einsum' by its decomposed version, name of the last node 'Identity__956'.
2025-07-29 10:46:45,583 - tf2onnx.optimizer.EinsumOptimizer - INFO - replacing einsum node 'model/multi_head_attention/key/einsum/Einsum' by its decomposed version, name of the last node 'Identity__995'.
2025-07-29 10:46:45,591 - tf2onnx.optimizer.EinsumOptimizer - INFO - replacing einsum node 'model/multi_head_attention/query/einsum/Einsum' by its decomposed version, name of the last node 'Identity__1034'.
2025-07-29 10:46:48,090 - tf2onnx.optimizer - INFO - After optimization: BatchNormalization -29 (29->0), Cast -24 (32->8), Concat -8 (26->18), Const -276 (403->127), Einsum -5 (6->1), Expand -6 (8->2), Gather +15 (4->19), Gemm +3 (0->3), GlobalAveragePool +6 (0->6), Identity -2 (2->0), MatMul +2 (14->16), Max +2 (0->2), ReduceMean -6 (6->0), Reshape +11 (11->22), Shape -1 (13->12), Slice -9 (15->6), Transpose -102 (122->20), Unsqueeze -48 (55->7)
