2025-07-29 10:18:04,454 - tensorflow - WARNING - From /home/lamin/anaconda3/envs/new-gpu/lib/python3.10/site-packages/tensorflow/python/ops/ctc_ops.py:1465: alias_inplace_add (from tensorflow.python.ops.inplace_ops) is deprecated and will be removed in a future version.
Instructions for updating:
Prefer tf.tensor_scatter_nd_add, which offers the same functionality with well-defined read-write semantics.
2025-07-29 10:18:04,532 - tensorflow - WARNING - From /home/lamin/anaconda3/envs/new-gpu/lib/python3.10/site-packages/tensorflow/python/ops/ctc_ops.py:1448: alias_inplace_update (from tensorflow.python.ops.inplace_ops) is deprecated and will be removed in a future version.
Instructions for updating:
Prefer tf.tensor_scatter_nd_update, which offers the same functionality with well-defined read-write semantics.
2025-07-29 10:18:22,836 - root - INFO - Epoch 0; loss: 182.16831970214844; CER: 1.0069444179534912; WER: 1.0; val_char_f1: 0.0; val_loss: 179.96749877929688; val_CER: 0.9415708184242249; val_WER: 1.0; val_val_char_f1: 0.023467427119612694
2025-07-29 10:18:27,960 - root - INFO - Epoch 1; loss: 177.37777709960938; CER: 0.9722222089767456; WER: 1.0; val_char_f1: 0.0972222164273262; val_loss: 178.76072692871094; val_CER: 0.9291187524795532; val_WER: 1.0; val_val_char_f1: 0.32375478744506836
2025-07-29 10:18:30,944 - root - INFO - Epoch 2; loss: 166.8470458984375; CER: 0.930555522441864; WER: 1.0; val_char_f1: 0.2222222089767456; val_loss: 177.44480895996094; val_CER: 0.9262452125549316; val_WER: 1.0; val_val_char_f1: 0.32902297377586365
2025-07-29 10:18:33,840 - root - INFO - Epoch 3; loss: 152.74574279785156; CER: 0.9027777910232544; WER: 1.0; val_char_f1: 0.4236111044883728; val_loss: 175.48977661132812; val_CER: 0.9396551251411438; val_WER: 1.0; val_val_char_f1: 0.3836206793785095
2025-07-29 10:18:37,287 - root - INFO - Epoch 4; loss: 139.15980529785156; CER: 0.9722222089767456; WER: 1.0; val_char_f1: 0.4305555522441864; val_loss: 172.8686065673828; val_CER: 0.9703065752983093; val_WER: 1.0; val_val_char_f1: 0.48946359753608704
2025-07-29 10:18:41,770 - root - INFO - Epoch 5; loss: 122.46121215820312; CER: 0.9930555820465088; WER: 1.0; val_char_f1: 0.5; val_loss: 169.29214477539062; val_CER: 0.9727011919021606; val_WER: 1.0; val_val_char_f1: 0.5263410210609436
2025-07-29 10:18:46,551 - root - INFO - Epoch 6; loss: 107.30602264404297; CER: 0.9861111044883728; WER: 1.0; val_char_f1: 0.5902777910232544; val_loss: 164.80154418945312; val_CER: 0.9727011919021606; val_WER: 1.0; val_val_char_f1: 0.5435823798179626
2025-07-29 10:18:50,581 - root - INFO - Epoch 7; loss: 92.14366149902344; CER: 1.0; WER: 1.0; val_char_f1: 0.6041666865348816; val_loss: 159.7205352783203; val_CER: 0.9741379022598267; val_WER: 1.0; val_val_char_f1: 0.5531609058380127
2025-07-29 10:18:53,002 - root - INFO - Epoch 8; loss: 77.77099609375; CER: 1.0; WER: 1.0; val_char_f1: 0.6041666865348816; val_loss: 154.12330627441406; val_CER: 0.9865900278091431; val_WER: 1.0; val_val_char_f1: 0.5641762614250183
2025-07-29 10:18:55,966 - root - INFO - Epoch 9; loss: 65.32427215576172; CER: 1.0; WER: 1.0; val_char_f1: 0.6041666865348816; val_loss: 147.55047607421875; val_CER: 0.9932950139045715; val_WER: 1.0; val_val_char_f1: 0.5684865713119507
2025-07-29 10:18:59,491 - root - INFO - Epoch 10; loss: 55.1552734375; CER: 1.0; WER: 1.0; val_char_f1: 0.6041666865348816; val_loss: 139.962158203125; val_CER: 0.9966474771499634; val_WER: 1.0; val_val_char_f1: 0.5694444179534912
2025-07-29 10:19:02,506 - root - INFO - Epoch 11; loss: 46.51717758178711; CER: 1.0; WER: 1.0; val_char_f1: 0.6041666865348816; val_loss: 131.42982482910156; val_CER: 0.9995210766792297; val_WER: 1.0; val_val_char_f1: 0.571360170841217
2025-07-29 10:19:05,511 - root - INFO - Epoch 12; loss: 39.56028366088867; CER: 1.0; WER: 1.0; val_char_f1: 0.6041666865348816; val_loss: 121.67803192138672; val_CER: 1.0; val_WER: 1.0; val_val_char_f1: 0.571360170841217
2025-07-29 10:19:08,327 - root - INFO - Epoch 13; loss: 34.45054244995117; CER: 1.0; WER: 1.0; val_char_f1: 0.6041666865348816; val_loss: 110.8270492553711; val_CER: 1.0; val_WER: 1.0; val_val_char_f1: 0.571360170841217
2025-07-29 10:19:11,095 - root - INFO - Epoch 14; loss: 30.63912582397461; CER: 1.0; WER: 1.0; val_char_f1: 0.6041666865348816; val_loss: 99.11417388916016; val_CER: 1.0; val_WER: 1.0; val_val_char_f1: 0.571360170841217
2025-07-29 10:19:14,040 - root - INFO - Epoch 15; loss: 28.086116790771484; CER: 1.0; WER: 1.0; val_char_f1: 0.6041666865348816; val_loss: 86.97681427001953; val_CER: 1.0; val_WER: 1.0; val_val_char_f1: 0.571360170841217
2025-07-29 10:19:16,758 - root - INFO - Epoch 16; loss: 26.575246810913086; CER: 1.0; WER: 1.0; val_char_f1: 0.6041666865348816; val_loss: 74.97728729248047; val_CER: 1.0; val_WER: 1.0; val_val_char_f1: 0.571360170841217
2025-07-29 10:19:19,416 - root - INFO - Epoch 17; loss: 25.882553100585938; CER: 1.0; WER: 1.0; val_char_f1: 0.6041666865348816; val_loss: 63.77519226074219; val_CER: 1.0; val_WER: 1.0; val_val_char_f1: 0.571360170841217
2025-07-29 10:19:22,163 - root - INFO - Epoch 18; loss: 25.76049041748047; CER: 1.0; WER: 1.0; val_char_f1: 0.6041666865348816; val_loss: 54.04283905029297; val_CER: 1.0; val_WER: 1.0; val_val_char_f1: 0.571360170841217
2025-07-29 10:19:24,704 - root - INFO - Epoch 19; loss: 26.021316528320312; CER: 1.0; WER: 1.0; val_char_f1: 0.6041666865348816; val_loss: 46.17716598510742; val_CER: 1.0; val_WER: 1.0; val_val_char_f1: 0.571360170841217
2025-07-29 10:19:27,545 - root - INFO - Epoch 20; loss: 26.33867835998535; CER: 1.0; WER: 1.0; val_char_f1: 0.6041666865348816; val_loss: 40.21797561645508; val_CER: 1.0; val_WER: 1.0; val_val_char_f1: 0.571360170841217
2025-07-29 10:19:30,100 - root - INFO - Epoch 21; loss: 26.69034767150879; CER: 1.0; WER: 1.0; val_char_f1: 0.6041666865348816; val_loss: 35.92898178100586; val_CER: 1.0; val_WER: 1.0; val_val_char_f1: 0.571360170841217
2025-07-29 10:19:32,836 - root - INFO - Epoch 22; loss: 26.856714248657227; CER: 1.0; WER: 1.0; val_char_f1: 0.6041666865348816; val_loss: 32.99576950073242; val_CER: 1.0; val_WER: 1.0; val_val_char_f1: 0.571360170841217
2025-07-29 10:22:10,337 - tf2onnx.tfonnx - INFO - Using tensorflow=2.10.0, onnx=1.12.0, tf2onnx=1.14.0/8f8d49
2025-07-29 10:22:10,339 - tf2onnx.tfonnx - INFO - Using opset <onnx, 15>
2025-07-29 10:22:10,755 - tf2onnx.tf_utils - INFO - Computed 0 values for constant folding
2025-07-29 10:22:10,762 - tf2onnx.tf_utils - INFO - Computed 0 values for constant folding
2025-07-29 10:22:10,768 - tf2onnx.tf_utils - INFO - Computed 0 values for constant folding
2025-07-29 10:22:10,770 - tf2onnx.tf_utils - INFO - Computed 0 values for constant folding
2025-07-29 10:22:10,775 - tf2onnx.tf_utils - INFO - Computed 0 values for constant folding
2025-07-29 10:22:10,777 - tf2onnx.tf_utils - INFO - Computed 0 values for constant folding
2025-07-29 10:22:10,782 - tf2onnx.tf_utils - INFO - Computed 0 values for constant folding
2025-07-29 10:22:10,783 - tf2onnx.tf_utils - INFO - Computed 0 values for constant folding
2025-07-29 10:22:11,024 - tf2onnx.tf_utils - INFO - Computed 2 values for constant folding
2025-07-29 10:22:11,317 - tf2onnx.tfonnx - INFO - folding node using tf type=StridedSlice, name=model/bidirectional/forward_lstm/PartitionedCall/strided_slice
2025-07-29 10:22:11,317 - tf2onnx.tfonnx - INFO - folding node using tf type=StridedSlice, name=model/bidirectional/backward_lstm/PartitionedCall/strided_slice
2025-07-29 10:22:11,793 - tf2onnx.optimizer - INFO - Optimizing ONNX model
2025-07-29 10:22:13,428 - tf2onnx.optimizer.EinsumOptimizer - INFO - replacing einsum node 'model/multi_head_attention/einsum/Einsum' by its decomposed version, name of the last node 'Identity__858'.
2025-07-29 10:22:13,830 - tf2onnx.optimizer.EinsumOptimizer - INFO - replacing einsum node 'model/multi_head_attention/attention_output/einsum/Einsum' by its decomposed version, name of the last node 'Identity__899'.
2025-07-29 10:22:14,094 - tf2onnx.optimizer.EinsumOptimizer - INFO - replacing einsum node 'model/multi_head_attention/einsum_1/Einsum' by its decomposed version, name of the last node 'Identity__958'.
2025-07-29 10:22:14,390 - tf2onnx.optimizer.EinsumOptimizer - INFO - replacing einsum node 'model/multi_head_attention/query/einsum/Einsum' by its decomposed version, name of the last node 'Identity__997'.
2025-07-29 10:22:14,398 - tf2onnx.optimizer.EinsumOptimizer - INFO - replacing einsum node 'model/multi_head_attention/key/einsum/Einsum' by its decomposed version, name of the last node 'Identity__1036'.
2025-07-29 10:22:14,406 - tf2onnx.optimizer.EinsumOptimizer - INFO - replacing einsum node 'model/multi_head_attention/value/einsum/Einsum' by its decomposed version, name of the last node 'Identity__1075'.
2025-07-29 10:22:15,746 - tf2onnx.optimizer - INFO - After optimization: BatchNormalization -29 (29->0), Cast -24 (32->8), Concat -5 (26->21), Const -274 (403->129), Einsum -6 (6->0), Expand -6 (8->2), Gather +19 (4->23), Gemm +4 (0->4), GlobalAveragePool +6 (0->6), Identity -2 (2->0), MatMul +2 (14->16), Max +2 (0->2), ReduceMean -6 (6->0), ReduceProd +2 (4->6), Reshape +14 (11->25), Shape +1 (13->14), Slice -9 (15->6), Squeeze +1 (15->16), Transpose -102 (122->20), Unsqueeze -47 (55->8)
