2025-07-31 19:22:14,717 - DataProvider - INFO - Skipping Dataset validation...
2025-07-31 19:22:17,039 - tensorflow - WARNING - From /home/lamin/anaconda3/envs/new-gpu/lib/python3.10/site-packages/tensorflow/python/ops/ctc_ops.py:1465: alias_inplace_add (from tensorflow.python.ops.inplace_ops) is deprecated and will be removed in a future version.
Instructions for updating:
Prefer tf.tensor_scatter_nd_add, which offers the same functionality with well-defined read-write semantics.
2025-07-31 19:22:17,153 - tensorflow - WARNING - From /home/lamin/anaconda3/envs/new-gpu/lib/python3.10/site-packages/tensorflow/python/ops/ctc_ops.py:1448: alias_inplace_update (from tensorflow.python.ops.inplace_ops) is deprecated and will be removed in a future version.
Instructions for updating:
Prefer tf.tensor_scatter_nd_update, which offers the same functionality with well-defined read-write semantics.
2025-07-31 19:22:37,415 - root - INFO - Epoch 0; loss: 178.4741973876953; CER: 1.0; WER: 1.0; char_f1: 0.1428571343421936; val_loss: 165.9217071533203; val_CER: 1.0; val_WER: 1.0; val_char_f1: 0.0
2025-07-31 19:22:41,487 - root - INFO - Epoch 1; loss: 159.29266357421875; CER: 1.0; WER: 1.0; char_f1: 0.1428571343421936; val_loss: 162.57852172851562; val_CER: 1.0; val_WER: 1.0; val_char_f1: 0.0
2025-07-31 19:22:43,252 - root - INFO - Epoch 2; loss: 144.02859497070312; CER: 1.0; WER: 1.0; char_f1: 0.0; val_loss: 159.86602783203125; val_CER: 1.0; val_WER: 1.0; val_char_f1: 0.0
2025-07-31 19:22:45,153 - root - INFO - Epoch 3; loss: 131.78079223632812; CER: 1.0; WER: 1.0; char_f1: 0.1428571343421936; val_loss: 156.24520874023438; val_CER: 1.0; val_WER: 1.0; val_char_f1: 0.0
2025-07-31 19:22:46,954 - root - INFO - Epoch 4; loss: 120.68600463867188; CER: 1.0; WER: 1.0; char_f1: 0.1428571343421936; val_loss: 151.24713134765625; val_CER: 1.0; val_WER: 1.0; val_char_f1: 0.0
2025-07-31 19:22:48,680 - root - INFO - Epoch 5; loss: 110.43878936767578; CER: 1.0; WER: 1.0; char_f1: 0.2857142984867096; val_loss: 146.34375; val_CER: 1.0; val_WER: 1.0; val_char_f1: 0.0
2025-07-31 19:22:50,455 - root - INFO - Epoch 6; loss: 100.83196258544922; CER: 1.0; WER: 1.0; char_f1: 0.2857142984867096; val_loss: 142.72164916992188; val_CER: 1.0; val_WER: 1.0; val_char_f1: 0.0
2025-07-31 19:22:51,764 - root - INFO - Epoch 7; loss: 91.65034484863281; CER: 1.0; WER: 1.0; char_f1: 0.2857142984867096; val_loss: 141.2997589111328; val_CER: 1.0; val_WER: 1.0; val_char_f1: 0.0
2025-07-31 19:22:52,679 - root - INFO - Epoch 8; loss: 82.57107543945312; CER: 1.0; WER: 1.0; char_f1: 0.2857142984867096; val_loss: 141.489501953125; val_CER: 1.0; val_WER: 1.0; val_char_f1: 0.0
2025-07-31 19:22:53,597 - root - INFO - Epoch 9; loss: 73.52818298339844; CER: 1.0; WER: 1.0; char_f1: 0.2857142984867096; val_loss: 145.33172607421875; val_CER: 1.0; val_WER: 1.0; val_char_f1: 0.0
2025-07-31 19:22:54,818 - root - INFO - Epoch 10; loss: 65.02452087402344; CER: 1.0; WER: 1.0; char_f1: 0.2857142984867096; val_loss: 152.1083526611328; val_CER: 1.0; val_WER: 1.0; val_char_f1: 0.0
2025-07-31 19:22:55,908 - root - INFO - Epoch 11; loss: 57.32420349121094; CER: 1.0; WER: 1.0; char_f1: 0.2857142984867096; val_loss: 161.9149932861328; val_CER: 1.0; val_WER: 1.0; val_char_f1: 0.0
2025-07-31 19:22:57,071 - root - INFO - Epoch 12; loss: 50.64439010620117; CER: 1.0; WER: 1.0; char_f1: 0.1428571343421936; val_loss: 171.09112548828125; val_CER: 1.0; val_WER: 1.0; val_char_f1: 0.0
2025-07-31 19:22:58,622 - root - INFO - Epoch 13; loss: 45.022132873535156; CER: 1.0; WER: 1.0; char_f1: 0.1428571343421936; val_loss: 176.21920776367188; val_CER: 1.0; val_WER: 1.0; val_char_f1: 0.0
2025-07-31 19:22:59,718 - root - INFO - Epoch 14; loss: 40.2819709777832; CER: 1.0; WER: 1.0; char_f1: 0.1428571343421936; val_loss: 186.8101348876953; val_CER: 1.0; val_WER: 1.0; val_char_f1: 0.0
2025-07-31 19:23:00,874 - root - INFO - Epoch 15; loss: 36.14710235595703; CER: 1.0; WER: 1.0; char_f1: 0.1428571343421936; val_loss: 194.43431091308594; val_CER: 1.0; val_WER: 1.0; val_char_f1: 0.0
2025-07-31 19:23:03,637 - tf2onnx.tfonnx - INFO - Using tensorflow=2.10.0, onnx=1.12.0, tf2onnx=1.14.0/8f8d49
2025-07-31 19:23:03,637 - tf2onnx.tfonnx - INFO - Using opset <onnx, 15>
2025-07-31 19:23:03,820 - tf2onnx.tf_utils - INFO - Computed 0 values for constant folding
2025-07-31 19:23:03,826 - tf2onnx.tf_utils - INFO - Computed 0 values for constant folding
2025-07-31 19:23:03,828 - tf2onnx.tf_utils - INFO - Computed 0 values for constant folding
2025-07-31 19:23:03,831 - tf2onnx.tf_utils - INFO - Computed 0 values for constant folding
2025-07-31 19:23:03,833 - tf2onnx.tf_utils - INFO - Computed 0 values for constant folding
2025-07-31 19:23:03,844 - tf2onnx.tf_utils - INFO - Computed 0 values for constant folding
2025-07-31 19:23:03,848 - tf2onnx.tf_utils - INFO - Computed 0 values for constant folding
2025-07-31 19:23:03,858 - tf2onnx.tf_utils - INFO - Computed 0 values for constant folding
2025-07-31 19:23:04,014 - tf2onnx.tf_utils - INFO - Computed 2 values for constant folding
2025-07-31 19:23:04,343 - tf2onnx.tfonnx - INFO - folding node using tf type=StridedSlice, name=model/bidirectional/forward_lstm/PartitionedCall/strided_slice
2025-07-31 19:23:04,344 - tf2onnx.tfonnx - INFO - folding node using tf type=StridedSlice, name=model/bidirectional/backward_lstm/PartitionedCall/strided_slice
2025-07-31 19:23:04,926 - tf2onnx.optimizer - INFO - Optimizing ONNX model
2025-07-31 19:23:05,966 - tf2onnx.optimizer - INFO - After optimization: BatchNormalization -29 (29->0), Cast -15 (24->9), Concat -12 (21->9), Const -227 (317->90), Expand -6 (8->2), Gather +1 (4->5), GlobalAveragePool +2 (0->2), Identity -2 (2->0), ReduceMean -2 (2->0), ReduceProd -2 (4->2), Reshape +1 (7->8), Shape -5 (9->4), Slice -5 (11->6), Squeeze -5 (11->6), Transpose -117 (122->5), Unsqueeze -35 (39->4)
2025-07-31 19:23:19,388 - root - INFO - Epoch 0; loss: 56.62628173828125; CER: 0.9958746433258057; WER: 1.0; char_f1: 0.009825322777032852; val_loss: 25.90676498413086; val_CER: 0.996100127696991; val_WER: 1.0; val_char_f1: 0.0
2025-07-31 19:23:26,955 - root - INFO - Epoch 1; loss: 25.40471839904785; CER: 0.9958745837211609; WER: 1.0; char_f1: 0.0; val_loss: 23.856935501098633; val_CER: 0.996100127696991; val_WER: 1.0; val_char_f1: 0.0
2025-07-31 19:23:34,812 - root - INFO - Epoch 2; loss: 24.28717041015625; CER: 0.9958746433258057; WER: 1.0; char_f1: 0.0; val_loss: 23.0733699798584; val_CER: 0.996100127696991; val_WER: 1.0; val_char_f1: 0.0
2025-07-31 19:23:42,469 - root - INFO - Epoch 3; loss: 23.469026565551758; CER: 0.9958745837211609; WER: 1.0; char_f1: 0.0; val_loss: 22.33985710144043; val_CER: 0.996100127696991; val_WER: 1.0; val_char_f1: 0.0
2025-07-31 19:23:50,217 - root - INFO - Epoch 4; loss: 22.804948806762695; CER: 0.9958746433258057; WER: 1.0; char_f1: 0.0; val_loss: 21.825801849365234; val_CER: 0.996100127696991; val_WER: 1.0; val_char_f1: 0.0
2025-07-31 19:23:58,205 - root - INFO - Epoch 5; loss: 22.276086807250977; CER: 0.9958745837211609; WER: 1.0; char_f1: 0.0002729207626543939; val_loss: 21.513099670410156; val_CER: 0.9961001873016357; val_WER: 1.0; val_char_f1: 0.0
2025-07-31 19:24:06,289 - root - INFO - Epoch 6; loss: 21.844594955444336; CER: 0.9958745837211609; WER: 1.0; char_f1: 0.0024563269689679146; val_loss: 21.433168411254883; val_CER: 0.9961001873016357; val_WER: 1.0; val_char_f1: 0.001117313397116959
2025-07-31 19:24:14,332 - root - INFO - Epoch 7; loss: 21.594160079956055; CER: 0.9958746433258057; WER: 1.0; char_f1: 0.006004362367093563; val_loss: 20.94255828857422; val_CER: 0.996100127696991; val_WER: 1.0; val_char_f1: 0.005586586892604828
2025-07-31 19:24:22,110 - root - INFO - Epoch 8; loss: 21.1171875; CER: 0.9958746433258057; WER: 1.0; char_f1: 0.007096065208315849; val_loss: 20.740324020385742; val_CER: 0.9961000680923462; val_WER: 1.0; val_char_f1: 0.005586586892604828
2025-07-31 19:24:30,181 - root - INFO - Epoch 9; loss: 20.974956512451172; CER: 0.9958746433258057; WER: 1.0; char_f1: 0.007096065208315849; val_loss: 21.932344436645508; val_CER: 0.9961001873016357; val_WER: 1.0; val_char_f1: 0.006703905761241913
2025-07-31 19:24:38,404 - root - INFO - Epoch 10; loss: 20.64239501953125; CER: 0.9958746433258057; WER: 1.0; char_f1: 0.006550213322043419; val_loss: 20.420024871826172; val_CER: 0.9961000680923462; val_WER: 1.0; val_char_f1: 0.002234631683677435
2025-07-31 19:24:47,335 - root - INFO - Epoch 11; loss: 20.643108367919922; CER: 0.9958746433258057; WER: 1.0; char_f1: 0.006004362367093563; val_loss: 20.637296676635742; val_CER: 0.9961001873016357; val_WER: 1.0; val_char_f1: 0.0044692689552903175
2025-07-31 19:24:55,795 - root - INFO - Epoch 12; loss: 20.16283416748047; CER: 0.9958745837211609; WER: 1.0; char_f1: 0.004912658594548702; val_loss: 20.344532012939453; val_CER: 0.9961000680923462; val_WER: 1.0; val_char_f1: 0.010055860504508018
2025-07-31 19:25:04,618 - root - INFO - Epoch 13; loss: 20.066476821899414; CER: 0.9958745837211609; WER: 1.0; char_f1: 0.007914841175079346; val_loss: 20.847002029418945; val_CER: 0.9961001873016357; val_WER: 1.0; val_char_f1: 0.005586586892604828
2025-07-31 19:25:12,342 - root - INFO - Epoch 14; loss: 20.211008071899414; CER: 0.9958745837211609; WER: 1.0; char_f1: 0.006004362367093563; val_loss: 20.468650817871094; val_CER: 0.996100127696991; val_WER: 1.0; val_char_f1: 0.005586586892604828
2025-07-31 19:25:19,807 - root - INFO - Epoch 15; loss: 19.9038028717041; CER: 0.9958745837211609; WER: 1.0; char_f1: 0.007096065208315849; val_loss: 20.322160720825195; val_CER: 0.9961001873016357; val_WER: 1.0; val_char_f1: 0.005586586892604828
2025-07-31 19:25:27,253 - root - INFO - Epoch 16; loss: 19.75174903869629; CER: 0.9958745837211609; WER: 1.0; char_f1: 0.011462876573204994; val_loss: 20.430530548095703; val_CER: 0.9961001873016357; val_WER: 1.0; val_char_f1: 0.007821224629878998
2025-07-31 19:25:35,614 - root - INFO - Epoch 17; loss: 19.283344268798828; CER: 0.9958745241165161; WER: 1.0; char_f1: 0.014192134141921997; val_loss: 20.380571365356445; val_CER: 0.9961001873016357; val_WER: 1.0; val_char_f1: 0.010055860504508018
2025-07-31 19:25:47,913 - root - INFO - Epoch 18; loss: 18.973224639892578; CER: 0.9958745837211609; WER: 1.0; char_f1: 0.014192134141921997; val_loss: 20.33747673034668; val_CER: 0.9961001873016357; val_WER: 1.0; val_char_f1: 0.011173179373145103
2025-07-31 19:25:56,126 - root - INFO - Epoch 19; loss: 18.751745223999023; CER: 0.9956040978431702; WER: 1.0; char_f1: 0.015283837914466858; val_loss: 20.57729721069336; val_CER: 0.9750101566314697; val_WER: 1.0; val_char_f1: 0.010055860504508018
2025-07-31 19:26:06,202 - root - INFO - Epoch 20; loss: 18.4824275970459; CER: 0.9671155214309692; WER: 1.0; char_f1: 0.018831871449947357; val_loss: 20.46019744873047; val_CER: 0.9616726636886597; val_WER: 1.0; val_char_f1: 0.010055860504508018
2025-07-31 19:26:16,064 - root - INFO - Epoch 21; loss: 18.278051376342773; CER: 0.962986409664154; WER: 1.0; char_f1: 0.019377723336219788; val_loss: 20.115312576293945; val_CER: 0.9611082673072815; val_WER: 1.0; val_char_f1: 0.013407815247774124
2025-07-31 19:26:24,481 - root - INFO - Epoch 22; loss: 18.168968200683594; CER: 0.965093731880188; WER: 1.0; char_f1: 0.01801309734582901; val_loss: 20.274913787841797; val_CER: 0.9570543766021729; val_WER: 1.0; val_char_f1: 0.014525134116411209
2025-07-31 19:26:32,842 - root - INFO - Epoch 23; loss: 18.07975196838379; CER: 0.9570068717002869; WER: 1.0; char_f1: 0.01801309734582901; val_loss: 20.82884407043457; val_CER: 0.9630580544471741; val_WER: 1.0; val_char_f1: 0.01675977185368538
2025-07-31 19:26:40,959 - root - INFO - Epoch 24; loss: 18.126953125; CER: 0.9572681188583374; WER: 1.0; char_f1: 0.01801309734582901; val_loss: 20.548866271972656; val_CER: 0.9577175378799438; val_WER: 1.0; val_char_f1: 0.013407815247774124
2025-07-31 19:26:48,795 - root - INFO - Epoch 25; loss: 17.805627822875977; CER: 0.9515440464019775; WER: 1.0; char_f1: 0.02101527899503708; val_loss: 20.409076690673828; val_CER: 0.951662540435791; val_WER: 1.0; val_char_f1: 0.010055860504508018
2025-07-31 19:26:59,018 - root - INFO - Epoch 26; loss: 17.67098617553711; CER: 0.9504897594451904; WER: 1.0; char_f1: 0.021834056824445724; val_loss: 20.57801628112793; val_CER: 0.9601805210113525; val_WER: 1.0; val_char_f1: 0.017877090722322464
2025-07-31 19:27:06,413 - root - INFO - Epoch 27; loss: 17.569143295288086; CER: 0.9455596804618835; WER: 1.0; char_f1: 0.021834056824445724; val_loss: 20.61485481262207; val_CER: 0.9576148986816406; val_WER: 1.0; val_char_f1: 0.015642452985048294
2025-07-31 19:27:13,803 - root - INFO - Epoch 28; loss: 17.298715591430664; CER: 0.9498725533485413; WER: 1.0; char_f1: 0.02265283651649952; val_loss: 20.733247756958008; val_CER: 0.9634133577346802; val_WER: 1.0; val_char_f1: 0.013407815247774124
2025-07-31 19:27:21,209 - root - INFO - Epoch 29; loss: 17.087068557739258; CER: 0.9432374835014343; WER: 1.0; char_f1: 0.020742353051900864; val_loss: 20.67609405517578; val_CER: 0.9612582921981812; val_WER: 1.0; val_char_f1: 0.008938541635870934
2025-07-31 19:27:28,532 - root - INFO - Epoch 30; loss: 17.22357940673828; CER: 0.943551778793335; WER: 1.0; char_f1: 0.02265283651649952; val_loss: 20.798662185668945; val_CER: 0.966646134853363; val_WER: 1.0; val_char_f1: 0.008938541635870934
2025-07-31 19:27:35,947 - root - INFO - Epoch 31; loss: 17.279605865478516; CER: 0.9442075490951538; WER: 1.0; char_f1: 0.022925760596990585; val_loss: 21.165910720825195; val_CER: 0.9592568874359131; val_WER: 1.0; val_char_f1: 0.013407815247774124
2025-07-31 19:27:43,256 - root - INFO - Epoch 32; loss: 16.946258544921875; CER: 0.9351536631584167; WER: 1.0; char_f1: 0.022379910573363304; val_loss: 21.07741355895996; val_CER: 0.9552031755447388; val_WER: 1.0; val_char_f1: 0.010055860504508018
2025-07-31 19:27:50,615 - root - INFO - Epoch 33; loss: 17.38921546936035; CER: 0.9243526458740234; WER: 1.0; char_f1: 0.024290388450026512; val_loss: 22.21721839904785; val_CER: 0.9578714966773987; val_WER: 1.0; val_char_f1: 0.013407815247774124
2025-07-31 19:27:59,682 - root - INFO - Epoch 34; loss: 17.51824378967285; CER: 0.9189960360527039; WER: 1.0; char_f1: 0.02565501630306244; val_loss: 21.02713394165039; val_CER: 0.9307265877723694; val_WER: 1.0; val_char_f1: 0.01899440959095955
2025-07-31 19:28:09,175 - root - INFO - Epoch 35; loss: 16.8129940032959; CER: 0.9030174016952515; WER: 1.0; char_f1: 0.026473794132471085; val_loss: 21.029451370239258; val_CER: 0.9174916744232178; val_WER: 1.0; val_char_f1: 0.017877090722322464
2025-07-31 19:28:16,968 - root - INFO - Epoch 36; loss: 16.366256713867188; CER: 0.8902216553688049; WER: 1.0; char_f1: 0.02893012762069702; val_loss: 21.961414337158203; val_CER: 0.9349382519721985; val_WER: 1.0; val_char_f1: 0.02346368134021759
2025-07-31 19:28:24,566 - root - INFO - Epoch 37; loss: 16.142324447631836; CER: 0.8908483982086182; WER: 1.0; char_f1: 0.02783842571079731; val_loss: 21.034549713134766; val_CER: 0.9215414524078369; val_WER: 1.0; val_char_f1: 0.015642452985048294
2025-07-31 19:28:32,140 - root - INFO - Epoch 38; loss: 15.78113079071045; CER: 0.8845843076705933; WER: 1.0; char_f1: 0.0302947536110878; val_loss: 21.302684783935547; val_CER: 0.9322146773338318; val_WER: 1.0; val_char_f1: 0.020111728459596634
2025-07-31 19:28:39,716 - root - INFO - Epoch 39; loss: 15.548254013061523; CER: 0.8838325142860413; WER: 1.0; char_f1: 0.030021827667951584; val_loss: 22.190059661865234; val_CER: 0.9311370253562927; val_WER: 1.0; val_char_f1: 0.013407815247774124
2025-07-31 19:28:47,223 - root - INFO - Epoch 40; loss: 15.265167236328125; CER: 0.881499707698822; WER: 1.0; char_f1: 0.030021827667951584; val_loss: 21.885517120361328; val_CER: 0.9371408224105835; val_WER: 1.0; val_char_f1: 0.017877090722322464
2025-07-31 19:28:54,728 - root - INFO - Epoch 41; loss: 15.110814094543457; CER: 0.8798116445541382; WER: 1.0; char_f1: 0.029748905450105667; val_loss: 21.936458587646484; val_CER: 0.9261084198951721; val_WER: 1.0; val_char_f1: 0.022346362471580505
2025-07-31 19:29:02,205 - root - INFO - Epoch 42; loss: 14.948807716369629; CER: 0.8808974027633667; WER: 1.0; char_f1: 0.030567679554224014; val_loss: 22.373008728027344; val_CER: 0.9272412657737732; val_WER: 1.0; val_char_f1: 0.017877090722322464
2025-07-31 19:29:09,773 - root - INFO - Epoch 43; loss: 15.423752784729004; CER: 0.8842301964759827; WER: 1.0; char_f1: 0.031113531440496445; val_loss: 22.78216552734375; val_CER: 0.935139536857605; val_WER: 1.0; val_char_f1: 0.014525134116411209
2025-07-31 19:29:17,406 - root - INFO - Epoch 44; loss: 15.137503623962402; CER: 0.8844895958900452; WER: 1.0; char_f1: 0.03275108337402344; val_loss: 22.88939666748047; val_CER: 0.9316540956497192; val_WER: 1.0; val_char_f1: 0.02122904732823372
2025-07-31 19:29:25,119 - root - INFO - Epoch 45; loss: 14.588574409484863; CER: 0.878739058971405; WER: 1.0; char_f1: 0.0338427871465683; val_loss: 22.8204402923584; val_CER: 0.9224137663841248; val_WER: 1.0; val_char_f1: 0.01899440959095955
2025-07-31 19:29:33,948 - root - INFO - Epoch 46; loss: 14.206838607788086; CER: 0.8775560259819031; WER: 1.0; char_f1: 0.03302401304244995; val_loss: 22.947614669799805; val_CER: 0.9315989017486572; val_WER: 1.0; val_char_f1: 0.02122904732823372
2025-07-31 19:29:42,117 - root - INFO - Epoch 47; loss: 13.981950759887695; CER: 0.879435658454895; WER: 1.0; char_f1: 0.03302401304244995; val_loss: 23.452638626098633; val_CER: 0.9291358590126038; val_WER: 1.0; val_char_f1: 0.017877090722322464
2025-07-31 19:29:50,188 - root - INFO - Epoch 48; loss: 13.599729537963867; CER: 0.8802151083946228; WER: 1.0; char_f1: 0.03548034280538559; val_loss: 24.07392120361328; val_CER: 0.9407840371131897; val_WER: 1.0; val_char_f1: 0.015642452985048294
2025-07-31 19:29:58,330 - root - INFO - Epoch 49; loss: 13.440667152404785; CER: 0.8741281628608704; WER: 1.0; char_f1: 0.036844976246356964; val_loss: 24.109254837036133; val_CER: 0.9399629831314087; val_WER: 1.0; val_char_f1: 0.014525134116411209
2025-07-31 19:30:06,385 - root - INFO - Epoch 50; loss: 13.113595962524414; CER: 0.8769972324371338; WER: 1.0; char_f1: 0.03548034280538559; val_loss: 24.395673751831055; val_CER: 0.9358579516410828; val_WER: 1.0; val_char_f1: 0.020111728459596634
2025-07-31 19:30:14,744 - root - INFO - Epoch 51; loss: 12.668660163879395; CER: 0.8713023066520691; WER: 1.0; char_f1: 0.03411571681499481; val_loss: 25.326889038085938; val_CER: 0.947099506855011; val_WER: 1.0; val_char_f1: 0.012290498241782188
