2025-07-29 10:55:44,664 - tensorflow - WARNING - From /home/lamin/anaconda3/envs/new-gpu/lib/python3.10/site-packages/tensorflow/python/ops/ctc_ops.py:1465: alias_inplace_add (from tensorflow.python.ops.inplace_ops) is deprecated and will be removed in a future version.
Instructions for updating:
Prefer tf.tensor_scatter_nd_add, which offers the same functionality with well-defined read-write semantics.
2025-07-29 10:55:44,704 - tensorflow - WARNING - From /home/lamin/anaconda3/envs/new-gpu/lib/python3.10/site-packages/tensorflow/python/ops/ctc_ops.py:1448: alias_inplace_update (from tensorflow.python.ops.inplace_ops) is deprecated and will be removed in a future version.
Instructions for updating:
Prefer tf.tensor_scatter_nd_update, which offers the same functionality with well-defined read-write semantics.
2025-07-29 10:55:58,898 - root - INFO - Epoch 0; loss: 184.38917541503906; CER: 1.0; WER: 1.0; val_char_f1: 0.0; val_loss: 176.53567504882812; val_CER: 1.0; val_WER: 1.0; val_val_char_f1: 0.0
2025-07-29 10:56:00,852 - root - INFO - Epoch 1; loss: 182.33045959472656; CER: 1.0; WER: 1.0; val_char_f1: 0.0; val_loss: 176.33926391601562; val_CER: 1.0; val_WER: 1.0; val_val_char_f1: 0.0
2025-07-29 10:56:01,823 - root - INFO - Epoch 2; loss: 181.24867248535156; CER: 1.0; WER: 1.0; val_char_f1: 0.1666666567325592; val_loss: 176.03810119628906; val_CER: 1.0; val_WER: 1.0; val_val_char_f1: 0.0
2025-07-29 10:56:02,773 - root - INFO - Epoch 3; loss: 178.6074676513672; CER: 1.0; WER: 1.0; val_char_f1: 0.2222222089767456; val_loss: 175.78585815429688; val_CER: 0.9444444179534912; val_WER: 1.0; val_val_char_f1: 0.0
2025-07-29 10:56:03,721 - root - INFO - Epoch 4; loss: 178.5992889404297; CER: 1.1111111640930176; WER: 1.0; val_char_f1: 0.5555555820465088; val_loss: 175.49502563476562; val_CER: 0.9444444179534912; val_WER: 1.0; val_val_char_f1: 0.1111111044883728
2025-07-29 10:56:04,747 - root - INFO - Epoch 5; loss: 177.2859344482422; CER: 1.0; WER: 1.0; val_char_f1: 0.6111111044883728; val_loss: 175.1029510498047; val_CER: 0.9444444179534912; val_WER: 1.0; val_val_char_f1: 0.3888888657093048
2025-07-29 10:56:05,505 - root - INFO - Epoch 6; loss: 174.65252685546875; CER: 1.0; WER: 1.0; val_char_f1: 0.6111111044883728; val_loss: 174.51258850097656; val_CER: 0.9444444179534912; val_WER: 1.0; val_val_char_f1: 0.6111111044883728
2025-07-29 10:56:06,199 - root - INFO - Epoch 7; loss: 174.615478515625; CER: 1.0; WER: 1.0; val_char_f1: 0.6111111044883728; val_loss: 173.80767822265625; val_CER: 0.9444444179534912; val_WER: 1.0; val_val_char_f1: 0.6111111044883728
2025-07-29 10:56:07,105 - root - INFO - Epoch 8; loss: 171.80909729003906; CER: 0.9444444179534912; WER: 1.0; val_char_f1: 0.6111111044883728; val_loss: 172.9348907470703; val_CER: 0.9444444179534912; val_WER: 1.0; val_val_char_f1: 0.6111111044883728
2025-07-29 10:56:07,833 - root - INFO - Epoch 9; loss: 170.8898162841797; CER: 1.0; WER: 1.0; val_char_f1: 0.6111111044883728; val_loss: 171.9619903564453; val_CER: 0.9444444179534912; val_WER: 1.0; val_val_char_f1: 0.6111111044883728
2025-07-29 10:56:08,529 - root - INFO - Epoch 10; loss: 168.0277862548828; CER: 1.0; WER: 1.0; val_char_f1: 0.6111111044883728; val_loss: 170.94264221191406; val_CER: 0.9444444179534912; val_WER: 1.0; val_val_char_f1: 0.6111111044883728
2025-07-29 10:56:09,220 - root - INFO - Epoch 11; loss: 168.20770263671875; CER: 1.0; WER: 1.0; val_char_f1: 0.6111111044883728; val_loss: 170.03912353515625; val_CER: 0.9444444179534912; val_WER: 1.0; val_val_char_f1: 0.6111111044883728
2025-07-29 10:56:09,933 - root - INFO - Epoch 12; loss: 168.0637664794922; CER: 0.9444444179534912; WER: 1.0; val_char_f1: 0.6111111044883728; val_loss: 169.17669677734375; val_CER: 1.0; val_WER: 1.0; val_val_char_f1: 0.6111111044883728
2025-07-29 10:56:10,627 - root - INFO - Epoch 13; loss: 164.50889587402344; CER: 1.0; WER: 1.0; val_char_f1: 0.6111111044883728; val_loss: 168.2466583251953; val_CER: 1.0; val_WER: 1.0; val_val_char_f1: 0.6111111044883728
2025-07-29 10:56:11,323 - root - INFO - Epoch 14; loss: 164.3158721923828; CER: 1.0; WER: 1.0; val_char_f1: 0.6111111044883728; val_loss: 167.32577514648438; val_CER: 1.0; val_WER: 1.0; val_val_char_f1: 0.6111111044883728
2025-07-29 10:56:12,005 - root - INFO - Epoch 15; loss: 162.65408325195312; CER: 1.0; WER: 1.0; val_char_f1: 0.6111111044883728; val_loss: 166.36172485351562; val_CER: 1.0; val_WER: 1.0; val_val_char_f1: 0.6111111044883728
2025-07-29 10:56:12,728 - root - INFO - Epoch 16; loss: 160.48837280273438; CER: 1.0; WER: 1.0; val_char_f1: 0.6111111044883728; val_loss: 165.4330291748047; val_CER: 1.0; val_WER: 1.0; val_val_char_f1: 0.6111111044883728
2025-07-29 10:56:13,408 - root - INFO - Epoch 17; loss: 158.4211883544922; CER: 1.0; WER: 1.0; val_char_f1: 0.6111111044883728; val_loss: 164.48851013183594; val_CER: 1.0; val_WER: 1.0; val_val_char_f1: 0.6111111044883728
2025-07-29 10:56:14,087 - root - INFO - Epoch 18; loss: 157.06910705566406; CER: 1.0; WER: 1.0; val_char_f1: 0.6111111044883728; val_loss: 163.54287719726562; val_CER: 1.0; val_WER: 1.0; val_val_char_f1: 0.6111111044883728
2025-07-29 10:56:14,766 - root - INFO - Epoch 19; loss: 154.0266876220703; CER: 1.0; WER: 1.0; val_char_f1: 0.6111111044883728; val_loss: 162.5952606201172; val_CER: 1.0; val_WER: 1.0; val_val_char_f1: 0.6111111044883728
2025-07-29 10:56:15,452 - root - INFO - Epoch 20; loss: 152.3081817626953; CER: 1.0; WER: 1.0; val_char_f1: 0.6111111044883728; val_loss: 161.51597595214844; val_CER: 1.0; val_WER: 1.0; val_val_char_f1: 0.6111111044883728
2025-07-29 10:56:17,756 - tf2onnx.tfonnx - INFO - Using tensorflow=2.10.0, onnx=1.12.0, tf2onnx=1.14.0/8f8d49
2025-07-29 10:56:17,756 - tf2onnx.tfonnx - INFO - Using opset <onnx, 15>
2025-07-29 10:56:17,900 - tf2onnx.tf_utils - INFO - Computed 0 values for constant folding
2025-07-29 10:56:17,904 - tf2onnx.tf_utils - INFO - Computed 0 values for constant folding
2025-07-29 10:56:17,906 - tf2onnx.tf_utils - INFO - Computed 0 values for constant folding
2025-07-29 10:56:17,911 - tf2onnx.tf_utils - INFO - Computed 0 values for constant folding
2025-07-29 10:56:17,913 - tf2onnx.tf_utils - INFO - Computed 0 values for constant folding
2025-07-29 10:56:17,918 - tf2onnx.tf_utils - INFO - Computed 0 values for constant folding
2025-07-29 10:56:17,922 - tf2onnx.tf_utils - INFO - Computed 0 values for constant folding
2025-07-29 10:56:17,926 - tf2onnx.tf_utils - INFO - Computed 0 values for constant folding
2025-07-29 10:56:18,036 - tf2onnx.tf_utils - INFO - Computed 2 values for constant folding
2025-07-29 10:56:18,145 - tf2onnx.tfonnx - INFO - folding node using tf type=StridedSlice, name=model/bidirectional/forward_lstm/PartitionedCall/strided_slice
2025-07-29 10:56:18,145 - tf2onnx.tfonnx - INFO - folding node using tf type=StridedSlice, name=model/bidirectional/backward_lstm/PartitionedCall/strided_slice
2025-07-29 10:56:18,349 - tf2onnx.optimizer - INFO - Optimizing ONNX model
2025-07-29 10:56:19,030 - tf2onnx.optimizer - INFO - After optimization: BatchNormalization -29 (29->0), Cast -15 (24->9), Concat -12 (21->9), Const -227 (317->90), Expand -6 (8->2), Gather +1 (4->5), GlobalAveragePool +2 (0->2), Identity -2 (2->0), ReduceMean -2 (2->0), ReduceProd -2 (4->2), Reshape +1 (7->8), Shape -5 (9->4), Slice -5 (11->6), Squeeze -5 (11->6), Transpose -117 (122->5), Unsqueeze -35 (39->4)
