2025-07-29 10:52:17,838 - tensorflow - WARNING - From /home/lamin/anaconda3/envs/new-gpu/lib/python3.10/site-packages/tensorflow/python/ops/ctc_ops.py:1465: alias_inplace_add (from tensorflow.python.ops.inplace_ops) is deprecated and will be removed in a future version.
Instructions for updating:
Prefer tf.tensor_scatter_nd_add, which offers the same functionality with well-defined read-write semantics.
2025-07-29 10:52:17,880 - tensorflow - WARNING - From /home/lamin/anaconda3/envs/new-gpu/lib/python3.10/site-packages/tensorflow/python/ops/ctc_ops.py:1448: alias_inplace_update (from tensorflow.python.ops.inplace_ops) is deprecated and will be removed in a future version.
Instructions for updating:
Prefer tf.tensor_scatter_nd_update, which offers the same functionality with well-defined read-write semantics.
2025-07-29 10:52:29,486 - root - INFO - Epoch 0; loss: 182.95321655273438; CER: 1.3333333730697632; WER: 1.0; val_char_f1: 0.0; val_loss: 174.4468536376953; val_CER: 1.0; val_WER: 1.0; val_val_char_f1: 0.6111111044883728
2025-07-29 10:52:31,690 - root - INFO - Epoch 1; loss: 165.05349731445312; CER: 0.8888888955116272; WER: 1.0; val_char_f1: 0.1111111044883728; val_loss: 144.08009338378906; val_CER: 1.0; val_WER: 1.0; val_val_char_f1: 0.0555555522441864
2025-07-29 10:52:32,366 - root - INFO - Epoch 2; loss: 121.33141326904297; CER: 0.9444444179534912; WER: 1.0; val_char_f1: 0.1111111044883728; val_loss: 91.48108673095703; val_CER: 0.9444444179534912; val_WER: 1.0; val_val_char_f1: 0.0555555522441864
2025-07-29 10:52:33,058 - root - INFO - Epoch 3; loss: 76.93484497070312; CER: 0.9444444179534912; WER: 1.0; val_char_f1: 0.1111111044883728; val_loss: 65.54203033447266; val_CER: 1.0; val_WER: 1.0; val_val_char_f1: 0.0555555522441864
2025-07-29 10:52:33,762 - root - INFO - Epoch 4; loss: 43.58009338378906; CER: 1.0; WER: 1.0; val_char_f1: 0.1111111044883728; val_loss: 50.58859634399414; val_CER: 1.0; val_WER: 1.0; val_val_char_f1: 0.0555555522441864
2025-07-29 10:52:34,498 - root - INFO - Epoch 5; loss: 25.661907196044922; CER: 1.0; WER: 1.0; val_char_f1: 0.1111111044883728; val_loss: 42.57256317138672; val_CER: 1.0; val_WER: 1.0; val_val_char_f1: 0.0555555522441864
2025-07-29 10:52:35,178 - root - INFO - Epoch 6; loss: 18.245338439941406; CER: 1.0; WER: 1.0; val_char_f1: 0.1111111044883728; val_loss: 43.87663650512695; val_CER: 1.0; val_WER: 1.0; val_val_char_f1: 0.0555555522441864
2025-07-29 10:52:35,876 - root - INFO - Epoch 7; loss: 17.550352096557617; CER: 1.0; WER: 1.0; val_char_f1: 0.1111111044883728; val_loss: 47.005523681640625; val_CER: 1.0; val_WER: 1.0; val_val_char_f1: 0.0555555522441864
2025-07-29 10:52:36,572 - root - INFO - Epoch 8; loss: 18.27162742614746; CER: 1.0; WER: 1.0; val_char_f1: 0.1111111044883728; val_loss: 49.86149978637695; val_CER: 1.0; val_WER: 1.0; val_val_char_f1: 0.0555555522441864
2025-07-29 10:52:37,474 - root - INFO - Epoch 9; loss: 18.257291793823242; CER: 1.0; WER: 1.0; val_char_f1: 0.1111111044883728; val_loss: 52.583892822265625; val_CER: 1.0; val_WER: 1.0; val_val_char_f1: 0.0555555522441864
2025-07-29 10:52:38,195 - root - INFO - Epoch 10; loss: 17.294496536254883; CER: 1.0; WER: 1.0; val_char_f1: 0.1111111044883728; val_loss: 54.184932708740234; val_CER: 1.0; val_WER: 1.0; val_val_char_f1: 0.0555555522441864
2025-07-29 10:52:38,893 - root - INFO - Epoch 11; loss: 15.014683723449707; CER: 1.0; WER: 1.0; val_char_f1: 0.1111111044883728; val_loss: 55.17323303222656; val_CER: 1.0; val_WER: 1.0; val_val_char_f1: 0.0555555522441864
2025-07-29 10:52:39,586 - root - INFO - Epoch 12; loss: 13.05525016784668; CER: 1.0; WER: 1.0; val_char_f1: 0.1111111044883728; val_loss: 56.26408767700195; val_CER: 1.0; val_WER: 1.0; val_val_char_f1: 0.0555555522441864
2025-07-29 10:52:40,277 - root - INFO - Epoch 13; loss: 10.915029525756836; CER: 1.0; WER: 1.0; val_char_f1: 0.1111111044883728; val_loss: 58.14637756347656; val_CER: 1.0; val_WER: 1.0; val_val_char_f1: 0.0555555522441864
2025-07-29 10:52:40,965 - root - INFO - Epoch 14; loss: 10.408056259155273; CER: 1.0; WER: 1.0; val_char_f1: 0.1111111044883728; val_loss: 60.11796188354492; val_CER: 1.0; val_WER: 1.0; val_val_char_f1: 0.0555555522441864
2025-07-29 10:52:41,651 - root - INFO - Epoch 15; loss: 10.245307922363281; CER: 1.0; WER: 1.0; val_char_f1: 0.1111111044883728; val_loss: 59.56340789794922; val_CER: 1.0; val_WER: 1.0; val_val_char_f1: 0.0555555522441864
2025-07-29 10:52:42,350 - root - INFO - Epoch 16; loss: 9.444668769836426; CER: 1.0; WER: 1.0; val_char_f1: 0.1111111044883728; val_loss: 59.76680374145508; val_CER: 1.0; val_WER: 1.0; val_val_char_f1: 0.0555555522441864
2025-07-29 10:52:44,373 - tf2onnx.tfonnx - INFO - Using tensorflow=2.10.0, onnx=1.12.0, tf2onnx=1.14.0/8f8d49
2025-07-29 10:52:44,374 - tf2onnx.tfonnx - INFO - Using opset <onnx, 15>
2025-07-29 10:52:44,511 - tf2onnx.tf_utils - INFO - Computed 0 values for constant folding
2025-07-29 10:52:44,516 - tf2onnx.tf_utils - INFO - Computed 0 values for constant folding
2025-07-29 10:52:44,521 - tf2onnx.tf_utils - INFO - Computed 0 values for constant folding
2025-07-29 10:52:44,523 - tf2onnx.tf_utils - INFO - Computed 0 values for constant folding
2025-07-29 10:52:44,527 - tf2onnx.tf_utils - INFO - Computed 0 values for constant folding
2025-07-29 10:52:44,529 - tf2onnx.tf_utils - INFO - Computed 0 values for constant folding
2025-07-29 10:52:44,530 - tf2onnx.tf_utils - INFO - Computed 0 values for constant folding
2025-07-29 10:52:44,532 - tf2onnx.tf_utils - INFO - Computed 0 values for constant folding
2025-07-29 10:52:44,633 - tf2onnx.tf_utils - INFO - Computed 2 values for constant folding
2025-07-29 10:52:44,730 - tf2onnx.tfonnx - INFO - folding node using tf type=StridedSlice, name=model/bidirectional/forward_lstm/PartitionedCall/strided_slice
2025-07-29 10:52:44,730 - tf2onnx.tfonnx - INFO - folding node using tf type=StridedSlice, name=model/bidirectional/backward_lstm/PartitionedCall/strided_slice
2025-07-29 10:52:44,926 - tf2onnx.optimizer - INFO - Optimizing ONNX model
2025-07-29 10:52:45,781 - tf2onnx.optimizer - INFO - After optimization: BatchNormalization -29 (29->0), Cast -15 (24->9), Concat -12 (21->9), Const -227 (317->90), Expand -6 (8->2), Gather +1 (4->5), GlobalAveragePool +2 (0->2), Identity -2 (2->0), ReduceMean -2 (2->0), ReduceProd -2 (4->2), Reshape +1 (7->8), Shape -5 (9->4), Slice -5 (11->6), Squeeze -5 (11->6), Transpose -117 (122->5), Unsqueeze -35 (39->4)
