2025-07-29 15:48:50,802 - DataProvider - INFO - Skipping Dataset validation...
2025-07-29 15:48:52,001 - tensorflow - WARNING - From /home/lamin/anaconda3/envs/new-gpu/lib/python3.10/site-packages/tensorflow/python/ops/ctc_ops.py:1465: alias_inplace_add (from tensorflow.python.ops.inplace_ops) is deprecated and will be removed in a future version.
Instructions for updating:
Prefer tf.tensor_scatter_nd_add, which offers the same functionality with well-defined read-write semantics.
2025-07-29 15:48:52,040 - tensorflow - WARNING - From /home/lamin/anaconda3/envs/new-gpu/lib/python3.10/site-packages/tensorflow/python/ops/ctc_ops.py:1448: alias_inplace_update (from tensorflow.python.ops.inplace_ops) is deprecated and will be removed in a future version.
Instructions for updating:
Prefer tf.tensor_scatter_nd_update, which offers the same functionality with well-defined read-write semantics.
2025-07-29 15:49:04,933 - root - INFO - Epoch 0; loss: 183.27157592773438; CER: 1.1428571939468384; WER: 1.0; val_char_f1: 0.1428571343421936; val_loss: 186.65753173828125; val_CER: 1.0; val_WER: 1.0; val_val_char_f1: 0.0
2025-07-29 15:49:07,714 - root - INFO - Epoch 1; loss: 159.5079345703125; CER: 0.8571428656578064; WER: 1.0; val_char_f1: 0.1428571343421936; val_loss: 184.50543212890625; val_CER: 1.0; val_WER: 1.0; val_val_char_f1: 0.0
2025-07-29 15:49:08,559 - root - INFO - Epoch 2; loss: 142.04371643066406; CER: 0.8571428656578064; WER: 1.0; val_char_f1: 0.1428571343421936; val_loss: 183.30508422851562; val_CER: 1.0; val_WER: 1.0; val_val_char_f1: 0.0
2025-07-29 15:49:09,361 - root - INFO - Epoch 3; loss: 127.47900390625; CER: 0.8571428656578064; WER: 1.0; val_char_f1: 0.1428571343421936; val_loss: 187.57943725585938; val_CER: 1.0; val_WER: 1.0; val_val_char_f1: 0.0
2025-07-29 15:49:10,217 - root - INFO - Epoch 4; loss: 111.53323364257812; CER: 0.8571428656578064; WER: 1.0; val_char_f1: 0.1428571343421936; val_loss: 193.45030212402344; val_CER: 1.0; val_WER: 1.0; val_val_char_f1: 0.0
2025-07-29 15:49:11,006 - root - INFO - Epoch 5; loss: 97.6715087890625; CER: 0.8571428656578064; WER: 1.0; val_char_f1: 0.1428571343421936; val_loss: 198.5659942626953; val_CER: 1.0; val_WER: 1.0; val_val_char_f1: 0.0
2025-07-29 15:49:11,880 - root - INFO - Epoch 6; loss: 85.62747955322266; CER: 0.8571428656578064; WER: 1.0; val_char_f1: 0.1428571343421936; val_loss: 205.4710235595703; val_CER: 1.0; val_WER: 1.0; val_val_char_f1: 0.0
2025-07-29 15:49:12,613 - root - INFO - Epoch 7; loss: 74.71980285644531; CER: 0.8571428656578064; WER: 1.0; val_char_f1: 0.1428571343421936; val_loss: 216.9005126953125; val_CER: 1.0; val_WER: 1.0; val_val_char_f1: 0.0
2025-07-29 15:49:13,369 - root - INFO - Epoch 8; loss: 64.936767578125; CER: 0.8571428656578064; WER: 1.0; val_char_f1: 0.1428571343421936; val_loss: 229.114501953125; val_CER: 1.0; val_WER: 1.0; val_val_char_f1: 0.0
2025-07-29 15:49:14,365 - root - INFO - Epoch 9; loss: 56.2442512512207; CER: 0.8571428656578064; WER: 1.0; val_char_f1: 0.1428571343421936; val_loss: 243.64991760253906; val_CER: 1.0; val_WER: 1.0; val_val_char_f1: 0.0
2025-07-29 15:49:15,241 - root - INFO - Epoch 10; loss: 48.38969421386719; CER: 1.0; WER: 1.0; val_char_f1: 0.1428571343421936; val_loss: 260.1007995605469; val_CER: 1.0; val_WER: 1.0; val_val_char_f1: 0.0
2025-07-29 15:49:15,948 - root - INFO - Epoch 11; loss: 40.73040008544922; CER: 1.0; WER: 1.0; val_char_f1: 0.1428571343421936; val_loss: 278.7620544433594; val_CER: 1.1428571939468384; val_WER: 1.0; val_val_char_f1: 0.0
2025-07-29 15:49:16,702 - root - INFO - Epoch 12; loss: 34.67306900024414; CER: 1.0; WER: 1.0; val_char_f1: 0.1428571343421936; val_loss: 299.12701416015625; val_CER: 1.0; val_WER: 1.0; val_val_char_f1: 0.0
2025-07-29 15:49:17,478 - root - INFO - Epoch 13; loss: 30.893447875976562; CER: 1.0; WER: 1.0; val_char_f1: 0.1428571343421936; val_loss: 319.1086120605469; val_CER: 1.0; val_WER: 1.0; val_val_char_f1: 0.0
2025-07-29 15:49:18,215 - root - INFO - Epoch 14; loss: 29.036867141723633; CER: 1.0; WER: 1.0; val_char_f1: 0.1428571343421936; val_loss: 336.6377868652344; val_CER: 1.0; val_WER: 1.0; val_val_char_f1: 0.0
2025-07-29 15:49:18,957 - root - INFO - Epoch 15; loss: 26.913137435913086; CER: 1.0; WER: 1.0; val_char_f1: 0.1428571343421936; val_loss: 353.9900207519531; val_CER: 1.0; val_WER: 1.0; val_val_char_f1: 0.0
2025-07-29 15:49:21,014 - tf2onnx.tfonnx - INFO - Using tensorflow=2.10.0, onnx=1.12.0, tf2onnx=1.14.0/8f8d49
2025-07-29 15:49:21,015 - tf2onnx.tfonnx - INFO - Using opset <onnx, 15>
2025-07-29 15:49:21,157 - tf2onnx.tf_utils - INFO - Computed 0 values for constant folding
2025-07-29 15:49:21,159 - tf2onnx.tf_utils - INFO - Computed 0 values for constant folding
2025-07-29 15:49:21,163 - tf2onnx.tf_utils - INFO - Computed 0 values for constant folding
2025-07-29 15:49:21,165 - tf2onnx.tf_utils - INFO - Computed 0 values for constant folding
2025-07-29 15:49:21,167 - tf2onnx.tf_utils - INFO - Computed 0 values for constant folding
2025-07-29 15:49:21,172 - tf2onnx.tf_utils - INFO - Computed 0 values for constant folding
2025-07-29 15:49:21,178 - tf2onnx.tf_utils - INFO - Computed 0 values for constant folding
2025-07-29 15:49:21,180 - tf2onnx.tf_utils - INFO - Computed 0 values for constant folding
2025-07-29 15:49:21,259 - tf2onnx.tf_utils - INFO - Computed 2 values for constant folding
2025-07-29 15:49:21,365 - tf2onnx.tfonnx - INFO - folding node using tf type=StridedSlice, name=model/bidirectional/forward_lstm/PartitionedCall/strided_slice
2025-07-29 15:49:21,365 - tf2onnx.tfonnx - INFO - folding node using tf type=StridedSlice, name=model/bidirectional/backward_lstm/PartitionedCall/strided_slice
2025-07-29 15:49:21,561 - tf2onnx.optimizer - INFO - Optimizing ONNX model
2025-07-29 15:49:22,457 - tf2onnx.optimizer - INFO - After optimization: BatchNormalization -29 (29->0), Cast -15 (24->9), Concat -12 (21->9), Const -227 (317->90), Expand -6 (8->2), Gather +1 (4->5), GlobalAveragePool +2 (0->2), Identity -2 (2->0), ReduceMean -2 (2->0), ReduceProd -2 (4->2), Reshape +1 (7->8), Shape -5 (9->4), Slice -5 (11->6), Squeeze -5 (11->6), Transpose -117 (122->5), Unsqueeze -35 (39->4)
2025-07-29 15:49:32,495 - root - INFO - Epoch 0; loss: 56.62008285522461; CER: 0.9920008182525635; WER: 1.0; val_char_f1: 0.014192134141921997; val_loss: 26.276084899902344; val_CER: 0.996100127696991; val_WER: 1.0; val_val_char_f1: 0.0
2025-07-29 15:49:37,541 - root - INFO - Epoch 1; loss: 25.49279022216797; CER: 0.9958746433258057; WER: 1.0; val_char_f1: 0.0; val_loss: 23.902894973754883; val_CER: 0.996100127696991; val_WER: 1.0; val_val_char_f1: 0.0
2025-07-29 15:49:42,949 - root - INFO - Epoch 2; loss: 24.45012092590332; CER: 0.9958745837211609; WER: 1.0; val_char_f1: 0.0; val_loss: 23.243833541870117; val_CER: 0.9961001873016357; val_WER: 1.0; val_val_char_f1: 0.0
2025-07-29 15:49:48,497 - root - INFO - Epoch 3; loss: 23.78095245361328; CER: 0.9958746433258057; WER: 1.0; val_char_f1: 0.0; val_loss: 22.652301788330078; val_CER: 0.9961000680923462; val_WER: 1.0; val_val_char_f1: 0.0
2025-07-29 15:49:56,303 - root - INFO - Epoch 4; loss: 23.105709075927734; CER: 0.9958746433258057; WER: 1.0; val_char_f1: 0.0016375496052205563; val_loss: 22.186628341674805; val_CER: 0.9961001873016357; val_WER: 1.0; val_val_char_f1: 0.0
2025-07-29 15:50:04,306 - root - INFO - Epoch 5; loss: 22.556928634643555; CER: 0.9958745837211609; WER: 1.0; val_char_f1: 0.006277287378907204; val_loss: 21.660293579101562; val_CER: 0.9961001873016357; val_WER: 1.0; val_val_char_f1: 0.0044692689552903175
2025-07-29 15:50:10,907 - root - INFO - Epoch 6; loss: 22.33203887939453; CER: 0.9958745837211609; WER: 1.0; val_char_f1: 0.003820955753326416; val_loss: 21.197118759155273; val_CER: 0.9961001873016357; val_WER: 1.0; val_val_char_f1: 0.006703905761241913
2025-07-29 15:50:16,964 - root - INFO - Epoch 7; loss: 21.786306381225586; CER: 0.9958746433258057; WER: 1.0; val_char_f1: 0.006550213322043419; val_loss: 21.02806854248047; val_CER: 0.9961001873016357; val_WER: 1.0; val_val_char_f1: 0.005586586892604828
2025-07-29 15:50:22,468 - root - INFO - Epoch 8; loss: 21.441797256469727; CER: 0.9958745837211609; WER: 1.0; val_char_f1: 0.006277287378907204; val_loss: 20.896814346313477; val_CER: 0.9961001873016357; val_WER: 1.0; val_val_char_f1: 0.0033519500866532326
2025-07-29 15:50:28,286 - root - INFO - Epoch 9; loss: 21.058958053588867; CER: 0.9958746433258057; WER: 1.0; val_char_f1: 0.005731436423957348; val_loss: 20.70463752746582; val_CER: 0.9961001873016357; val_WER: 1.0; val_val_char_f1: 0.006703905761241913
2025-07-29 15:50:34,309 - root - INFO - Epoch 10; loss: 21.000408172607422; CER: 0.9958745837211609; WER: 1.0; val_char_f1: 0.006550213322043419; val_loss: 20.7508602142334; val_CER: 0.9961001873016357; val_WER: 1.0; val_val_char_f1: 0.007821224629878998
2025-07-29 15:50:40,383 - root - INFO - Epoch 11; loss: 21.048669815063477; CER: 0.9958745241165161; WER: 1.0; val_char_f1: 0.007096065208315849; val_loss: 20.651941299438477; val_CER: 0.9961001873016357; val_WER: 1.0; val_val_char_f1: 0.007821224629878998
2025-07-29 15:50:46,045 - root - INFO - Epoch 12; loss: 20.637025833129883; CER: 0.9958746433258057; WER: 1.0; val_char_f1: 0.007096065208315849; val_loss: 20.60181999206543; val_CER: 0.9961001873016357; val_WER: 1.0; val_val_char_f1: 0.007821224629878998
2025-07-29 15:50:51,724 - root - INFO - Epoch 13; loss: 20.232683181762695; CER: 0.9958745837211609; WER: 1.0; val_char_f1: 0.007914841175079346; val_loss: 20.247081756591797; val_CER: 0.996100127696991; val_WER: 1.0; val_val_char_f1: 0.014525134116411209
2025-07-29 15:50:57,316 - root - INFO - Epoch 14; loss: 19.661001205444336; CER: 0.9958745837211609; WER: 1.0; val_char_f1: 0.01692139357328415; val_loss: 20.068195343017578; val_CER: 0.9961001873016357; val_WER: 1.0; val_val_char_f1: 0.008938541635870934
2025-07-29 15:51:02,943 - root - INFO - Epoch 15; loss: 19.268299102783203; CER: 0.9958745837211609; WER: 1.0; val_char_f1: 0.02265283651649952; val_loss: 19.934877395629883; val_CER: 0.9961001873016357; val_WER: 1.0; val_val_char_f1: 0.014525134116411209
2025-07-29 15:51:08,683 - root - INFO - Epoch 16; loss: 18.91400146484375; CER: 0.9956040978431702; WER: 1.0; val_char_f1: 0.023471612483263016; val_loss: 20.032264709472656; val_CER: 0.996100127696991; val_WER: 1.0; val_val_char_f1: 0.012290498241782188
2025-07-29 15:51:14,429 - root - INFO - Epoch 17; loss: 19.406896591186523; CER: 0.9956040382385254; WER: 1.0; val_char_f1: 0.021288204938173294; val_loss: 21.037168502807617; val_CER: 0.9961001873016357; val_WER: 1.0; val_val_char_f1: 0.022346362471580505
2025-07-29 15:51:20,148 - root - INFO - Epoch 18; loss: 19.316125869750977; CER: 0.9950243234634399; WER: 1.0; val_char_f1: 0.020196501165628433; val_loss: 20.5072078704834; val_CER: 0.9925082921981812; val_WER: 1.0; val_val_char_f1: 0.01675977185368538
2025-07-29 15:51:25,765 - root - INFO - Epoch 19; loss: 19.048870086669922; CER: 0.9796923995018005; WER: 1.0; val_char_f1: 0.023471612483263016; val_loss: 20.608951568603516; val_CER: 0.9828612208366394; val_WER: 1.0; val_val_char_f1: 0.01899440959095955
2025-07-29 15:51:31,527 - root - INFO - Epoch 20; loss: 18.384204864501953; CER: 0.9788163900375366; WER: 1.0; val_char_f1: 0.02510916441679001; val_loss: 19.834108352661133; val_CER: 0.9914306402206421; val_WER: 1.0; val_val_char_f1: 0.012290498241782188
2025-07-29 15:51:37,245 - root - INFO - Epoch 21; loss: 18.03461265563965; CER: 0.9878737330436707; WER: 1.0; val_char_f1: 0.023471612483263016; val_loss: 20.028684616088867; val_CER: 0.9816849827766418; val_WER: 1.0; val_val_char_f1: 0.020111728459596634
2025-07-29 15:51:43,207 - root - INFO - Epoch 22; loss: 17.648300170898438; CER: 0.9775794744491577; WER: 1.0; val_char_f1: 0.030021827667951584; val_loss: 19.467756271362305; val_CER: 0.9768614172935486; val_WER: 1.0; val_val_char_f1: 0.01899440959095955
2025-07-29 15:51:48,975 - root - INFO - Epoch 23; loss: 17.33370018005371; CER: 0.9502012729644775; WER: 1.0; val_char_f1: 0.030567679554224014; val_loss: 19.66056251525879; val_CER: 0.9635198712348938; val_WER: 1.0; val_val_char_f1: 0.01899440959095955
2025-07-29 15:51:54,675 - root - INFO - Epoch 24; loss: 17.136919021606445; CER: 0.9764971733093262; WER: 1.0; val_char_f1: 0.03138645738363266; val_loss: 19.689865112304688; val_CER: 0.9725984930992126; val_WER: 1.0; val_val_char_f1: 0.024581000208854675
2025-07-29 15:52:00,188 - root - INFO - Epoch 25; loss: 16.825748443603516; CER: 0.929423451423645; WER: 1.0; val_char_f1: 0.03493449091911316; val_loss: 20.211145401000977; val_CER: 0.973829984664917; val_WER: 1.0; val_val_char_f1: 0.01899440959095955
2025-07-29 15:52:05,906 - root - INFO - Epoch 26; loss: 16.865694046020508; CER: 0.9214202165603638; WER: 1.0; val_char_f1: 0.03138645738363266; val_loss: 20.2269287109375; val_CER: 0.9474626779556274; val_WER: 1.0; val_val_char_f1: 0.020111728459596634
2025-07-29 15:52:11,443 - root - INFO - Epoch 27; loss: 18.37413215637207; CER: 0.9467069506645203; WER: 1.0; val_char_f1: 0.029203053563833237; val_loss: 21.768800735473633; val_CER: 0.9646488428115845; val_WER: 1.0; val_val_char_f1: 0.022346362471580505
2025-07-29 15:52:17,152 - root - INFO - Epoch 28; loss: 17.982433319091797; CER: 0.9349382519721985; WER: 1.0; val_char_f1: 0.02510916441679001; val_loss: 22.280475616455078; val_CER: 0.9546939730644226; val_WER: 1.0; val_val_char_f1: 0.017877090722322464
2025-07-29 15:52:22,715 - root - INFO - Epoch 29; loss: 17.37893295288086; CER: 0.9227864146232605; WER: 1.0; val_char_f1: 0.02729257009923458; val_loss: 19.931655883789062; val_CER: 0.9403774738311768; val_WER: 1.0; val_val_char_f1: 0.015642452985048294
2025-07-29 15:52:28,388 - root - INFO - Epoch 30; loss: 17.013166427612305; CER: 0.9069069623947144; WER: 1.0; val_char_f1: 0.03329693526029587; val_loss: 20.58924674987793; val_CER: 0.9488915801048279; val_WER: 1.0; val_val_char_f1: 0.017877090722322464
2025-07-29 15:52:34,077 - root - INFO - Epoch 31; loss: 16.532623291015625; CER: 0.9124909043312073; WER: 1.0; val_char_f1: 0.03466156870126724; val_loss: 20.308015823364258; val_CER: 0.9490494728088379; val_WER: 1.0; val_val_char_f1: 0.02346368134021759
2025-07-29 15:52:39,698 - root - INFO - Epoch 32; loss: 16.196422576904297; CER: 0.8958268761634827; WER: 1.0; val_char_f1: 0.03793667256832123; val_loss: 20.670787811279297; val_CER: 0.9349422454833984; val_WER: 1.0; val_val_char_f1: 0.02122904732823372
2025-07-29 15:52:45,346 - root - INFO - Epoch 33; loss: 15.955770492553711; CER: 0.8980867266654968; WER: 1.0; val_char_f1: 0.04039300978183746; val_loss: 20.549503326416016; val_CER: 0.9437128901481628; val_WER: 1.0; val_val_char_f1: 0.01675977185368538
2025-07-29 15:52:50,952 - root - INFO - Epoch 34; loss: 15.73369026184082; CER: 0.8979041576385498; WER: 1.0; val_char_f1: 0.03875545412302017; val_loss: 20.898426055908203; val_CER: 0.9434049725532532; val_WER: 1.0; val_val_char_f1: 0.020111728459596634
2025-07-29 15:52:56,568 - root - INFO - Epoch 35; loss: 15.319461822509766; CER: 0.8836850523948669; WER: 1.0; val_char_f1: 0.042030565440654755; val_loss: 20.995967864990234; val_CER: 0.9501271843910217; val_WER: 1.0; val_val_char_f1: 0.01899440959095955
2025-07-29 15:53:02,450 - root - INFO - Epoch 36; loss: 15.158486366271973; CER: 0.8860894441604614; WER: 1.0; val_char_f1: 0.042576417326927185; val_loss: 21.312158584594727; val_CER: 0.9640291333198547; val_WER: 1.0; val_val_char_f1: 0.02346368134021759
2025-07-29 15:53:08,184 - root - INFO - Epoch 37; loss: 15.12750244140625; CER: 0.8939563035964966; WER: 1.0; val_char_f1: 0.04339519143104553; val_loss: 20.966236114501953; val_CER: 0.9587990045547485; val_WER: 1.0; val_val_char_f1: 0.020111728459596634
2025-07-29 15:53:13,812 - root - INFO - Epoch 38; loss: 14.889082908630371; CER: 0.8926430940628052; WER: 1.0; val_char_f1: 0.04448689520359039; val_loss: 21.605554580688477; val_CER: 0.9396014213562012; val_WER: 1.0; val_val_char_f1: 0.02122904732823372
2025-07-29 15:53:19,492 - root - INFO - Epoch 39; loss: 14.748571395874023; CER: 0.8851804137229919; WER: 1.0; val_char_f1: 0.046670299023389816; val_loss: 21.865501403808594; val_CER: 0.9558702111244202; val_WER: 1.0; val_val_char_f1: 0.017877090722322464
2025-07-29 15:53:24,970 - root - INFO - Epoch 40; loss: 14.538029670715332; CER: 0.8803398013114929; WER: 1.0; val_char_f1: 0.04475982114672661; val_loss: 21.69094467163086; val_CER: 0.9587849378585815; val_WER: 1.0; val_val_char_f1: 0.01675977185368538
2025-07-29 15:53:30,741 - root - INFO - Epoch 41; loss: 14.32114028930664; CER: 0.8819121718406677; WER: 1.0; val_char_f1: 0.04530567303299904; val_loss: 22.896411895751953; val_CER: 0.9459154605865479; val_WER: 1.0; val_val_char_f1: 0.01899440959095955
2025-07-29 15:53:36,949 - root - INFO - Epoch 42; loss: 14.587444305419922; CER: 0.8896794319152832; WER: 1.0; val_char_f1: 0.04475982114672661; val_loss: 23.37828254699707; val_CER: 0.9584295749664307; val_WER: 1.0; val_val_char_f1: 0.01899440959095955
2025-07-29 15:53:43,101 - root - INFO - Epoch 43; loss: 15.288707733154297; CER: 0.8929076194763184; WER: 1.0; val_char_f1: 0.03984715789556503; val_loss: 23.25234031677246; val_CER: 0.9546387195587158; val_WER: 1.0; val_val_char_f1: 0.022346362471580505
2025-07-29 15:53:49,312 - root - INFO - Epoch 44; loss: 14.662483215332031; CER: 0.8810111284255981; WER: 1.0; val_char_f1: 0.04312226176261902; val_loss: 22.10773277282715; val_CER: 0.9394065141677856; val_WER: 1.0; val_val_char_f1: 0.020111728459596634
2025-07-29 15:53:55,650 - root - INFO - Epoch 45; loss: 13.910865783691406; CER: 0.8769279718399048; WER: 1.0; val_char_f1: 0.049126628786325455; val_loss: 22.98702621459961; val_CER: 0.9478219151496887; val_WER: 1.0; val_val_char_f1: 0.020111728459596634
2025-07-29 15:54:01,391 - root - INFO - Epoch 46; loss: 13.346680641174316; CER: 0.8600667715072632; WER: 1.0; val_char_f1: 0.05049125850200653; val_loss: 22.815502166748047; val_CER: 0.9434500932693481; val_WER: 1.0; val_val_char_f1: 0.017877090722322464
2025-07-29 15:54:06,907 - root - INFO - Epoch 47; loss: 12.83267593383789; CER: 0.8670581579208374; WER: 1.0; val_char_f1: 0.055403925478458405; val_loss: 23.327856063842773; val_CER: 0.9360671043395996; val_WER: 1.0; val_val_char_f1: 0.01899440959095955
2025-07-29 15:54:12,573 - root - INFO - Epoch 48; loss: 12.550948143005371; CER: 0.8744208812713623; WER: 1.0; val_char_f1: 0.05458514019846916; val_loss: 23.943370819091797; val_CER: 0.9304305911064148; val_WER: 1.0; val_val_char_f1: 0.02569831721484661
2025-07-29 15:54:18,166 - root - INFO - Epoch 49; loss: 12.282732009887695; CER: 0.8663095831871033; WER: 1.0; val_char_f1: 0.05786025524139404; val_loss: 24.468242645263672; val_CER: 0.9206153750419617; val_WER: 1.0; val_val_char_f1: 0.022346362471580505
2025-07-29 15:54:23,985 - root - INFO - Epoch 50; loss: 12.080427169799805; CER: 0.8598914742469788; WER: 1.0; val_char_f1: 0.05567685142159462; val_loss: 24.936681747436523; val_CER: 0.9408882260322571; val_WER: 1.0; val_val_char_f1: 0.01899440959095955
2025-07-29 15:54:29,624 - root - INFO - Epoch 51; loss: 12.08204174041748; CER: 0.8678857684135437; WER: 1.0; val_char_f1: 0.056495629251003265; val_loss: 24.695545196533203; val_CER: 0.9378670454025269; val_WER: 1.0; val_val_char_f1: 0.02569831721484661
2025-07-29 15:54:35,353 - root - INFO - Epoch 52; loss: 12.214207649230957; CER: 0.8539881110191345; WER: 1.0; val_char_f1: 0.055949777364730835; val_loss: 25.212181091308594; val_CER: 0.946539044380188; val_WER: 1.0; val_val_char_f1: 0.02793295681476593
2025-07-29 15:54:41,092 - root - INFO - Epoch 53; loss: 11.900734901428223; CER: 0.8759259581565857; WER: 1.0; val_char_f1: 0.05840610712766647; val_loss: 25.599950790405273; val_CER: 0.9295503497123718; val_WER: 1.0; val_val_char_f1: 0.01675977185368538
2025-07-29 15:54:46,746 - root - INFO - Epoch 54; loss: 11.34467887878418; CER: 0.8579614758491516; WER: 1.0; val_char_f1: 0.060589514672756195; val_loss: 25.57363510131836; val_CER: 0.9294595122337341; val_WER: 1.0; val_val_char_f1: 0.02346368134021759
2025-07-29 15:54:52,383 - root - INFO - Epoch 55; loss: 10.775983810424805; CER: 0.8592524528503418; WER: 1.0; val_char_f1: 0.06495632231235504; val_loss: 26.548599243164062; val_CER: 0.9357079863548279; val_WER: 1.0; val_val_char_f1: 0.02569831721484661
2025-07-29 15:54:58,038 - root - INFO - Epoch 56; loss: 10.311898231506348; CER: 0.8560145497322083; WER: 1.0; val_char_f1: 0.06359170377254486; val_loss: 27.20265769958496; val_CER: 0.9386407136917114; val_WER: 1.0; val_val_char_f1: 0.02346368134021759
2025-07-29 15:55:03,653 - root - INFO - Epoch 57; loss: 9.82629108428955; CER: 0.8623659014701843; WER: 1.0; val_char_f1: 0.06659388542175293; val_loss: 28.772449493408203; val_CER: 0.9461245536804199; val_WER: 1.0; val_val_char_f1: 0.02122904732823372
2025-07-29 15:55:09,356 - root - INFO - Epoch 58; loss: 9.485979080200195; CER: 0.8663160800933838; WER: 1.0; val_char_f1: 0.06550218164920807; val_loss: 28.05341911315918; val_CER: 0.9474113583564758; val_WER: 1.0; val_val_char_f1: 0.017877090722322464
2025-07-29 15:55:15,019 - root - INFO - Epoch 59; loss: 9.412640571594238; CER: 0.8583459258079529; WER: 1.0; val_char_f1: 0.0625; val_loss: 29.369291305541992; val_CER: 0.9443799257278442; val_WER: 1.0; val_val_char_f1: 0.026815637946128845
2025-07-29 15:55:20,675 - root - INFO - Epoch 60; loss: 9.215742111206055; CER: 0.8573873043060303; WER: 1.0; val_char_f1: 0.06741265952587128; val_loss: 29.7308292388916; val_CER: 0.936779260635376; val_WER: 1.0; val_val_char_f1: 0.026815637946128845
2025-07-29 15:55:26,191 - root - INFO - Epoch 61; loss: 8.839653968811035; CER: 0.8547784090042114; WER: 1.0; val_char_f1: 0.06850436329841614; val_loss: 30.4388484954834; val_CER: 0.954745352268219; val_WER: 1.0; val_val_char_f1: 0.02569831721484661
2025-07-29 15:55:31,977 - root - INFO - Epoch 62; loss: 8.221248626708984; CER: 0.8632777333259583; WER: 1.0; val_char_f1: 0.06686681509017944; val_loss: 31.145610809326172; val_CER: 0.9305884838104248; val_WER: 1.0; val_val_char_f1: 0.026815637946128845
2025-07-29 15:55:37,588 - root - INFO - Epoch 63; loss: 8.123817443847656; CER: 0.8633154630661011; WER: 1.0; val_char_f1: 0.06986899673938751; val_loss: 31.569271087646484; val_CER: 0.9473048448562622; val_WER: 1.0; val_val_char_f1: 0.024581000208854675
2025-07-29 15:55:43,582 - root - INFO - Epoch 64; loss: 7.519468784332275; CER: 0.8676697611808777; WER: 1.0; val_char_f1: 0.0731441080570221; val_loss: 32.19084930419922; val_CER: 0.9396671056747437; val_WER: 1.0; val_val_char_f1: 0.02793295681476593
2025-07-29 15:55:49,296 - root - INFO - Epoch 65; loss: 7.020660877227783; CER: 0.8730010390281677; WER: 1.0; val_char_f1: 0.07560043036937714; val_loss: 33.406612396240234; val_CER: 0.9313541650772095; val_WER: 1.0; val_val_char_f1: 0.029050275683403015
2025-07-29 15:55:54,866 - root - INFO - Epoch 66; loss: 6.890206336975098; CER: 0.8729788661003113; WER: 1.0; val_char_f1: 0.07396288216114044; val_loss: 33.464393615722656; val_CER: 0.946799635887146; val_WER: 1.0; val_val_char_f1: 0.024581000208854675
2025-07-29 15:56:00,583 - root - INFO - Epoch 67; loss: 6.276431560516357; CER: 0.8748583197593689; WER: 1.0; val_char_f1: 0.0731441080570221; val_loss: 33.94757843017578; val_CER: 0.9545440077781677; val_WER: 1.0; val_val_char_f1: 0.02346368134021759
2025-07-29 15:56:06,242 - root - INFO - Epoch 68; loss: 5.5686750411987305; CER: 0.8766770362854004; WER: 1.0; val_char_f1: 0.07450872659683228; val_loss: 35.094520568847656; val_CER: 0.9473127126693726; val_WER: 1.0; val_val_char_f1: 0.02122904732823372
2025-07-29 15:56:11,994 - root - INFO - Epoch 69; loss: 4.999488830566406; CER: 0.8745285868644714; WER: 1.0; val_char_f1: 0.07942140102386475; val_loss: 36.32947540283203; val_CER: 0.9447944164276123; val_WER: 1.0; val_val_char_f1: 0.02793295681476593
2025-07-29 15:56:17,561 - root - INFO - Epoch 70; loss: 4.557957649230957; CER: 0.876280665397644; WER: 1.0; val_char_f1: 0.0786026120185852; val_loss: 36.91908264160156; val_CER: 0.9593122005462646; val_WER: 1.0; val_val_char_f1: 0.017877090722322464
2025-07-29 15:56:23,327 - root - INFO - Epoch 71; loss: 4.3768486976623535; CER: 0.8815522789955139; WER: 1.0; val_char_f1: 0.08133187890052795; val_loss: 39.089256286621094; val_CER: 0.9512046575546265; val_WER: 1.0; val_val_char_f1: 0.02793295681476593
2025-07-29 15:56:29,035 - root - INFO - Epoch 72; loss: 4.202672958374023; CER: 0.8724641799926758; WER: 1.0; val_char_f1: 0.07751090824604034; val_loss: 40.644657135009766; val_CER: 0.9457694292068481; val_WER: 1.0; val_val_char_f1: 0.01899440959095955
2025-07-29 15:56:34,736 - root - INFO - Epoch 73; loss: 3.8074936866760254; CER: 0.8824840188026428; WER: 1.0; val_char_f1: 0.07969431579113007; val_loss: 39.69054412841797; val_CER: 0.9497679471969604; val_WER: 1.0; val_val_char_f1: 0.01899440959095955
2025-07-29 15:56:40,461 - root - INFO - Epoch 74; loss: 3.4612200260162354; CER: 0.8794882893562317; WER: 1.0; val_char_f1: 0.07969431579113007; val_loss: 41.51622009277344; val_CER: 0.9427419304847717; val_WER: 1.0; val_val_char_f1: 0.02122904732823372
2025-07-29 15:56:46,174 - root - INFO - Epoch 75; loss: 2.8402702808380127; CER: 0.8757818937301636; WER: 1.0; val_char_f1: 0.08051308989524841; val_loss: 43.82355880737305; val_CER: 0.9416643381118774; val_WER: 1.0; val_val_char_f1: 0.011173179373145103
2025-07-29 15:56:52,757 - root - INFO - Epoch 76; loss: 2.7154459953308105; CER: 0.8864986300468445; WER: 1.0; val_char_f1: 0.08324235677719116; val_loss: 44.518470764160156; val_CER: 0.9524915218353271; val_WER: 1.0; val_val_char_f1: 0.015642452985048294
2025-07-29 15:57:00,071 - root - INFO - Epoch 77; loss: 2.7903952598571777; CER: 0.8775392770767212; WER: 1.0; val_char_f1: 0.08269649744033813; val_loss: 44.72671127319336; val_CER: 0.9617752432823181; val_WER: 1.0; val_val_char_f1: 0.026815637946128845
2025-07-29 15:57:07,343 - root - INFO - Epoch 78; loss: 2.532353162765503; CER: 0.8742430210113525; WER: 1.0; val_char_f1: 0.08269649744033813; val_loss: 45.47213363647461; val_CER: 0.9418143630027771; val_WER: 1.0; val_val_char_f1: 0.01899440959095955
2025-07-29 15:57:13,763 - root - INFO - Epoch 79; loss: 2.2606191635131836; CER: 0.8791496157646179; WER: 1.0; val_char_f1: 0.08296942710876465; val_loss: 45.99077224731445; val_CER: 0.9407445788383484; val_WER: 1.0; val_val_char_f1: 0.03463686257600784
2025-07-29 15:57:19,602 - root - INFO - Epoch 80; loss: 1.9324047565460205; CER: 0.8803337216377258; WER: 1.0; val_char_f1: 0.08187772333621979; val_loss: 48.12062072753906; val_CER: 0.9470521211624146; val_WER: 1.0; val_val_char_f1: 0.02569831721484661
2025-07-29 15:57:25,458 - root - INFO - Epoch 81; loss: 1.445214867591858; CER: 0.8783935308456421; WER: 1.0; val_char_f1: 0.08433406054973602; val_loss: 48.66083526611328; val_CER: 0.9592609405517578; val_WER: 1.0; val_val_char_f1: 0.026815637946128845
2025-07-29 15:57:31,539 - root - INFO - Epoch 82; loss: 1.088871717453003; CER: 0.8814479112625122; WER: 1.0; val_char_f1: 0.08296942710876465; val_loss: 50.32658004760742; val_CER: 0.9549505710601807; val_WER: 1.0; val_val_char_f1: 0.024581000208854675
2025-07-29 15:57:37,728 - root - INFO - Epoch 83; loss: 0.8381914496421814; CER: 0.8827738165855408; WER: 1.0; val_char_f1: 0.08515283465385437; val_loss: 51.241241455078125; val_CER: 0.9445891380310059; val_WER: 1.0; val_val_char_f1: 0.024581000208854675
2025-07-29 15:57:44,875 - root - INFO - Epoch 84; loss: 0.6341371536254883; CER: 0.8805951476097107; WER: 1.0; val_char_f1: 0.08433406054973602; val_loss: 52.34563064575195; val_CER: 0.9496651887893677; val_WER: 1.0; val_val_char_f1: 0.02346368134021759
2025-07-29 15:57:51,326 - root - INFO - Epoch 85; loss: 0.5139636993408203; CER: 0.8802986145019531; WER: 1.0; val_char_f1: 0.08406113088130951; val_loss: 54.004886627197266; val_CER: 0.9380210638046265; val_WER: 1.0; val_val_char_f1: 0.02569831721484661
2025-07-29 15:57:57,465 - root - INFO - Epoch 86; loss: 0.46367090940475464; CER: 0.8817238211631775; WER: 1.0; val_char_f1: 0.08542576432228088; val_loss: 53.4349365234375; val_CER: 0.9537703394889832; val_WER: 1.0; val_val_char_f1: 0.017877090722322464
2025-07-29 15:58:03,235 - root - INFO - Epoch 87; loss: 0.42615604400634766; CER: 0.8842083215713501; WER: 1.0; val_char_f1: 0.08487990498542786; val_loss: 55.720375061035156; val_CER: 0.9516664743423462; val_WER: 1.0; val_val_char_f1: 0.02793295681476593
2025-07-29 15:58:08,897 - root - INFO - Epoch 88; loss: 0.3238582909107208; CER: 0.88071608543396; WER: 1.0; val_char_f1: 0.08542576432228088; val_loss: 56.15988540649414; val_CER: 0.9501310586929321; val_WER: 1.0; val_val_char_f1: 0.02793295681476593
2025-07-29 15:58:14,648 - root - INFO - Epoch 89; loss: 0.26203981041908264; CER: 0.8816466331481934; WER: 1.0; val_char_f1: 0.08487990498542786; val_loss: 57.62620544433594; val_CER: 0.9541335105895996; val_WER: 1.0; val_val_char_f1: 0.02122904732823372
2025-07-29 15:58:20,163 - root - INFO - Epoch 90; loss: 0.22461847960948944; CER: 0.8805835843086243; WER: 1.0; val_char_f1: 0.08515283465385437; val_loss: 57.56308364868164; val_CER: 0.9445930123329163; val_WER: 1.0; val_val_char_f1: 0.029050275683403015
2025-07-29 15:58:25,847 - root - INFO - Epoch 91; loss: 0.18649140000343323; CER: 0.8800421953201294; WER: 1.0; val_char_f1: 0.08487990498542786; val_loss: 58.74846267700195; val_CER: 0.9456706643104553; val_WER: 1.0; val_val_char_f1: 0.02793295681476593
2025-07-29 15:58:31,741 - root - INFO - Epoch 92; loss: 0.173463374376297; CER: 0.8828151822090149; WER: 1.0; val_char_f1: 0.08460699021816254; val_loss: 58.75273895263672; val_CER: 0.9477705359458923; val_WER: 1.0; val_val_char_f1: 0.022346362471580505
2025-07-29 15:58:37,521 - root - INFO - Epoch 93; loss: 0.16827061772346497; CER: 0.8825291395187378; WER: 1.0; val_char_f1: 0.08460699021816254; val_loss: 59.105350494384766; val_CER: 0.951879620552063; val_WER: 1.0; val_val_char_f1: 0.017877090722322464
2025-07-29 15:58:43,260 - root - INFO - Epoch 94; loss: 0.13603748381137848; CER: 0.8821296691894531; WER: 1.0; val_char_f1: 0.08433406054973602; val_loss: 59.838436126708984; val_CER: 0.9536203145980835; val_WER: 1.0; val_val_char_f1: 0.02793295681476593
2025-07-29 15:58:48,958 - root - INFO - Epoch 95; loss: 0.11987924575805664; CER: 0.881075918674469; WER: 1.0; val_char_f1: 0.08460699021816254; val_loss: 60.35700225830078; val_CER: 0.9559293985366821; val_WER: 1.0; val_val_char_f1: 0.03240223228931427
2025-07-29 15:58:54,584 - root - INFO - Epoch 96; loss: 0.109534353017807; CER: 0.8861134648323059; WER: 1.0; val_char_f1: 0.08406113088130951; val_loss: 60.727054595947266; val_CER: 0.9536203742027283; val_WER: 1.0; val_val_char_f1: 0.020111728459596634
2025-07-29 15:59:00,192 - root - INFO - Epoch 97; loss: 0.10907697677612305; CER: 0.8828924894332886; WER: 1.0; val_char_f1: 0.08433406054973602; val_loss: 61.05854415893555; val_CER: 0.9546979665756226; val_WER: 1.0; val_val_char_f1: 0.02569831721484661
2025-07-29 15:59:05,886 - root - INFO - Epoch 98; loss: 0.09796366095542908; CER: 0.8842840194702148; WER: 1.0; val_char_f1: 0.08433406054973602; val_loss: 62.01887512207031; val_CER: 0.9545440077781677; val_WER: 1.0; val_val_char_f1: 0.026815637946128845
2025-07-29 15:59:11,493 - root - INFO - Epoch 99; loss: 0.09077395498752594; CER: 0.886422872543335; WER: 1.0; val_char_f1: 0.08460699021816254; val_loss: 62.55635452270508; val_CER: 0.9536203145980835; val_WER: 1.0; val_val_char_f1: 0.031284913420677185
2025-07-29 15:59:17,155 - root - INFO - Epoch 100; loss: 0.11738307029008865; CER: 0.8798778057098389; WER: 1.0; val_char_f1: 0.08460699021816254; val_loss: 63.486083984375; val_CER: 0.9449484348297119; val_WER: 1.0; val_val_char_f1: 0.022346362471580505
2025-07-29 15:59:22,819 - root - INFO - Epoch 101; loss: 1.6311452388763428; CER: 0.877905011177063; WER: 1.0; val_char_f1: 0.08406113088130951; val_loss: 58.43497085571289; val_CER: 0.9558742046356201; val_WER: 1.0; val_val_char_f1: 0.020111728459596634
2025-07-29 15:59:25,040 - tf2onnx.tfonnx - INFO - Using tensorflow=2.10.0, onnx=1.12.0, tf2onnx=1.14.0/8f8d49
2025-07-29 15:59:25,040 - tf2onnx.tfonnx - INFO - Using opset <onnx, 15>
2025-07-29 15:59:25,177 - tf2onnx.tf_utils - INFO - Computed 0 values for constant folding
2025-07-29 15:59:25,182 - tf2onnx.tf_utils - INFO - Computed 0 values for constant folding
2025-07-29 15:59:25,187 - tf2onnx.tf_utils - INFO - Computed 0 values for constant folding
2025-07-29 15:59:25,188 - tf2onnx.tf_utils - INFO - Computed 0 values for constant folding
2025-07-29 15:59:25,191 - tf2onnx.tf_utils - INFO - Computed 0 values for constant folding
2025-07-29 15:59:25,195 - tf2onnx.tf_utils - INFO - Computed 0 values for constant folding
2025-07-29 15:59:25,200 - tf2onnx.tf_utils - INFO - Computed 0 values for constant folding
2025-07-29 15:59:25,202 - tf2onnx.tf_utils - INFO - Computed 0 values for constant folding
2025-07-29 15:59:25,293 - tf2onnx.tf_utils - INFO - Computed 2 values for constant folding
2025-07-29 15:59:25,393 - tf2onnx.tfonnx - INFO - folding node using tf type=StridedSlice, name=model/bidirectional/forward_lstm/PartitionedCall/strided_slice
2025-07-29 15:59:25,393 - tf2onnx.tfonnx - INFO - folding node using tf type=StridedSlice, name=model/bidirectional/backward_lstm/PartitionedCall/strided_slice
2025-07-29 15:59:25,597 - tf2onnx.optimizer - INFO - Optimizing ONNX model
2025-07-29 15:59:26,287 - tf2onnx.optimizer - INFO - After optimization: BatchNormalization -29 (29->0), Cast -15 (24->9), Concat -12 (21->9), Const -227 (317->90), Expand -6 (8->2), Gather +1 (4->5), GlobalAveragePool +2 (0->2), Identity -2 (2->0), ReduceMean -2 (2->0), ReduceProd -2 (4->2), Reshape +1 (7->8), Shape -5 (9->4), Slice -5 (11->6), Squeeze -5 (11->6), Transpose -117 (122->5), Unsqueeze -35 (39->4)
