2025-07-29 11:36:26,593 - tensorflow - WARNING - From /home/lamin/anaconda3/envs/new-gpu/lib/python3.10/site-packages/tensorflow/python/ops/ctc_ops.py:1465: alias_inplace_add (from tensorflow.python.ops.inplace_ops) is deprecated and will be removed in a future version.
Instructions for updating:
Prefer tf.tensor_scatter_nd_add, which offers the same functionality with well-defined read-write semantics.
2025-07-29 11:36:26,628 - tensorflow - WARNING - From /home/lamin/anaconda3/envs/new-gpu/lib/python3.10/site-packages/tensorflow/python/ops/ctc_ops.py:1448: alias_inplace_update (from tensorflow.python.ops.inplace_ops) is deprecated and will be removed in a future version.
Instructions for updating:
Prefer tf.tensor_scatter_nd_update, which offers the same functionality with well-defined read-write semantics.
2025-07-29 11:36:47,345 - root - INFO - Epoch 0; loss: 34.9374885559082; CER: 1.025984287261963; WER: 1.0; val_char_f1: 0.0013646237784996629; val_loss: 24.41421890258789; val_CER: 0.996100127696991; val_WER: 1.0; val_val_char_f1: 0.0
2025-07-29 11:36:54,348 - root - INFO - Epoch 1; loss: 25.051292419433594; CER: 0.9958746433258057; WER: 1.0; val_char_f1: 0.0; val_loss: 23.88827896118164; val_CER: 0.9961001873016357; val_WER: 1.0; val_val_char_f1: 0.0
2025-07-29 11:37:00,143 - root - INFO - Epoch 2; loss: 24.412036895751953; CER: 0.9958746433258057; WER: 1.0; val_char_f1: 0.0; val_loss: 22.914268493652344; val_CER: 0.996100127696991; val_WER: 1.0; val_val_char_f1: 0.0
2025-07-29 11:37:06,119 - root - INFO - Epoch 3; loss: 23.045982360839844; CER: 0.9958746433258057; WER: 1.0; val_char_f1: 0.0021834010258316994; val_loss: 21.66956329345703; val_CER: 0.9961001873016357; val_WER: 1.0; val_val_char_f1: 0.0033519500866532326
2025-07-29 11:37:12,136 - root - INFO - Epoch 4; loss: 22.281953811645508; CER: 0.9958746433258057; WER: 1.0; val_char_f1: 0.007641916163265705; val_loss: 21.128856658935547; val_CER: 0.9961000680923462; val_WER: 1.0; val_val_char_f1: 0.0033519500866532326
2025-07-29 11:37:17,936 - root - INFO - Epoch 5; loss: 22.096027374267578; CER: 0.9568590521812439; WER: 1.0; val_char_f1: 0.006004362367093563; val_loss: 21.10386848449707; val_CER: 0.9517651796340942; val_WER: 1.0; val_val_char_f1: 0.006703905761241913
2025-07-29 11:37:23,518 - root - INFO - Epoch 6; loss: 21.961467742919922; CER: 0.9556148052215576; WER: 1.0; val_char_f1: 0.006004362367093563; val_loss: 21.00079917907715; val_CER: 0.9537703990936279; val_WER: 1.0; val_val_char_f1: 0.008938541635870934
2025-07-29 11:37:29,342 - root - INFO - Epoch 7; loss: 21.79686737060547; CER: 0.9575589895248413; WER: 1.0; val_char_f1: 0.006004362367093563; val_loss: 21.012514114379883; val_CER: 0.9537702202796936; val_WER: 1.0; val_val_char_f1: 0.006703905761241913
2025-07-29 11:37:35,279 - root - INFO - Epoch 8; loss: 21.650054931640625; CER: 0.9518237113952637; WER: 1.0; val_char_f1: 0.004912658594548702; val_loss: 20.83475112915039; val_CER: 0.9537703394889832; val_WER: 1.0; val_val_char_f1: 0.006703905761241913
2025-07-29 11:37:40,989 - root - INFO - Epoch 9; loss: 21.727270126342773; CER: 0.9584087133407593; WER: 1.0; val_char_f1: 0.004093881696462631; val_loss: 20.928081512451172; val_CER: 0.9551558494567871; val_WER: 1.0; val_val_char_f1: 0.0044692689552903175
2025-07-29 11:37:46,757 - root - INFO - Epoch 10; loss: 21.48431968688965; CER: 0.954095721244812; WER: 1.0; val_char_f1: 0.005731436423957348; val_loss: 21.031293869018555; val_CER: 0.9517650604248047; val_WER: 1.0; val_val_char_f1: 0.006703905761241913
2025-07-29 11:37:52,324 - root - INFO - Epoch 11; loss: 21.33079719543457; CER: 0.9551777839660645; WER: 1.0; val_char_f1: 0.006550213322043419; val_loss: 20.6124324798584; val_CER: 0.9514139294624329; val_WER: 1.0; val_val_char_f1: 0.0033519500866532326
2025-07-29 11:37:58,176 - root - INFO - Epoch 12; loss: 21.213619232177734; CER: 0.9555742740631104; WER: 1.0; val_char_f1: 0.006277287378907204; val_loss: 20.31308937072754; val_CER: 0.9517651796340942; val_WER: 1.0; val_val_char_f1: 0.007821224629878998
2025-07-29 11:38:03,919 - root - INFO - Epoch 13; loss: 20.945016860961914; CER: 0.9549165368080139; WER: 1.0; val_char_f1: 0.0073689911514520645; val_loss: 20.684907913208008; val_CER: 0.9537703394889832; val_WER: 1.0; val_val_char_f1: 0.012290498241782188
2025-07-29 11:38:09,921 - root - INFO - Epoch 14; loss: 20.821563720703125; CER: 0.9511677622795105; WER: 1.0; val_char_f1: 0.012008728459477425; val_loss: 19.994876861572266; val_CER: 0.9537702798843384; val_WER: 1.0; val_val_char_f1: 0.012290498241782188
2025-07-29 11:38:15,739 - root - INFO - Epoch 15; loss: 20.599550247192383; CER: 0.9545899033546448; WER: 1.0; val_char_f1: 0.011462876573204994; val_loss: 20.029582977294922; val_CER: 0.9537703394889832; val_WER: 1.0; val_val_char_f1: 0.013407815247774124
2025-07-29 11:38:21,677 - root - INFO - Epoch 16; loss: 20.456186294555664; CER: 0.9443682432174683; WER: 1.0; val_char_f1: 0.015556763857603073; val_loss: 19.707782745361328; val_CER: 0.9517651796340942; val_WER: 1.0; val_val_char_f1: 0.012290498241782188
2025-07-29 11:38:27,483 - root - INFO - Epoch 17; loss: 20.374162673950195; CER: 0.9465841054916382; WER: 1.0; val_char_f1: 0.014737986028194427; val_loss: 19.5743350982666; val_CER: 0.9128734469413757; val_WER: 1.0; val_val_char_f1: 0.02122904732823372
2025-07-29 11:38:33,070 - root - INFO - Epoch 18; loss: 20.39010238647461; CER: 0.9183580875396729; WER: 1.0; val_char_f1: 0.015556763857603073; val_loss: 19.477113723754883; val_CER: 0.9192363023757935; val_WER: 1.0; val_val_char_f1: 0.017877090722322464
2025-07-29 11:38:39,060 - root - INFO - Epoch 19; loss: 20.269826889038086; CER: 0.9169524908065796; WER: 1.0; val_char_f1: 0.016102615743875504; val_loss: 19.735883712768555; val_CER: 0.9161101579666138; val_WER: 1.0; val_val_char_f1: 0.01675977185368538
2025-07-29 11:38:45,156 - root - INFO - Epoch 20; loss: 20.2064208984375; CER: 0.9112894535064697; WER: 1.0; val_char_f1: 0.01692139357328415; val_loss: 19.434839248657227; val_CER: 0.9096367955207825; val_WER: 1.0; val_val_char_f1: 0.020111728459596634
2025-07-29 11:38:50,900 - root - INFO - Epoch 21; loss: 20.29997444152832; CER: 0.9137369990348816; WER: 1.0; val_char_f1: 0.01637554168701172; val_loss: 19.520967483520508; val_CER: 0.9332922697067261; val_WER: 1.0; val_val_char_f1: 0.01675977185368538
2025-07-29 11:38:56,743 - root - INFO - Epoch 22; loss: 20.11410903930664; CER: 0.9229223728179932; WER: 1.0; val_char_f1: 0.016648467630147934; val_loss: 19.582420349121094; val_CER: 0.9165681004524231; val_WER: 1.0; val_val_char_f1: 0.02122904732823372
2025-07-29 11:39:02,698 - root - INFO - Epoch 23; loss: 20.104923248291016; CER: 0.908388078212738; WER: 1.0; val_char_f1: 0.015010911971330643; val_loss: 19.28911590576172; val_CER: 0.9145627617835999; val_WER: 1.0; val_val_char_f1: 0.01899440959095955
2025-07-29 11:39:08,459 - root - INFO - Epoch 24; loss: 20.095895767211914; CER: 0.9105988144874573; WER: 1.0; val_char_f1: 0.016102615743875504; val_loss: 19.340227127075195; val_CER: 0.9118471741676331; val_WER: 1.0; val_val_char_f1: 0.01675977185368538
2025-07-29 11:39:14,201 - root - INFO - Epoch 25; loss: 20.077056884765625; CER: 0.9132902026176453; WER: 1.0; val_char_f1: 0.014465060085058212; val_loss: 19.39846420288086; val_CER: 0.914310097694397; val_WER: 1.0; val_val_char_f1: 0.015642452985048294
2025-07-29 11:39:19,756 - root - INFO - Epoch 26; loss: 20.040590286254883; CER: 0.9109740257263184; WER: 1.0; val_char_f1: 0.016648467630147934; val_loss: 19.633895874023438; val_CER: 0.9170772433280945; val_WER: 1.0; val_val_char_f1: 0.022346362471580505
2025-07-29 11:39:25,579 - root - INFO - Epoch 27; loss: 20.02655792236328; CER: 0.9107294082641602; WER: 1.0; val_char_f1: 0.014465060085058212; val_loss: 19.314571380615234; val_CER: 0.9135364890098572; val_WER: 1.0; val_val_char_f1: 0.02122904732823372
2025-07-29 11:39:31,544 - root - INFO - Epoch 28; loss: 19.89999771118164; CER: 0.9089269638061523; WER: 1.0; val_char_f1: 0.01582968980073929; val_loss: 19.346134185791016; val_CER: 0.9072842001914978; val_WER: 1.0; val_val_char_f1: 0.01899440959095955
2025-07-29 11:39:37,245 - root - INFO - Epoch 29; loss: 19.93230628967285; CER: 0.911588191986084; WER: 1.0; val_char_f1: 0.01692139357328415; val_loss: 19.409276962280273; val_CER: 0.9190824031829834; val_WER: 1.0; val_val_char_f1: 0.01899440959095955
2025-07-29 11:39:43,093 - root - INFO - Epoch 30; loss: 19.94159698486328; CER: 0.9120405912399292; WER: 1.0; val_char_f1: 0.01582968980073929; val_loss: 19.41067886352539; val_CER: 0.9203138947486877; val_WER: 1.0; val_val_char_f1: 0.02122904732823372
2025-07-29 11:39:48,740 - root - INFO - Epoch 31; loss: 19.861740112304688; CER: 0.9115446209907532; WER: 1.0; val_char_f1: 0.015283837914466858; val_loss: 19.408044815063477; val_CER: 0.9123049378395081; val_WER: 1.0; val_val_char_f1: 0.022346362471580505
2025-07-29 11:39:54,777 - root - INFO - Epoch 32; loss: 19.913238525390625; CER: 0.9145457148551941; WER: 1.0; val_char_f1: 0.017740171402692795; val_loss: 19.454593658447266; val_CER: 0.918877124786377; val_WER: 1.0; val_val_char_f1: 0.01899440959095955
2025-07-29 11:40:00,538 - root - INFO - Epoch 33; loss: 19.806020736694336; CER: 0.9135823249816895; WER: 1.0; val_char_f1: 0.017194319516420364; val_loss: 19.195480346679688; val_CER: 0.9170772433280945; val_WER: 1.0; val_val_char_f1: 0.01675977185368538
2025-07-29 11:40:06,168 - root - INFO - Epoch 34; loss: 19.723268508911133; CER: 0.9070685505867004; WER: 1.0; val_char_f1: 0.016648467630147934; val_loss: 19.289777755737305; val_CER: 0.9085156917572021; val_WER: 1.0; val_val_char_f1: 0.01899440959095955
2025-07-29 11:40:11,987 - root - INFO - Epoch 35; loss: 19.66376495361328; CER: 0.9119040369987488; WER: 1.0; val_char_f1: 0.015556763857603073; val_loss: 19.389219284057617; val_CER: 0.9128734469413757; val_WER: 1.0; val_val_char_f1: 0.01675977185368538
2025-07-29 11:40:17,625 - root - INFO - Epoch 36; loss: 19.686311721801758; CER: 0.9099928736686707; WER: 1.0; val_char_f1: 0.01582968980073929; val_loss: 19.353988647460938; val_CER: 0.9245769381523132; val_WER: 1.0; val_val_char_f1: 0.017877090722322464
2025-07-29 11:40:23,595 - root - INFO - Epoch 37; loss: 19.693326950073242; CER: 0.9122752547264099; WER: 1.0; val_char_f1: 0.016102615743875504; val_loss: 19.388076782226562; val_CER: 0.9091788530349731; val_WER: 1.0; val_val_char_f1: 0.02122904732823372
2025-07-29 11:40:29,436 - root - INFO - Epoch 38; loss: 19.691736221313477; CER: 0.9131379723548889; WER: 1.0; val_char_f1: 0.017740171402692795; val_loss: 19.126995086669922; val_CER: 0.9091789126396179; val_WER: 1.0; val_val_char_f1: 0.01675977185368538
2025-07-29 11:40:35,041 - root - INFO - Epoch 39; loss: 19.49915885925293; CER: 0.9103711843490601; WER: 1.0; val_char_f1: 0.01746724545955658; val_loss: 19.303913116455078; val_CER: 0.9129248261451721; val_WER: 1.0; val_val_char_f1: 0.013407815247774124
2025-07-29 11:40:41,044 - root - INFO - Epoch 40; loss: 19.517148971557617; CER: 0.9142500162124634; WER: 1.0; val_char_f1: 0.019377723336219788; val_loss: 19.107486724853516; val_CER: 0.9215455055236816; val_WER: 1.0; val_val_char_f1: 0.01675977185368538
2025-07-29 11:40:46,911 - root - INFO - Epoch 41; loss: 19.42548942565918; CER: 0.9057982563972473; WER: 1.0; val_char_f1: 0.021288204938173294; val_loss: 19.010459899902344; val_CER: 0.9232348203659058; val_WER: 1.0; val_val_char_f1: 0.03240223228931427
2025-07-29 11:40:52,676 - root - INFO - Epoch 42; loss: 19.421035766601562; CER: 0.9092109203338623; WER: 1.0; val_char_f1: 0.020742353051900864; val_loss: 19.15704345703125; val_CER: 0.9090249538421631; val_WER: 1.0; val_val_char_f1: 0.020111728459596634
2025-07-29 11:40:58,330 - root - INFO - Epoch 43; loss: 19.3990478515625; CER: 0.9157920479774475; WER: 1.0; val_char_f1: 0.018831871449947357; val_loss: 19.021461486816406; val_CER: 0.9164139032363892; val_WER: 1.0; val_val_char_f1: 0.01899440959095955
2025-07-29 11:41:04,111 - root - INFO - Epoch 44; loss: 19.228757858276367; CER: 0.9114336967468262; WER: 1.0; val_char_f1: 0.021288204938173294; val_loss: 18.98261070251465; val_CER: 0.9133351445198059; val_WER: 1.0; val_val_char_f1: 0.020111728459596634
2025-07-29 11:41:10,126 - root - INFO - Epoch 45; loss: 19.326562881469727; CER: 0.9161770939826965; WER: 1.0; val_char_f1: 0.02265283651649952; val_loss: 19.791954040527344; val_CER: 0.9238031506538391; val_WER: 1.0; val_val_char_f1: 0.020111728459596634
2025-07-29 11:41:15,899 - root - INFO - Epoch 46; loss: 19.227577209472656; CER: 0.9148229360580444; WER: 1.0; val_char_f1: 0.02046942710876465; val_loss: 19.185564041137695; val_CER: 0.9215453863143921; val_WER: 1.0; val_val_char_f1: 0.022346362471580505
2025-07-29 11:41:21,645 - root - INFO - Epoch 47; loss: 19.32439422607422; CER: 0.9147346019744873; WER: 1.0; val_char_f1: 0.021288204938173294; val_loss: 19.205656051635742; val_CER: 0.9231361150741577; val_WER: 1.0; val_val_char_f1: 0.022346362471580505
2025-07-29 11:41:27,361 - root - INFO - Epoch 48; loss: 19.59404182434082; CER: 0.9180945158004761; WER: 1.0; val_char_f1: 0.018286023288965225; val_loss: 19.210006713867188; val_CER: 0.9257532358169556; val_WER: 1.0; val_val_char_f1: 0.020111728459596634
2025-07-29 11:41:33,153 - root - INFO - Epoch 49; loss: 19.54320526123047; CER: 0.9206559062004089; WER: 1.0; val_char_f1: 0.022379910573363304; val_loss: 19.14667320251465; val_CER: 0.9186205267906189; val_WER: 1.0; val_val_char_f1: 0.020111728459596634
2025-07-29 11:41:38,943 - root - INFO - Epoch 50; loss: 19.413862228393555; CER: 0.9109889268875122; WER: 1.0; val_char_f1: 0.021288204938173294; val_loss: 19.328079223632812; val_CER: 0.9231913089752197; val_WER: 1.0; val_val_char_f1: 0.02122904732823372
2025-07-29 11:41:44,939 - root - INFO - Epoch 51; loss: 19.201364517211914; CER: 0.9114671349525452; WER: 1.0; val_char_f1: 0.019923575222492218; val_loss: 19.131006240844727; val_CER: 0.9234400987625122; val_WER: 1.0; val_val_char_f1: 0.014525134116411209
2025-07-29 11:41:50,824 - root - INFO - Epoch 52; loss: 19.23438835144043; CER: 0.9183884859085083; WER: 1.0; val_char_f1: 0.019650649279356003; val_loss: 18.974109649658203; val_CER: 0.919852077960968; val_WER: 1.0; val_val_char_f1: 0.015642452985048294
2025-07-29 11:41:56,514 - root - INFO - Epoch 53; loss: 19.245546340942383; CER: 0.9100228548049927; WER: 1.0; val_char_f1: 0.019650649279356003; val_loss: 18.88287353515625; val_CER: 0.923495352268219; val_WER: 1.0; val_val_char_f1: 0.02122904732823372
2025-07-29 11:42:02,282 - root - INFO - Epoch 54; loss: 19.214862823486328; CER: 0.9102017879486084; WER: 1.0; val_char_f1: 0.02265283651649952; val_loss: 19.1190185546875; val_CER: 0.9207756519317627; val_WER: 1.0; val_val_char_f1: 0.01675977185368538
2025-07-29 11:42:08,038 - root - INFO - Epoch 55; loss: 19.157560348510742; CER: 0.9087964296340942; WER: 1.0; val_char_f1: 0.021834056824445724; val_loss: 19.2236385345459; val_CER: 0.9253836870193481; val_WER: 1.0; val_val_char_f1: 0.022346362471580505
2025-07-29 11:42:13,686 - root - INFO - Epoch 56; loss: 18.926931381225586; CER: 0.9109148979187012; WER: 1.0; val_char_f1: 0.021288204938173294; val_loss: 19.14180564880371; val_CER: 0.9224177002906799; val_WER: 1.0; val_val_char_f1: 0.01899440959095955
2025-07-29 11:42:19,537 - root - INFO - Epoch 57; loss: 19.040016174316406; CER: 0.9158400893211365; WER: 1.0; val_char_f1: 0.02156113088130951; val_loss: 19.22071647644043; val_CER: 0.918774425983429; val_WER: 1.0; val_val_char_f1: 0.02122904732823372
2025-07-29 11:42:25,273 - root - INFO - Epoch 58; loss: 19.101078033447266; CER: 0.9063529372215271; WER: 1.0; val_char_f1: 0.02046942710876465; val_loss: 19.124980926513672; val_CER: 0.917850911617279; val_WER: 1.0; val_val_char_f1: 0.024581000208854675
2025-07-29 11:42:31,024 - root - INFO - Epoch 59; loss: 19.128952026367188; CER: 0.9108644127845764; WER: 1.0; val_char_f1: 0.019377723336219788; val_loss: 18.933412551879883; val_CER: 0.9132326245307922; val_WER: 1.0; val_val_char_f1: 0.017877090722322464
2025-07-29 11:42:36,842 - root - INFO - Epoch 60; loss: 18.894975662231445; CER: 0.9081053733825684; WER: 1.0; val_char_f1: 0.02265283651649952; val_loss: 18.6347713470459; val_CER: 0.9175942540168762; val_WER: 1.0; val_val_char_f1: 0.026815637946128845
2025-07-29 11:42:39,596 - tf2onnx.tfonnx - INFO - Using tensorflow=2.10.0, onnx=1.12.0, tf2onnx=1.14.0/8f8d49
2025-07-29 11:42:39,596 - tf2onnx.tfonnx - INFO - Using opset <onnx, 15>
2025-07-29 11:42:39,730 - tf2onnx.tf_utils - INFO - Computed 0 values for constant folding
2025-07-29 11:42:39,732 - tf2onnx.tf_utils - INFO - Computed 0 values for constant folding
2025-07-29 11:42:39,736 - tf2onnx.tf_utils - INFO - Computed 0 values for constant folding
2025-07-29 11:42:39,738 - tf2onnx.tf_utils - INFO - Computed 0 values for constant folding
2025-07-29 11:42:39,743 - tf2onnx.tf_utils - INFO - Computed 0 values for constant folding
2025-07-29 11:42:39,747 - tf2onnx.tf_utils - INFO - Computed 0 values for constant folding
2025-07-29 11:42:39,751 - tf2onnx.tf_utils - INFO - Computed 0 values for constant folding
2025-07-29 11:42:39,753 - tf2onnx.tf_utils - INFO - Computed 0 values for constant folding
2025-07-29 11:42:39,856 - tf2onnx.tf_utils - INFO - Computed 2 values for constant folding
2025-07-29 11:42:39,953 - tf2onnx.tfonnx - INFO - folding node using tf type=StridedSlice, name=model/bidirectional/forward_lstm/PartitionedCall/strided_slice
2025-07-29 11:42:39,953 - tf2onnx.tfonnx - INFO - folding node using tf type=StridedSlice, name=model/bidirectional/backward_lstm/PartitionedCall/strided_slice
2025-07-29 11:42:40,142 - tf2onnx.optimizer - INFO - Optimizing ONNX model
2025-07-29 11:42:40,762 - tf2onnx.optimizer - INFO - After optimization: BatchNormalization -29 (29->0), Cast -15 (24->9), Concat -12 (21->9), Const -227 (317->90), Expand -6 (8->2), Gather +1 (4->5), GlobalAveragePool +2 (0->2), Identity -2 (2->0), ReduceMean -2 (2->0), ReduceProd -2 (4->2), Reshape +1 (7->8), Shape -5 (9->4), Slice -5 (11->6), Squeeze -5 (11->6), Transpose -117 (122->5), Unsqueeze -35 (39->4)
