2025-07-29 11:30:03,964 - tensorflow - WARNING - From /home/lamin/anaconda3/envs/new-gpu/lib/python3.10/site-packages/tensorflow/python/ops/ctc_ops.py:1465: alias_inplace_add (from tensorflow.python.ops.inplace_ops) is deprecated and will be removed in a future version.
Instructions for updating:
Prefer tf.tensor_scatter_nd_add, which offers the same functionality with well-defined read-write semantics.
2025-07-29 11:30:04,010 - tensorflow - WARNING - From /home/lamin/anaconda3/envs/new-gpu/lib/python3.10/site-packages/tensorflow/python/ops/ctc_ops.py:1448: alias_inplace_update (from tensorflow.python.ops.inplace_ops) is deprecated and will be removed in a future version.
Instructions for updating:
Prefer tf.tensor_scatter_nd_update, which offers the same functionality with well-defined read-write semantics.
2025-07-29 11:30:25,605 - root - INFO - Epoch 0; loss: 46.94367980957031; CER: 0.998580276966095; WER: 1.0; val_char_f1: 0.007641916163265705; val_loss: 24.34602928161621; val_CER: 0.996100127696991; val_WER: 1.0; val_val_char_f1: 0.0
2025-07-29 11:30:33,000 - root - INFO - Epoch 1; loss: 25.362207412719727; CER: 0.9958745837211609; WER: 1.0; val_char_f1: 0.0; val_loss: 24.512901306152344; val_CER: 0.9961001873016357; val_WER: 1.0; val_val_char_f1: 0.0
2025-07-29 11:30:38,500 - root - INFO - Epoch 2; loss: 25.284473419189453; CER: 0.9958746433258057; WER: 1.0; val_char_f1: 0.0; val_loss: 24.306049346923828; val_CER: 0.9961001873016357; val_WER: 1.0; val_val_char_f1: 0.0
2025-07-29 11:30:44,105 - root - INFO - Epoch 3; loss: 25.04039764404297; CER: 0.9958745837211609; WER: 1.0; val_char_f1: 0.0; val_loss: 24.637983322143555; val_CER: 0.996100127696991; val_WER: 1.0; val_val_char_f1: 0.0
2025-07-29 11:30:50,242 - root - INFO - Epoch 4; loss: 24.940738677978516; CER: 0.9958745837211609; WER: 1.0; val_char_f1: 0.0; val_loss: 24.385875701904297; val_CER: 0.996100127696991; val_WER: 1.0; val_val_char_f1: 0.0
2025-07-29 11:30:56,580 - root - INFO - Epoch 5; loss: 24.38201332092285; CER: 0.9958745837211609; WER: 1.0; val_char_f1: 0.0; val_loss: 23.295188903808594; val_CER: 0.9961001873016357; val_WER: 1.0; val_val_char_f1: 0.0
2025-07-29 11:31:02,596 - root - INFO - Epoch 6; loss: 23.65533447265625; CER: 0.9958745837211609; WER: 1.0; val_char_f1: 0.0; val_loss: 22.47132110595703; val_CER: 0.9961000680923462; val_WER: 1.0; val_val_char_f1: 0.0
2025-07-29 11:31:08,688 - root - INFO - Epoch 7; loss: 23.15020751953125; CER: 0.9958746433258057; WER: 1.0; val_char_f1: 0.0030021783895790577; val_loss: 22.119653701782227; val_CER: 0.9961001873016357; val_WER: 1.0; val_val_char_f1: 0.0044692689552903175
2025-07-29 11:31:15,095 - root - INFO - Epoch 8; loss: 22.914953231811523; CER: 0.9958745837211609; WER: 1.0; val_char_f1: 0.003820955753326416; val_loss: 22.191667556762695; val_CER: 0.9961000680923462; val_WER: 1.0; val_val_char_f1: 0.005586586892604828
2025-07-29 11:31:21,010 - root - INFO - Epoch 9; loss: 22.87900733947754; CER: 0.9958745837211609; WER: 1.0; val_char_f1: 0.0030021783895790577; val_loss: 21.778583526611328; val_CER: 0.9961001873016357; val_WER: 1.0; val_val_char_f1: 0.002234631683677435
2025-07-29 11:31:26,683 - root - INFO - Epoch 10; loss: 22.723865509033203; CER: 0.9958746433258057; WER: 1.0; val_char_f1: 0.003548029810190201; val_loss: 21.634422302246094; val_CER: 0.9961001873016357; val_WER: 1.0; val_val_char_f1: 0.0033519500866532326
2025-07-29 11:31:32,495 - root - INFO - Epoch 11; loss: 22.6875057220459; CER: 0.9958746433258057; WER: 1.0; val_char_f1: 0.003548029810190201; val_loss: 21.27747917175293; val_CER: 0.996100127696991; val_WER: 1.0; val_val_char_f1: 0.006703905761241913
2025-07-29 11:31:38,420 - root - INFO - Epoch 12; loss: 22.438207626342773; CER: 0.9958746433258057; WER: 1.0; val_char_f1: 0.004093881696462631; val_loss: 21.52793312072754; val_CER: 0.996100127696991; val_WER: 1.0; val_val_char_f1: 0.0044692689552903175
2025-07-29 11:31:44,309 - root - INFO - Epoch 13; loss: 22.351428985595703; CER: 0.9958746433258057; WER: 1.0; val_char_f1: 0.003820955753326416; val_loss: 21.163822174072266; val_CER: 0.9961001873016357; val_WER: 1.0; val_val_char_f1: 0.008938541635870934
2025-07-29 11:31:50,134 - root - INFO - Epoch 14; loss: 22.459440231323242; CER: 0.9958745837211609; WER: 1.0; val_char_f1: 0.004639732651412487; val_loss: 21.445919036865234; val_CER: 0.9961001873016357; val_WER: 1.0; val_val_char_f1: 0.0044692689552903175
2025-07-29 11:31:55,856 - root - INFO - Epoch 15; loss: 22.277801513671875; CER: 0.9958746433258057; WER: 1.0; val_char_f1: 0.004912658594548702; val_loss: 21.79779624938965; val_CER: 0.9961001873016357; val_WER: 1.0; val_val_char_f1: 0.0033519500866532326
2025-07-29 11:31:58,998 - tf2onnx.tfonnx - INFO - Using tensorflow=2.10.0, onnx=1.12.0, tf2onnx=1.14.0/8f8d49
2025-07-29 11:31:58,998 - tf2onnx.tfonnx - INFO - Using opset <onnx, 15>
2025-07-29 11:31:59,458 - tf2onnx.tf_utils - INFO - Computed 0 values for constant folding
2025-07-29 11:31:59,463 - tf2onnx.tf_utils - INFO - Computed 0 values for constant folding
2025-07-29 11:31:59,473 - tf2onnx.tf_utils - INFO - Computed 0 values for constant folding
2025-07-29 11:31:59,481 - tf2onnx.tf_utils - INFO - Computed 0 values for constant folding
2025-07-29 11:31:59,486 - tf2onnx.tf_utils - INFO - Computed 0 values for constant folding
2025-07-29 11:31:59,496 - tf2onnx.tf_utils - INFO - Computed 0 values for constant folding
2025-07-29 11:31:59,504 - tf2onnx.tf_utils - INFO - Computed 0 values for constant folding
2025-07-29 11:31:59,510 - tf2onnx.tf_utils - INFO - Computed 0 values for constant folding
2025-07-29 11:31:59,635 - tf2onnx.tf_utils - INFO - Computed 2 values for constant folding
2025-07-29 11:31:59,733 - tf2onnx.tfonnx - INFO - folding node using tf type=StridedSlice, name=model/bidirectional/forward_lstm/PartitionedCall/strided_slice
2025-07-29 11:31:59,734 - tf2onnx.tfonnx - INFO - folding node using tf type=StridedSlice, name=model/bidirectional/backward_lstm/PartitionedCall/strided_slice
2025-07-29 11:31:59,941 - tf2onnx.optimizer - INFO - Optimizing ONNX model
2025-07-29 11:32:01,092 - tf2onnx.optimizer - INFO - After optimization: BatchNormalization -29 (29->0), Cast -15 (24->9), Concat -12 (21->9), Const -227 (317->90), Expand -6 (8->2), Gather +1 (4->5), GlobalAveragePool +2 (0->2), Identity -2 (2->0), ReduceMean -2 (2->0), ReduceProd -2 (4->2), Reshape +1 (7->8), Shape -5 (9->4), Slice -5 (11->6), Squeeze -5 (11->6), Transpose -117 (122->5), Unsqueeze -35 (39->4)
