2025-07-29 11:44:44,007 - tensorflow - WARNING - From /home/lamin/anaconda3/envs/new-gpu/lib/python3.10/site-packages/tensorflow/python/ops/ctc_ops.py:1465: alias_inplace_add (from tensorflow.python.ops.inplace_ops) is deprecated and will be removed in a future version.
Instructions for updating:
Prefer tf.tensor_scatter_nd_add, which offers the same functionality with well-defined read-write semantics.
2025-07-29 11:44:44,043 - tensorflow - WARNING - From /home/lamin/anaconda3/envs/new-gpu/lib/python3.10/site-packages/tensorflow/python/ops/ctc_ops.py:1448: alias_inplace_update (from tensorflow.python.ops.inplace_ops) is deprecated and will be removed in a future version.
Instructions for updating:
Prefer tf.tensor_scatter_nd_update, which offers the same functionality with well-defined read-write semantics.
2025-07-29 11:45:03,769 - root - INFO - Epoch 0; loss: 48.50422286987305; CER: 1.0048418045043945; WER: 1.0; val_char_f1: 0.0016375496052205563; val_loss: 25.969375610351562; val_CER: 0.996100127696991; val_WER: 1.0; val_val_char_f1: 0.0
2025-07-29 11:45:10,885 - root - INFO - Epoch 1; loss: 25.21189308166504; CER: 0.9958745837211609; WER: 1.0; val_char_f1: 0.0; val_loss: 23.224153518676758; val_CER: 0.996100127696991; val_WER: 1.0; val_val_char_f1: 0.0
2025-07-29 11:45:16,524 - root - INFO - Epoch 2; loss: 23.466794967651367; CER: 0.9958745837211609; WER: 1.0; val_char_f1: 0.0; val_loss: 22.227197647094727; val_CER: 0.996100127696991; val_WER: 1.0; val_val_char_f1: 0.0
2025-07-29 11:45:22,373 - root - INFO - Epoch 3; loss: 22.73309898376465; CER: 0.9958746433258057; WER: 1.0; val_char_f1: 0.0051855845376849174; val_loss: 21.64933204650879; val_CER: 0.996100127696991; val_WER: 1.0; val_val_char_f1: 0.007821224629878998
2025-07-29 11:45:28,343 - root - INFO - Epoch 4; loss: 22.293689727783203; CER: 0.9958746433258057; WER: 1.0; val_char_f1: 0.006550213322043419; val_loss: 21.37273597717285; val_CER: 0.996100127696991; val_WER: 1.0; val_val_char_f1: 0.0044692689552903175
2025-07-29 11:45:33,793 - root - INFO - Epoch 5; loss: 21.933286666870117; CER: 0.9958745837211609; WER: 1.0; val_char_f1: 0.006550213322043419; val_loss: 21.02716636657715; val_CER: 0.9961001873016357; val_WER: 1.0; val_val_char_f1: 0.006703905761241913
2025-07-29 11:45:39,569 - root - INFO - Epoch 6; loss: 21.687496185302734; CER: 0.9958746433258057; WER: 1.0; val_char_f1: 0.006550213322043419; val_loss: 20.85552215576172; val_CER: 0.996100127696991; val_WER: 1.0; val_val_char_f1: 0.0033519500866532326
2025-07-29 11:45:45,230 - root - INFO - Epoch 7; loss: 21.437761306762695; CER: 0.9958745837211609; WER: 1.0; val_char_f1: 0.005458510480821133; val_loss: 20.69681167602539; val_CER: 0.9961001873016357; val_WER: 1.0; val_val_char_f1: 0.007821224629878998
2025-07-29 11:45:50,971 - root - INFO - Epoch 8; loss: 21.172800064086914; CER: 0.9945217370986938; WER: 1.0; val_char_f1: 0.006277287378907204; val_loss: 20.650775909423828; val_CER: 0.9961001873016357; val_WER: 1.0; val_val_char_f1: 0.005586586892604828
2025-07-29 11:45:56,674 - root - INFO - Epoch 9; loss: 20.909944534301758; CER: 0.9954606294631958; WER: 1.0; val_char_f1: 0.003820955753326416; val_loss: 20.57061004638672; val_CER: 0.9961001873016357; val_WER: 1.0; val_val_char_f1: 0.0033519500866532326
2025-07-29 11:46:02,474 - root - INFO - Epoch 10; loss: 20.72051239013672; CER: 0.9950242638587952; WER: 1.0; val_char_f1: 0.005731436423957348; val_loss: 20.391511917114258; val_CER: 0.9961001873016357; val_WER: 1.0; val_val_char_f1: 0.005586586892604828
2025-07-29 11:46:08,316 - root - INFO - Epoch 11; loss: 20.535715103149414; CER: 0.9958746433258057; WER: 1.0; val_char_f1: 0.005731436423957348; val_loss: 20.08016014099121; val_CER: 0.996100127696991; val_WER: 1.0; val_val_char_f1: 0.006703905761241913
2025-07-29 11:46:14,179 - root - INFO - Epoch 12; loss: 20.093854904174805; CER: 0.9943061470985413; WER: 1.0; val_char_f1: 0.006823138799518347; val_loss: 21.2546443939209; val_CER: 0.9814695119857788; val_WER: 1.0; val_val_char_f1: 0.01675977185368538
2025-07-29 11:46:20,117 - root - INFO - Epoch 13; loss: 20.217187881469727; CER: 0.9951143860816956; WER: 1.0; val_char_f1: 0.011189951561391354; val_loss: 20.03009033203125; val_CER: 0.996100127696991; val_WER: 1.0; val_val_char_f1: 0.014525134116411209
2025-07-29 11:46:26,006 - root - INFO - Epoch 14; loss: 19.908435821533203; CER: 0.9958745837211609; WER: 1.0; val_char_f1: 0.0133733581751585; val_loss: 19.70722007751465; val_CER: 0.9961001873016357; val_WER: 1.0; val_val_char_f1: 0.015642452985048294
2025-07-29 11:46:31,688 - root - INFO - Epoch 15; loss: 19.489221572875977; CER: 0.9958745837211609; WER: 1.0; val_char_f1: 0.0133733581751585; val_loss: 19.61271858215332; val_CER: 0.996100127696991; val_WER: 1.0; val_val_char_f1: 0.014525134116411209
2025-07-29 11:46:37,623 - root - INFO - Epoch 16; loss: 19.060482025146484; CER: 0.9940966367721558; WER: 1.0; val_char_f1: 0.014192134141921997; val_loss: 19.651670455932617; val_CER: 0.977114200592041; val_WER: 1.0; val_val_char_f1: 0.013407815247774124
2025-07-29 11:46:43,357 - root - INFO - Epoch 17; loss: 19.343046188354492; CER: 0.977203905582428; WER: 1.0; val_char_f1: 0.013100432232022285; val_loss: 19.630725860595703; val_CER: 0.9734234809875488; val_WER: 1.0; val_val_char_f1: 0.010055860504508018
2025-07-29 11:46:49,341 - root - INFO - Epoch 18; loss: 18.811613082885742; CER: 0.9669675230979919; WER: 1.0; val_char_f1: 0.015283837914466858; val_loss: 19.634864807128906; val_CER: 0.9613133668899536; val_WER: 1.0; val_val_char_f1: 0.014525134116411209
2025-07-29 11:46:55,226 - root - INFO - Epoch 19; loss: 18.4527530670166; CER: 0.9585592150688171; WER: 1.0; val_char_f1: 0.019650649279356003; val_loss: 19.40365219116211; val_CER: 0.9559255838394165; val_WER: 1.0; val_val_char_f1: 0.01899440959095955
2025-07-29 11:47:01,190 - root - INFO - Epoch 20; loss: 18.62808609008789; CER: 0.9606047868728638; WER: 1.0; val_char_f1: 0.020196501165628433; val_loss: 19.377197265625; val_CER: 0.9595174193382263; val_WER: 1.0; val_val_char_f1: 0.020111728459596634
2025-07-29 11:47:07,137 - root - INFO - Epoch 21; loss: 18.308149337768555; CER: 0.9650939106941223; WER: 1.0; val_char_f1: 0.020742353051900864; val_loss: 19.582181930541992; val_CER: 0.95084547996521; val_WER: 1.0; val_val_char_f1: 0.020111728459596634
2025-07-29 11:47:12,873 - root - INFO - Epoch 22; loss: 18.830900192260742; CER: 0.9547882676124573; WER: 1.0; val_char_f1: 0.018558945506811142; val_loss: 19.849550247192383; val_CER: 0.956588625907898; val_WER: 1.0; val_val_char_f1: 0.01675977185368538
2025-07-29 11:47:18,582 - root - INFO - Epoch 23; loss: 18.505352020263672; CER: 0.9552271962165833; WER: 1.0; val_char_f1: 0.020196501165628433; val_loss: 19.19474220275879; val_CER: 0.952384889125824; val_WER: 1.0; val_val_char_f1: 0.017877090722322464
2025-07-29 11:47:24,750 - root - INFO - Epoch 24; loss: 18.20250701904297; CER: 0.9540925621986389; WER: 1.0; val_char_f1: 0.021288204938173294; val_loss: 19.79326057434082; val_CER: 0.9559255838394165; val_WER: 1.0; val_val_char_f1: 0.012290498241782188
2025-07-29 11:47:30,783 - root - INFO - Epoch 25; loss: 17.88368034362793; CER: 0.951895534992218; WER: 1.0; val_char_f1: 0.022379910573363304; val_loss: 19.30835723876953; val_CER: 0.9505335688591003; val_WER: 1.0; val_val_char_f1: 0.017877090722322464
2025-07-29 11:47:36,788 - root - INFO - Epoch 26; loss: 17.623775482177734; CER: 0.9554711580276489; WER: 1.0; val_char_f1: 0.022925760596990585; val_loss: 19.063392639160156; val_CER: 0.947916567325592; val_WER: 1.0; val_val_char_f1: 0.02346368134021759
2025-07-29 11:47:42,495 - root - INFO - Epoch 27; loss: 17.529415130615234; CER: 0.9504128098487854; WER: 1.0; val_char_f1: 0.02265283651649952; val_loss: 19.085756301879883; val_CER: 0.9482797980308533; val_WER: 1.0; val_val_char_f1: 0.01675977185368538
2025-07-29 11:47:48,496 - root - INFO - Epoch 28; loss: 17.24997901916504; CER: 0.9509875178337097; WER: 1.0; val_char_f1: 0.024017464369535446; val_loss: 19.24608612060547; val_CER: 0.9533559083938599; val_WER: 1.0; val_val_char_f1: 0.02346368134021759
2025-07-29 11:47:54,355 - root - INFO - Epoch 29; loss: 17.17788314819336; CER: 0.9499504566192627; WER: 1.0; val_char_f1: 0.027019646018743515; val_loss: 19.109010696411133; val_CER: 0.9441233277320862; val_WER: 1.0; val_val_char_f1: 0.020111728459596634
2025-07-29 11:48:00,094 - root - INFO - Epoch 30; loss: 17.0129451751709; CER: 0.9452859163284302; WER: 1.0; val_char_f1: 0.0267467200756073; val_loss: 19.6883487701416; val_CER: 0.9467403888702393; val_WER: 1.0; val_val_char_f1: 0.017877090722322464
2025-07-29 11:48:06,008 - root - INFO - Epoch 31; loss: 16.913850784301758; CER: 0.9484846591949463; WER: 1.0; val_char_f1: 0.027565497905015945; val_loss: 18.833101272583008; val_CER: 0.9479719400405884; val_WER: 1.0; val_val_char_f1: 0.02122904732823372
2025-07-29 11:48:11,969 - root - INFO - Epoch 32; loss: 16.85125160217285; CER: 0.9470762610435486; WER: 1.0; val_char_f1: 0.03138645738363266; val_loss: 19.314590454101562; val_CER: 0.9516150951385498; val_WER: 1.0; val_val_char_f1: 0.022346362471580505
2025-07-29 11:48:17,823 - root - INFO - Epoch 33; loss: 16.999326705932617; CER: 0.9418126940727234; WER: 1.0; val_char_f1: 0.030021827667951584; val_loss: 19.51871681213379; val_CER: 0.945919394493103; val_WER: 1.0; val_val_char_f1: 0.020111728459596634
2025-07-29 11:48:23,587 - root - INFO - Epoch 34; loss: 17.10978889465332; CER: 0.9462181329727173; WER: 1.0; val_char_f1: 0.030021827667951584; val_loss: 19.78801155090332; val_CER: 0.9533085227012634; val_WER: 1.0; val_val_char_f1: 0.01675977185368538
2025-07-29 11:48:29,291 - root - INFO - Epoch 35; loss: 16.853113174438477; CER: 0.9433155059814453; WER: 1.0; val_char_f1: 0.02783842571079731; val_loss: 19.54366683959961; val_CER: 0.9410445690155029; val_WER: 1.0; val_val_char_f1: 0.02346368134021759
2025-07-29 11:48:35,276 - root - INFO - Epoch 36; loss: 17.080442428588867; CER: 0.9323402643203735; WER: 1.0; val_char_f1: 0.03247816115617752; val_loss: 19.23101234436035; val_CER: 0.9262109994888306; val_WER: 1.0; val_val_char_f1: 0.02569831721484661
2025-07-29 11:48:40,858 - root - INFO - Epoch 37; loss: 17.17666244506836; CER: 0.9316418766975403; WER: 1.0; val_char_f1: 0.031113531440496445; val_loss: 19.8160343170166; val_CER: 0.939761757850647; val_WER: 1.0; val_val_char_f1: 0.020111728459596634
2025-07-29 11:48:47,050 - root - INFO - Epoch 38; loss: 16.746204376220703; CER: 0.9505633115768433; WER: 1.0; val_char_f1: 0.03356986492872238; val_loss: 20.523765563964844; val_CER: 0.9470482468605042; val_WER: 1.0; val_val_char_f1: 0.020111728459596634
2025-07-29 11:48:52,760 - root - INFO - Epoch 39; loss: 17.10367774963379; CER: 0.9358818531036377; WER: 1.0; val_char_f1: 0.029203053563833237; val_loss: 19.411603927612305; val_CER: 0.9315515160560608; val_WER: 1.0; val_val_char_f1: 0.02346368134021759
2025-07-29 11:48:58,573 - root - INFO - Epoch 40; loss: 17.152732849121094; CER: 0.9446136951446533; WER: 1.0; val_char_f1: 0.029203053563833237; val_loss: 19.44027328491211; val_CER: 0.9490495324134827; val_WER: 1.0; val_val_char_f1: 0.026815637946128845
2025-07-29 11:49:04,383 - root - INFO - Epoch 41; loss: 16.497350692749023; CER: 0.9264325499534607; WER: 1.0; val_char_f1: 0.03329693526029587; val_loss: 19.76917266845703; val_CER: 0.9318594932556152; val_WER: 1.0; val_val_char_f1: 0.022346362471580505
2025-07-29 11:49:09,997 - root - INFO - Epoch 42; loss: 16.117055892944336; CER: 0.9286787509918213; WER: 1.0; val_char_f1: 0.03247816115617752; val_loss: 19.775236129760742; val_CER: 0.948840320110321; val_WER: 1.0; val_val_char_f1: 0.026815637946128845
2025-07-29 11:49:15,994 - root - INFO - Epoch 43; loss: 15.877631187438965; CER: 0.9045727252960205; WER: 1.0; val_char_f1: 0.03411571681499481; val_loss: 19.60331916809082; val_CER: 0.9303714036941528; val_WER: 1.0; val_val_char_f1: 0.01675977185368538
2025-07-29 11:49:21,937 - root - INFO - Epoch 44; loss: 15.713632583618164; CER: 0.906935453414917; WER: 1.0; val_char_f1: 0.036299124360084534; val_loss: 19.842674255371094; val_CER: 0.9365289807319641; val_WER: 1.0; val_val_char_f1: 0.02346368134021759
2025-07-29 11:49:27,469 - root - INFO - Epoch 45; loss: 15.541510581970215; CER: 0.9097132682800293; WER: 1.0; val_char_f1: 0.03520742058753967; val_loss: 20.079288482666016; val_CER: 0.935554027557373; val_WER: 1.0; val_val_char_f1: 0.022346362471580505
2025-07-29 11:49:33,220 - root - INFO - Epoch 46; loss: 15.55409049987793; CER: 0.923615038394928; WER: 1.0; val_char_f1: 0.03520742058753967; val_loss: 20.01376724243164; val_CER: 0.9256465435028076; val_WER: 1.0; val_val_char_f1: 0.01899440959095955
2025-07-29 11:49:38,856 - root - INFO - Epoch 47; loss: 15.328059196472168; CER: 0.9019956588745117; WER: 1.0; val_char_f1: 0.0338427871465683; val_loss: 20.45380210876465; val_CER: 0.936836838722229; val_WER: 1.0; val_val_char_f1: 0.01899440959095955
2025-07-29 11:49:44,586 - root - INFO - Epoch 48; loss: 15.132408142089844; CER: 0.9080910086631775; WER: 1.0; val_char_f1: 0.03602619469165802; val_loss: 20.306766510009766; val_CER: 0.9362724423408508; val_WER: 1.0; val_val_char_f1: 0.014525134116411209
2025-07-29 11:49:50,628 - root - INFO - Epoch 49; loss: 15.047102928161621; CER: 0.9202731847763062; WER: 1.0; val_char_f1: 0.03902837634086609; val_loss: 20.53843116760254; val_CER: 0.9362210631370544; val_WER: 1.0; val_val_char_f1: 0.02122904732823372
2025-07-29 11:49:56,324 - root - INFO - Epoch 50; loss: 15.019442558288574; CER: 0.9038264155387878; WER: 1.0; val_char_f1: 0.03657204657793045; val_loss: 20.23792266845703; val_CER: 0.9543823003768921; val_WER: 1.0; val_val_char_f1: 0.022346362471580505
2025-07-29 11:50:02,097 - root - INFO - Epoch 51; loss: 14.86471939086914; CER: 0.9114278554916382; WER: 1.0; val_char_f1: 0.03848252445459366; val_loss: 20.562803268432617; val_CER: 0.9335488080978394; val_WER: 1.0; val_val_char_f1: 0.013407815247774124
2025-07-29 11:50:07,771 - root - INFO - Epoch 52; loss: 14.757869720458984; CER: 0.9146787524223328; WER: 1.0; val_char_f1: 0.03875545412302017; val_loss: 20.873327255249023; val_CER: 0.9487414956092834; val_WER: 1.0; val_val_char_f1: 0.01675977185368538
2025-07-29 11:50:13,730 - root - INFO - Epoch 53; loss: 14.681962966918945; CER: 0.9033951163291931; WER: 1.0; val_char_f1: 0.03902837634086609; val_loss: 20.70683479309082; val_CER: 0.9387316107749939; val_WER: 1.0; val_val_char_f1: 0.012290498241782188
2025-07-29 11:50:19,769 - root - INFO - Epoch 54; loss: 14.452491760253906; CER: 0.918854832649231; WER: 1.0; val_char_f1: 0.0428493395447731; val_loss: 20.966859817504883; val_CER: 0.9438155889511108; val_WER: 1.0; val_val_char_f1: 0.02569831721484661
2025-07-29 11:50:25,439 - root - INFO - Epoch 55; loss: 14.26911735534668; CER: 0.9156657457351685; WER: 1.0; val_char_f1: 0.0393013060092926; val_loss: 21.146896362304688; val_CER: 0.9336554408073425; val_WER: 1.0; val_val_char_f1: 0.02122904732823372
2025-07-29 11:50:31,235 - root - INFO - Epoch 56; loss: 14.00343132019043; CER: 0.9207085967063904; WER: 1.0; val_char_f1: 0.04066593199968338; val_loss: 21.48775863647461; val_CER: 0.9427892565727234; val_WER: 1.0; val_val_char_f1: 0.02122904732823372
2025-07-29 11:50:37,006 - root - INFO - Epoch 57; loss: 13.834600448608398; CER: 0.9111597537994385; WER: 1.0; val_char_f1: 0.03957422822713852; val_loss: 21.8969669342041; val_CER: 0.9498191475868225; val_WER: 1.0; val_val_char_f1: 0.024581000208854675
2025-07-29 11:50:42,649 - root - INFO - Epoch 58; loss: 13.816787719726562; CER: 0.9183430671691895; WER: 1.0; val_char_f1: 0.04066593199968338; val_loss: 22.390869140625; val_CER: 0.9670053720474243; val_WER: 1.0; val_val_char_f1: 0.015642452985048294
2025-07-29 11:50:48,436 - root - INFO - Epoch 59; loss: 13.735960960388184; CER: 0.9294837117195129; WER: 1.0; val_char_f1: 0.04066593199968338; val_loss: 21.996383666992188; val_CER: 0.9425839781761169; val_WER: 1.0; val_val_char_f1: 0.017877090722322464
2025-07-29 11:50:54,920 - root - INFO - Epoch 60; loss: 13.64834976196289; CER: 0.9126818180084229; WER: 1.0; val_char_f1: 0.04339519143104553; val_loss: 22.546615600585938; val_CER: 0.9448930621147156; val_WER: 1.0; val_val_char_f1: 0.02569831721484661
2025-07-29 11:51:00,618 - root - INFO - Epoch 61; loss: 13.621822357177734; CER: 0.9195903539657593; WER: 1.0; val_char_f1: 0.042030565440654755; val_loss: 23.071250915527344; val_CER: 0.9505374431610107; val_WER: 1.0; val_val_char_f1: 0.01675977185368538
2025-07-29 11:51:06,436 - root - INFO - Epoch 62; loss: 13.981670379638672; CER: 0.9219608306884766; WER: 1.0; val_char_f1: 0.041484713554382324; val_loss: 22.92729949951172; val_CER: 0.9605398774147034; val_WER: 1.0; val_val_char_f1: 0.020111728459596634
2025-07-29 11:51:12,268 - root - INFO - Epoch 63; loss: 13.185359954833984; CER: 0.9252772331237793; WER: 1.0; val_char_f1: 0.04394104331731796; val_loss: 23.085798263549805; val_CER: 0.9344252347946167; val_WER: 1.0; val_val_char_f1: 0.01675977185368538
2025-07-29 11:51:18,333 - root - INFO - Epoch 64; loss: 12.729629516601562; CER: 0.9136379361152649; WER: 1.0; val_char_f1: 0.04530567303299904; val_loss: 22.900402069091797; val_CER: 0.9452522397041321; val_WER: 1.0; val_val_char_f1: 0.020111728459596634
2025-07-29 11:51:24,157 - root - INFO - Epoch 65; loss: 12.194193840026855; CER: 0.923213005065918; WER: 1.0; val_char_f1: 0.04585152119398117; val_loss: 23.660438537597656; val_CER: 0.9612619876861572; val_WER: 1.0; val_val_char_f1: 0.017877090722322464
2025-07-29 11:51:30,336 - root - INFO - Epoch 66; loss: 11.769834518432617; CER: 0.9140681028366089; WER: 1.0; val_char_f1: 0.047762006521224976; val_loss: 23.254863739013672; val_CER: 0.9561308026313782; val_WER: 1.0; val_val_char_f1: 0.020111728459596634
2025-07-29 11:51:36,191 - root - INFO - Epoch 67; loss: 11.42268180847168; CER: 0.918158769607544; WER: 1.0; val_char_f1: 0.047762006521224976; val_loss: 23.89288330078125; val_CER: 0.9472021460533142; val_WER: 1.0; val_val_char_f1: 0.02122904732823372
2025-07-29 11:51:41,986 - root - INFO - Epoch 68; loss: 11.096124649047852; CER: 0.9130168557167053; WER: 1.0; val_char_f1: 0.0499454103410244; val_loss: 23.864946365356445; val_CER: 0.9614161849021912; val_WER: 1.0; val_val_char_f1: 0.01899440959095955
2025-07-29 11:51:47,778 - root - INFO - Epoch 69; loss: 10.938267707824707; CER: 0.9182374477386475; WER: 1.0; val_char_f1: 0.04939955472946167; val_loss: 24.90165138244629; val_CER: 0.9529494047164917; val_WER: 1.0; val_val_char_f1: 0.01899440959095955
2025-07-29 11:51:53,480 - root - INFO - Epoch 70; loss: 11.396369934082031; CER: 0.9159245491027832; WER: 1.0; val_char_f1: 0.04694322496652603; val_loss: 24.4240665435791; val_CER: 0.9551558494567871; val_WER: 1.0; val_val_char_f1: 0.02122904732823372
2025-07-29 11:51:59,247 - root - INFO - Epoch 71; loss: 11.10922908782959; CER: 0.9161011576652527; WER: 1.0; val_char_f1: 0.04721615090966225; val_loss: 25.10818862915039; val_CER: 0.9421221613883972; val_WER: 1.0; val_val_char_f1: 0.033519551157951355
2025-07-29 11:52:05,116 - root - INFO - Epoch 72; loss: 10.22491455078125; CER: 0.9112597107887268; WER: 1.0; val_char_f1: 0.050764188170433044; val_loss: 25.75333595275879; val_CER: 0.9689038395881653; val_WER: 1.0; val_val_char_f1: 0.017877090722322464
2025-07-29 11:52:11,088 - root - INFO - Epoch 73; loss: 9.743000030517578; CER: 0.9205178022384644; WER: 1.0; val_char_f1: 0.05103711038827896; val_loss: 26.629276275634766; val_CER: 0.960543692111969; val_WER: 1.0; val_val_char_f1: 0.015642452985048294
2025-07-29 11:52:17,088 - root - INFO - Epoch 74; loss: 9.232166290283203; CER: 0.915132462978363; WER: 1.0; val_char_f1: 0.054312221705913544; val_loss: 26.821701049804688; val_CER: 0.9591583013534546; val_WER: 1.0; val_val_char_f1: 0.024581000208854675
2025-07-29 11:52:22,670 - root - INFO - Epoch 75; loss: 9.052713394165039; CER: 0.9131224751472473; WER: 1.0; val_char_f1: 0.052401743829250336; val_loss: 27.282438278198242; val_CER: 0.9544886946678162; val_WER: 1.0; val_val_char_f1: 0.026815637946128845
2025-07-29 11:52:28,706 - root - INFO - Epoch 76; loss: 8.75633430480957; CER: 0.9178905487060547; WER: 1.0; val_char_f1: 0.054858073592185974; val_loss: 27.855327606201172; val_CER: 0.9628015756607056; val_WER: 1.0; val_val_char_f1: 0.015642452985048294
2025-07-29 11:52:34,505 - root - INFO - Epoch 77; loss: 8.381972312927246; CER: 0.9112467169761658; WER: 1.0; val_char_f1: 0.05458514019846916; val_loss: 28.311830520629883; val_CER: 0.956028163433075; val_WER: 1.0; val_val_char_f1: 0.022346362471580505
2025-07-29 11:52:40,048 - root - INFO - Epoch 78; loss: 9.040487289428711; CER: 0.9184461832046509; WER: 1.0; val_char_f1: 0.052128810435533524; val_loss: 28.619945526123047; val_CER: 0.9456114172935486; val_WER: 1.0; val_val_char_f1: 0.02793295681476593
2025-07-29 11:52:45,799 - root - INFO - Epoch 79; loss: 11.182806015014648; CER: 0.9204463958740234; WER: 1.0; val_char_f1: 0.046670299023389816; val_loss: 27.824098587036133; val_CER: 0.9528941512107849; val_WER: 1.0; val_val_char_f1: 0.013407815247774124
2025-07-29 11:52:51,766 - root - INFO - Epoch 80; loss: 9.209382057189941; CER: 0.9194806814193726; WER: 1.0; val_char_f1: 0.05049125850200653; val_loss: 28.059179306030273; val_CER: 0.9531505703926086; val_WER: 1.0; val_val_char_f1: 0.02122904732823372
2025-07-29 11:52:57,380 - root - INFO - Epoch 81; loss: 7.8128204345703125; CER: 0.9090270400047302; WER: 1.0; val_char_f1: 0.05458514019846916; val_loss: 28.58675193786621; val_CER: 0.9585424661636353; val_WER: 1.0; val_val_char_f1: 0.029050275683403015
2025-07-29 11:53:03,398 - root - INFO - Epoch 82; loss: 6.989046573638916; CER: 0.9092975854873657; WER: 1.0; val_char_f1: 0.05622269958257675; val_loss: 29.508987426757812; val_CER: 0.9633621573448181; val_WER: 1.0; val_val_char_f1: 0.020111728459596634
2025-07-29 11:53:09,254 - root - INFO - Epoch 83; loss: 6.3757171630859375; CER: 0.9084184169769287; WER: 1.0; val_char_f1: 0.05867903679609299; val_loss: 30.77537727355957; val_CER: 0.960646390914917; val_WER: 1.0; val_val_char_f1: 0.02346368134021759
2025-07-29 11:53:15,047 - root - INFO - Epoch 84; loss: 5.838631629943848; CER: 0.9141404032707214; WER: 1.0; val_char_f1: 0.05867903679609299; val_loss: 31.812091827392578; val_CER: 0.9644949436187744; val_WER: 1.0; val_val_char_f1: 0.01675977185368538
2025-07-29 11:53:21,069 - root - INFO - Epoch 85; loss: 5.435929298400879; CER: 0.9117327332496643; WER: 1.0; val_char_f1: 0.060043662786483765; val_loss: 32.58352279663086; val_CER: 0.9603385329246521; val_WER: 1.0; val_val_char_f1: 0.02122904732823372
2025-07-29 11:53:26,744 - root - INFO - Epoch 86; loss: 5.113119602203369; CER: 0.9178431034088135; WER: 1.0; val_char_f1: 0.058951959013938904; val_loss: 33.678497314453125; val_CER: 0.962185800075531; val_WER: 1.0; val_val_char_f1: 0.01675977185368538
2025-07-29 11:53:33,185 - root - INFO - Epoch 87; loss: 4.870833396911621; CER: 0.9148893356323242; WER: 1.0; val_char_f1: 0.06031658500432968; val_loss: 33.91074752807617; val_CER: 0.9613094925880432; val_WER: 1.0; val_val_char_f1: 0.01675977185368538
2025-07-29 11:53:38,903 - root - INFO - Epoch 88; loss: 4.61562967300415; CER: 0.9232648611068726; WER: 1.0; val_char_f1: 0.057587333023548126; val_loss: 35.49789047241211; val_CER: 0.9634686708450317; val_WER: 1.0; val_val_char_f1: 0.012290498241782188
2025-07-29 11:53:44,951 - root - INFO - Epoch 89; loss: 4.270973205566406; CER: 0.9145810604095459; WER: 1.0; val_char_f1: 0.061135366559028625; val_loss: 35.925106048583984; val_CER: 0.959000289440155; val_WER: 1.0; val_val_char_f1: 0.022346362471580505
2025-07-29 11:53:50,939 - root - INFO - Epoch 90; loss: 3.731400489807129; CER: 0.9150115847587585; WER: 1.0; val_char_f1: 0.0625; val_loss: 36.892154693603516; val_CER: 0.9617753624916077; val_WER: 1.0; val_val_char_f1: 0.022346362471580505
2025-07-29 11:53:56,681 - root - INFO - Epoch 91; loss: 3.544724941253662; CER: 0.915962278842926; WER: 1.0; val_char_f1: 0.0625; val_loss: 36.92743682861328; val_CER: 0.9604924321174622; val_WER: 1.0; val_val_char_f1: 0.022346362471580505
2025-07-29 11:54:02,424 - root - INFO - Epoch 92; loss: 3.4236936569213867; CER: 0.9139485955238342; WER: 1.0; val_char_f1: 0.0625; val_loss: 38.04045486450195; val_CER: 0.9543347954750061; val_WER: 1.0; val_val_char_f1: 0.010055860504508018
2025-07-29 11:54:08,475 - root - INFO - Epoch 93; loss: 3.1922965049743652; CER: 0.9188703894615173; WER: 1.0; val_char_f1: 0.06277291476726532; val_loss: 38.629032135009766; val_CER: 0.9542281627655029; val_WER: 1.0; val_val_char_f1: 0.020111728459596634
2025-07-29 11:54:14,803 - root - INFO - Epoch 94; loss: 3.1432347297668457; CER: 0.914764940738678; WER: 1.0; val_char_f1: 0.06386461853981018; val_loss: 37.715545654296875; val_CER: 0.9610530138015747; val_WER: 1.0; val_val_char_f1: 0.03240223228931427
2025-07-29 11:54:20,614 - root - INFO - Epoch 95; loss: 2.8329105377197266; CER: 0.9153246283531189; WER: 1.0; val_char_f1: 0.06277291476726532; val_loss: 38.50246810913086; val_CER: 0.9629554748535156; val_WER: 1.0; val_val_char_f1: 0.031284913420677185
2025-07-29 11:54:26,131 - root - INFO - Epoch 96; loss: 2.3933897018432617; CER: 0.910908043384552; WER: 1.0; val_char_f1: 0.0625; val_loss: 39.87025451660156; val_CER: 0.954796552658081; val_WER: 1.0; val_val_char_f1: 0.024581000208854675
2025-07-29 11:54:32,020 - root - INFO - Epoch 97; loss: 2.2176523208618164; CER: 0.910813570022583; WER: 1.0; val_char_f1: 0.06359170377254486; val_loss: 41.195701599121094; val_CER: 0.9633146524429321; val_WER: 1.0; val_val_char_f1: 0.02346368134021759
2025-07-29 11:54:37,797 - root - INFO - Epoch 98; loss: 2.165044069290161; CER: 0.919818103313446; WER: 1.0; val_char_f1: 0.06331877410411835; val_loss: 42.625267028808594; val_CER: 0.9560281038284302; val_WER: 1.0; val_val_char_f1: 0.02793295681476593
2025-07-29 11:54:43,630 - root - INFO - Epoch 99; loss: 1.9081110954284668; CER: 0.9136244058609009; WER: 1.0; val_char_f1: 0.06441047787666321; val_loss: 42.444618225097656; val_CER: 0.9557203054428101; val_WER: 1.0; val_val_char_f1: 0.02122904732823372
2025-07-29 11:54:49,483 - root - INFO - Epoch 100; loss: 1.6371169090270996; CER: 0.9122748374938965; WER: 1.0; val_char_f1: 0.06441047787666321; val_loss: 44.646175384521484; val_CER: 0.955459713935852; val_WER: 1.0; val_val_char_f1: 0.01675977185368538
2025-07-29 11:54:55,540 - root - INFO - Epoch 101; loss: 1.5587022304534912; CER: 0.9172608256340027; WER: 1.0; val_char_f1: 0.06468340754508972; val_loss: 44.44620895385742; val_CER: 0.959260880947113; val_WER: 1.0; val_val_char_f1: 0.015642452985048294
2025-07-29 11:55:01,504 - root - INFO - Epoch 102; loss: 1.531733512878418; CER: 0.9145215153694153; WER: 1.0; val_char_f1: 0.06495632231235504; val_loss: 43.78288650512695; val_CER: 0.9592608213424683; val_WER: 1.0; val_val_char_f1: 0.020111728459596634
2025-07-29 11:55:07,330 - root - INFO - Epoch 103; loss: 1.295953631401062; CER: 0.9192545413970947; WER: 1.0; val_char_f1: 0.06304584443569183; val_loss: 45.28963851928711; val_CER: 0.9587476849555969; val_WER: 1.0; val_val_char_f1: 0.024581000208854675
2025-07-29 11:55:13,311 - root - INFO - Epoch 104; loss: 1.0210886001586914; CER: 0.9110816121101379; WER: 1.0; val_char_f1: 0.06577511131763458; val_loss: 45.22500228881836; val_CER: 0.9569517970085144; val_WER: 1.0; val_val_char_f1: 0.024581000208854675
2025-07-29 11:55:19,042 - root - INFO - Epoch 105; loss: 0.7896974682807922; CER: 0.9146167039871216; WER: 1.0; val_char_f1: 0.06550218164920807; val_loss: 47.58243942260742; val_CER: 0.9534110426902771; val_WER: 1.0; val_val_char_f1: 0.017877090722322464
2025-07-29 11:55:25,102 - root - INFO - Epoch 106; loss: 0.6463795304298401; CER: 0.9091120362281799; WER: 1.0; val_char_f1: 0.06632095575332642; val_loss: 46.62897491455078; val_CER: 0.9592609405517578; val_WER: 1.0; val_val_char_f1: 0.013407815247774124
2025-07-29 11:55:30,602 - root - INFO - Epoch 107; loss: 0.5648773908615112; CER: 0.9141523838043213; WER: 1.0; val_char_f1: 0.06495632231235504; val_loss: 47.928672790527344; val_CER: 0.9581833481788635; val_WER: 1.0; val_val_char_f1: 0.024581000208854675
2025-07-29 11:55:36,573 - root - INFO - Epoch 108; loss: 0.5206040740013123; CER: 0.9122308492660522; WER: 1.0; val_char_f1: 0.06495632231235504; val_loss: 47.783905029296875; val_CER: 0.9604924321174622; val_WER: 1.0; val_val_char_f1: 0.01899440959095955
2025-07-29 11:55:42,437 - root - INFO - Epoch 109; loss: 0.4593393802642822; CER: 0.9122711420059204; WER: 1.0; val_char_f1: 0.06577511131763458; val_loss: 48.661380767822266; val_CER: 0.9567978978157043; val_WER: 1.0; val_val_char_f1: 0.02346368134021759
2025-07-29 11:55:48,207 - root - INFO - Epoch 110; loss: 0.4005333185195923; CER: 0.9113333821296692; WER: 1.0; val_char_f1: 0.06468340754508972; val_loss: 48.858673095703125; val_CER: 0.9534111618995667; val_WER: 1.0; val_val_char_f1: 0.026815637946128845
2025-07-29 11:55:53,849 - root - INFO - Epoch 111; loss: 0.3594913184642792; CER: 0.9097715616226196; WER: 1.0; val_char_f1: 0.06577511131763458; val_loss: 49.789398193359375; val_CER: 0.959260880947113; val_WER: 1.0; val_val_char_f1: 0.020111728459596634
2025-07-29 11:55:59,614 - root - INFO - Epoch 112; loss: 0.3301362097263336; CER: 0.9103218913078308; WER: 1.0; val_char_f1: 0.06577511131763458; val_loss: 49.85834884643555; val_CER: 0.9567978978157043; val_WER: 1.0; val_val_char_f1: 0.01899440959095955
2025-07-29 11:56:06,156 - root - INFO - Epoch 113; loss: 0.29532390832901; CER: 0.9088164567947388; WER: 1.0; val_char_f1: 0.06468340754508972; val_loss: 50.77635192871094; val_CER: 0.9566438794136047; val_WER: 1.0; val_val_char_f1: 0.022346362471580505
2025-07-29 11:56:11,902 - root - INFO - Epoch 114; loss: 0.2693570852279663; CER: 0.9120457768440247; WER: 1.0; val_char_f1: 0.06441047787666321; val_loss: 50.915645599365234; val_CER: 0.9567978382110596; val_WER: 1.0; val_val_char_f1: 0.02346368134021759
2025-07-29 11:56:17,684 - root - INFO - Epoch 115; loss: 0.26998722553253174; CER: 0.9096977710723877; WER: 1.0; val_char_f1: 0.06495632231235504; val_loss: 51.55350112915039; val_CER: 0.9576702117919922; val_WER: 1.0; val_val_char_f1: 0.01675977185368538
2025-07-29 11:56:23,216 - root - INFO - Epoch 116; loss: 0.2475343495607376; CER: 0.910228967666626; WER: 1.0; val_char_f1: 0.06577511131763458; val_loss: 51.49668884277344; val_CER: 0.9591069221496582; val_WER: 1.0; val_val_char_f1: 0.02122904732823372
2025-07-29 11:56:29,048 - root - INFO - Epoch 117; loss: 0.43100830912590027; CER: 0.9091297388076782; WER: 1.0; val_char_f1: 0.06550218164920807; val_loss: 52.36264419555664; val_CER: 0.9530519247055054; val_WER: 1.0; val_val_char_f1: 0.026815637946128845
2025-07-29 11:56:34,832 - root - INFO - Epoch 118; loss: 3.9713151454925537; CER: 0.9120991230010986; WER: 1.0; val_char_f1: 0.061135366559028625; val_loss: 52.588985443115234; val_CER: 0.9566400051116943; val_WER: 1.0; val_val_char_f1: 0.020111728459596634
2025-07-29 11:56:40,578 - root - INFO - Epoch 119; loss: 15.334842681884766; CER: 0.9331700205802917; WER: 1.0; val_char_f1: 0.046124450862407684; val_loss: 39.48025131225586; val_CER: 0.9587438702583313; val_WER: 1.0; val_val_char_f1: 0.01675977185368538
2025-07-29 11:56:46,335 - root - INFO - Epoch 120; loss: 10.214570999145508; CER: 0.9219852685928345; WER: 1.0; val_char_f1: 0.04803492873907089; val_loss: 37.37931823730469; val_CER: 0.9618739485740662; val_WER: 1.0; val_val_char_f1: 0.02346368134021759
2025-07-29 11:56:51,870 - root - INFO - Epoch 121; loss: 5.51309061050415; CER: 0.9176833033561707; WER: 1.0; val_char_f1: 0.055949777364730835; val_loss: 39.20629119873047; val_CER: 0.9679803252220154; val_WER: 1.0; val_val_char_f1: 0.024581000208854675
2025-07-29 11:56:54,228 - tf2onnx.tfonnx - INFO - Using tensorflow=2.10.0, onnx=1.12.0, tf2onnx=1.14.0/8f8d49
2025-07-29 11:56:54,228 - tf2onnx.tfonnx - INFO - Using opset <onnx, 15>
2025-07-29 11:56:54,369 - tf2onnx.tf_utils - INFO - Computed 0 values for constant folding
2025-07-29 11:56:54,372 - tf2onnx.tf_utils - INFO - Computed 0 values for constant folding
2025-07-29 11:56:54,379 - tf2onnx.tf_utils - INFO - Computed 0 values for constant folding
2025-07-29 11:56:54,382 - tf2onnx.tf_utils - INFO - Computed 0 values for constant folding
2025-07-29 11:56:54,387 - tf2onnx.tf_utils - INFO - Computed 0 values for constant folding
2025-07-29 11:56:54,391 - tf2onnx.tf_utils - INFO - Computed 0 values for constant folding
2025-07-29 11:56:54,393 - tf2onnx.tf_utils - INFO - Computed 0 values for constant folding
2025-07-29 11:56:54,395 - tf2onnx.tf_utils - INFO - Computed 0 values for constant folding
2025-07-29 11:56:54,508 - tf2onnx.tf_utils - INFO - Computed 2 values for constant folding
2025-07-29 11:56:54,607 - tf2onnx.tfonnx - INFO - folding node using tf type=StridedSlice, name=model/bidirectional/forward_lstm/PartitionedCall/strided_slice
2025-07-29 11:56:54,608 - tf2onnx.tfonnx - INFO - folding node using tf type=StridedSlice, name=model/bidirectional/backward_lstm/PartitionedCall/strided_slice
2025-07-29 11:56:54,812 - tf2onnx.optimizer - INFO - Optimizing ONNX model
2025-07-29 11:56:55,736 - tf2onnx.optimizer - INFO - After optimization: BatchNormalization -29 (29->0), Cast -15 (24->9), Concat -12 (21->9), Const -227 (317->90), Expand -6 (8->2), Gather +1 (4->5), GlobalAveragePool +2 (0->2), Identity -2 (2->0), ReduceMean -2 (2->0), ReduceProd -2 (4->2), Reshape +1 (7->8), Shape -5 (9->4), Slice -5 (11->6), Squeeze -5 (11->6), Transpose -117 (122->5), Unsqueeze -35 (39->4)
